[0.493s] Invoking command in '/home/jackfeels/Documents/PROYECTO_TURTLEBOT/src/person_tracker': CMAKE_PREFIX_PATH=/home/jackfeels/Documents/PROYECTO_TURTLEBOT/install/tb3_interfaces:${CMAKE_PREFIX_PATH} LD_LIBRARY_PATH=/home/jackfeels/Documents/PROYECTO_TURTLEBOT/install/tb3_interfaces/lib:${LD_LIBRARY_PATH} PKG_CONFIG_PATH=/home/jackfeels/Documents/PROYECTO_TURTLEBOT/install/tb3_interfaces/lib/aarch64-linux-gnu/pkgconfig:/home/jackfeels/Documents/PROYECTO_TURTLEBOT/install/tb3_interfaces/lib/pkgconfig PYTHONPATH=/home/jackfeels/Documents/PROYECTO_TURTLEBOT/build/person_tracker/prefix_override:/usr/lib/python3/dist-packages/colcon_core/task/python/colcon_distutils_commands:/home/jackfeels/Documents/PROYECTO_TURTLEBOT/install/person_tracker/lib/python3.10/site-packages:/home/jackfeels/Documents/PROYECTO_TURTLEBOT/install/tb3_interfaces/local/lib/python3.10/dist-packages:${PYTHONPATH} ROS_PACKAGE_PATH=/home/jackfeels/Documents/PROYECTO_TURTLEBOT/install/tb3_interfaces/share /usr/bin/python3 -W ignore:setup.py install is deprecated -W ignore:easy_install command is deprecated setup.py egg_info --egg-base ../../build/person_tracker build --build-base /home/jackfeels/Documents/PROYECTO_TURTLEBOT/build/person_tracker/build install --record /home/jackfeels/Documents/PROYECTO_TURTLEBOT/build/person_tracker/install.log --single-version-externally-managed install_data
[0.635s] running egg_info
[0.642s] writing ../../build/person_tracker/person_tracker.egg-info/PKG-INFO
[0.643s] writing dependency_links to ../../build/person_tracker/person_tracker.egg-info/dependency_links.txt
[0.644s] writing entry points to ../../build/person_tracker/person_tracker.egg-info/entry_points.txt
[0.645s] writing requirements to ../../build/person_tracker/person_tracker.egg-info/requires.txt
[0.645s] writing top-level names to ../../build/person_tracker/person_tracker.egg-info/top_level.txt
[0.661s] reading manifest file '../../build/person_tracker/person_tracker.egg-info/SOURCES.txt'
[0.662s] writing manifest file '../../build/person_tracker/person_tracker.egg-info/SOURCES.txt'
[0.662s] running build
[0.662s] running build_py
[0.663s] copying person_tracker/__init__.py -> /home/jackfeels/Documents/PROYECTO_TURTLEBOT/build/person_tracker/build/lib/person_tracker
[0.663s] copying person_tracker/person_tracker_node.py -> /home/jackfeels/Documents/PROYECTO_TURTLEBOT/build/person_tracker/build/lib/person_tracker
[0.664s] running install
[0.667s] running install_lib
[0.676s] running install_data
[0.676s] copying resource/person_tracker -> /home/jackfeels/Documents/PROYECTO_TURTLEBOT/install/person_tracker/share/ament_index/resource_index/packages
[0.676s] copying package.xml -> /home/jackfeels/Documents/PROYECTO_TURTLEBOT/install/person_tracker/share/person_tracker
[0.677s] running install_egg_info
[0.686s] removing '/home/jackfeels/Documents/PROYECTO_TURTLEBOT/install/person_tracker/lib/python3.10/site-packages/person_tracker-0.0.1-py3.10.egg-info' (and everything under it)
[0.687s] Copying ../../build/person_tracker/person_tracker.egg-info to /home/jackfeels/Documents/PROYECTO_TURTLEBOT/install/person_tracker/lib/python3.10/site-packages/person_tracker-0.0.1-py3.10.egg-info
[0.690s] running install_scripts
[0.708s] Installing person_tracker_node script to /home/jackfeels/Documents/PROYECTO_TURTLEBOT/install/person_tracker/lib/person_tracker
[0.709s] writing list of installed files to '/home/jackfeels/Documents/PROYECTO_TURTLEBOT/build/person_tracker/install.log'
[0.727s] Invoked command in '/home/jackfeels/Documents/PROYECTO_TURTLEBOT/src/person_tracker' returned '0': CMAKE_PREFIX_PATH=/home/jackfeels/Documents/PROYECTO_TURTLEBOT/install/tb3_interfaces:${CMAKE_PREFIX_PATH} LD_LIBRARY_PATH=/home/jackfeels/Documents/PROYECTO_TURTLEBOT/install/tb3_interfaces/lib:${LD_LIBRARY_PATH} PKG_CONFIG_PATH=/home/jackfeels/Documents/PROYECTO_TURTLEBOT/install/tb3_interfaces/lib/aarch64-linux-gnu/pkgconfig:/home/jackfeels/Documents/PROYECTO_TURTLEBOT/install/tb3_interfaces/lib/pkgconfig PYTHONPATH=/home/jackfeels/Documents/PROYECTO_TURTLEBOT/build/person_tracker/prefix_override:/usr/lib/python3/dist-packages/colcon_core/task/python/colcon_distutils_commands:/home/jackfeels/Documents/PROYECTO_TURTLEBOT/install/person_tracker/lib/python3.10/site-packages:/home/jackfeels/Documents/PROYECTO_TURTLEBOT/install/tb3_interfaces/local/lib/python3.10/dist-packages:${PYTHONPATH} ROS_PACKAGE_PATH=/home/jackfeels/Documents/PROYECTO_TURTLEBOT/install/tb3_interfaces/share /usr/bin/python3 -W ignore:setup.py install is deprecated -W ignore:easy_install command is deprecated setup.py egg_info --egg-base ../../build/person_tracker build --build-base /home/jackfeels/Documents/PROYECTO_TURTLEBOT/build/person_tracker/build install --record /home/jackfeels/Documents/PROYECTO_TURTLEBOT/build/person_tracker/install.log --single-version-externally-managed install_data
