[0.052s] DEBUG:colcon:Command line arguments: ['/usr/bin/colcon', 'build']
[0.052s] DEBUG:colcon:Parsed command line arguments: Namespace(log_base=None, log_level=None, verb_name='build', build_base='build', install_base='install', merge_install=False, symlink_install=False, test_result_base=None, continue_on_error=False, executor='parallel', parallel_workers=4, event_handlers=None, ignore_user_meta=False, metas=['./colcon.meta'], base_paths=['.'], packages_ignore=None, packages_ignore_regex=None, paths=None, packages_up_to=None, packages_up_to_regex=None, packages_above=None, packages_above_and_dependencies=None, packages_above_depth=None, packages_select_by_dep=None, packages_skip_by_dep=None, packages_skip_up_to=None, packages_select_build_failed=False, packages_skip_build_finished=False, packages_select_test_failures=False, packages_skip_test_passed=False, packages_select=None, packages_skip=None, packages_select_regex=None, packages_skip_regex=None, packages_start=None, packages_end=None, allow_overriding=[], cmake_args=None, cmake_target=None, cmake_target_skip_unavailable=False, cmake_clean_cache=False, cmake_clean_first=False, cmake_force_configure=False, ament_cmake_args=None, catkin_cmake_args=None, catkin_skip_building_tests=False, verb_parser=<colcon_defaults.argument_parser.defaults.DefaultArgumentsDecorator object at 0xffff8cd66bc0>, verb_extension=<colcon_core.verb.build.BuildVerb object at 0xffff8cf3c640>, main=<bound method BuildVerb.main of <colcon_core.verb.build.BuildVerb object at 0xffff8cf3c640>>)
[0.074s] Level 1:colcon.colcon_core.package_discovery:discover_packages(colcon_meta) check parameters
[0.075s] Level 1:colcon.colcon_core.package_discovery:discover_packages(recursive) check parameters
[0.075s] Level 1:colcon.colcon_core.package_discovery:discover_packages(ignore) check parameters
[0.075s] Level 1:colcon.colcon_core.package_discovery:discover_packages(path) check parameters
[0.075s] Level 1:colcon.colcon_core.package_discovery:discover_packages(colcon_meta) discover
[0.075s] Level 1:colcon.colcon_core.package_discovery:discover_packages(recursive) discover
[0.075s] INFO:colcon.colcon_core.package_discovery:Crawling recursively for packages in '/home/jackfeels/Documents/PROYECTO_TURTLEBOT'
[0.075s] Level 1:colcon.colcon_core.package_identification:_identify(.) by extensions ['ignore', 'ignore_ament_install']
[0.075s] Level 1:colcon.colcon_core.package_identification:_identify(.) by extension 'ignore'
[0.075s] Level 1:colcon.colcon_core.package_identification:_identify(.) by extension 'ignore_ament_install'
[0.075s] Level 1:colcon.colcon_core.package_identification:_identify(.) by extensions ['colcon_pkg']
[0.075s] Level 1:colcon.colcon_core.package_identification:_identify(.) by extension 'colcon_pkg'
[0.075s] Level 1:colcon.colcon_core.package_identification:_identify(.) by extensions ['colcon_meta']
[0.075s] Level 1:colcon.colcon_core.package_identification:_identify(.) by extension 'colcon_meta'
[0.075s] Level 1:colcon.colcon_core.package_identification:_identify(.) by extensions ['ros']
[0.075s] Level 1:colcon.colcon_core.package_identification:_identify(.) by extension 'ros'
[0.083s] Level 1:colcon.colcon_core.package_identification:_identify(.) by extensions ['cmake', 'python']
[0.083s] Level 1:colcon.colcon_core.package_identification:_identify(.) by extension 'cmake'
[0.083s] Level 1:colcon.colcon_core.package_identification:_identify(.) by extension 'python'
[0.083s] Level 1:colcon.colcon_core.package_identification:_identify(.) by extensions ['python_setup_py']
[0.083s] Level 1:colcon.colcon_core.package_identification:_identify(.) by extension 'python_setup_py'
[0.083s] Level 1:colcon.colcon_core.package_identification:_identify(build) by extensions ['ignore', 'ignore_ament_install']
[0.083s] Level 1:colcon.colcon_core.package_identification:_identify(build) by extension 'ignore'
[0.083s] Level 1:colcon.colcon_core.package_identification:_identify(build) ignored
[0.083s] Level 1:colcon.colcon_core.package_identification:_identify(install) by extensions ['ignore', 'ignore_ament_install']
[0.083s] Level 1:colcon.colcon_core.package_identification:_identify(install) by extension 'ignore'
[0.083s] Level 1:colcon.colcon_core.package_identification:_identify(install) ignored
[0.083s] Level 1:colcon.colcon_core.package_identification:_identify(log) by extensions ['ignore', 'ignore_ament_install']
[0.083s] Level 1:colcon.colcon_core.package_identification:_identify(log) by extension 'ignore'
[0.083s] Level 1:colcon.colcon_core.package_identification:_identify(log) ignored
[0.083s] Level 1:colcon.colcon_core.package_identification:_identify(src) by extensions ['ignore', 'ignore_ament_install']
[0.083s] Level 1:colcon.colcon_core.package_identification:_identify(src) by extension 'ignore'
[0.083s] Level 1:colcon.colcon_core.package_identification:_identify(src) by extension 'ignore_ament_install'
[0.083s] Level 1:colcon.colcon_core.package_identification:_identify(src) by extensions ['colcon_pkg']
[0.083s] Level 1:colcon.colcon_core.package_identification:_identify(src) by extension 'colcon_pkg'
[0.083s] Level 1:colcon.colcon_core.package_identification:_identify(src) by extensions ['colcon_meta']
[0.083s] Level 1:colcon.colcon_core.package_identification:_identify(src) by extension 'colcon_meta'
[0.083s] Level 1:colcon.colcon_core.package_identification:_identify(src) by extensions ['ros']
[0.083s] Level 1:colcon.colcon_core.package_identification:_identify(src) by extension 'ros'
[0.083s] Level 1:colcon.colcon_core.package_identification:_identify(src) by extensions ['cmake', 'python']
[0.083s] Level 1:colcon.colcon_core.package_identification:_identify(src) by extension 'cmake'
[0.083s] Level 1:colcon.colcon_core.package_identification:_identify(src) by extension 'python'
[0.083s] Level 1:colcon.colcon_core.package_identification:_identify(src) by extensions ['python_setup_py']
[0.083s] Level 1:colcon.colcon_core.package_identification:_identify(src) by extension 'python_setup_py'
[0.083s] Level 1:colcon.colcon_core.package_identification:_identify(src/debug_visualizer) by extensions ['ignore', 'ignore_ament_install']
[0.084s] Level 1:colcon.colcon_core.package_identification:_identify(src/debug_visualizer) by extension 'ignore'
[0.084s] Level 1:colcon.colcon_core.package_identification:_identify(src/debug_visualizer) by extension 'ignore_ament_install'
[0.084s] Level 1:colcon.colcon_core.package_identification:_identify(src/debug_visualizer) by extensions ['colcon_pkg']
[0.084s] Level 1:colcon.colcon_core.package_identification:_identify(src/debug_visualizer) by extension 'colcon_pkg'
[0.084s] Level 1:colcon.colcon_core.package_identification:_identify(src/debug_visualizer) by extensions ['colcon_meta']
[0.084s] Level 1:colcon.colcon_core.package_identification:_identify(src/debug_visualizer) by extension 'colcon_meta'
[0.084s] Level 1:colcon.colcon_core.package_identification:_identify(src/debug_visualizer) by extensions ['ros']
[0.084s] Level 1:colcon.colcon_core.package_identification:_identify(src/debug_visualizer) by extension 'ros'
[0.085s] DEBUG:colcon.colcon_core.package_identification:Package 'src/debug_visualizer' with type 'ros.ament_python' and name 'debug_visualizer'
[0.085s] Level 1:colcon.colcon_core.package_identification:_identify(src/follow_controller) by extensions ['ignore', 'ignore_ament_install']
[0.085s] Level 1:colcon.colcon_core.package_identification:_identify(src/follow_controller) by extension 'ignore'
[0.085s] Level 1:colcon.colcon_core.package_identification:_identify(src/follow_controller) by extension 'ignore_ament_install'
[0.085s] Level 1:colcon.colcon_core.package_identification:_identify(src/follow_controller) by extensions ['colcon_pkg']
[0.085s] Level 1:colcon.colcon_core.package_identification:_identify(src/follow_controller) by extension 'colcon_pkg'
[0.085s] Level 1:colcon.colcon_core.package_identification:_identify(src/follow_controller) by extensions ['colcon_meta']
[0.085s] Level 1:colcon.colcon_core.package_identification:_identify(src/follow_controller) by extension 'colcon_meta'
[0.085s] Level 1:colcon.colcon_core.package_identification:_identify(src/follow_controller) by extensions ['ros']
[0.085s] Level 1:colcon.colcon_core.package_identification:_identify(src/follow_controller) by extension 'ros'
[0.086s] DEBUG:colcon.colcon_core.package_identification:Package 'src/follow_controller' with type 'ros.ament_python' and name 'follow_controller'
[0.086s] Level 1:colcon.colcon_core.package_identification:_identify(src/gesture_detector) by extensions ['ignore', 'ignore_ament_install']
[0.086s] Level 1:colcon.colcon_core.package_identification:_identify(src/gesture_detector) by extension 'ignore'
[0.086s] Level 1:colcon.colcon_core.package_identification:_identify(src/gesture_detector) by extension 'ignore_ament_install'
[0.086s] Level 1:colcon.colcon_core.package_identification:_identify(src/gesture_detector) by extensions ['colcon_pkg']
[0.086s] Level 1:colcon.colcon_core.package_identification:_identify(src/gesture_detector) by extension 'colcon_pkg'
[0.086s] Level 1:colcon.colcon_core.package_identification:_identify(src/gesture_detector) by extensions ['colcon_meta']
[0.086s] Level 1:colcon.colcon_core.package_identification:_identify(src/gesture_detector) by extension 'colcon_meta'
[0.086s] Level 1:colcon.colcon_core.package_identification:_identify(src/gesture_detector) by extensions ['ros']
[0.086s] Level 1:colcon.colcon_core.package_identification:_identify(src/gesture_detector) by extension 'ros'
[0.086s] DEBUG:colcon.colcon_core.package_identification:Package 'src/gesture_detector' with type 'ros.ament_python' and name 'gesture_detector'
[0.086s] Level 1:colcon.colcon_core.package_identification:_identify(src/person_tracker) by extensions ['ignore', 'ignore_ament_install']
[0.086s] Level 1:colcon.colcon_core.package_identification:_identify(src/person_tracker) by extension 'ignore'
[0.086s] Level 1:colcon.colcon_core.package_identification:_identify(src/person_tracker) by extension 'ignore_ament_install'
[0.086s] Level 1:colcon.colcon_core.package_identification:_identify(src/person_tracker) by extensions ['colcon_pkg']
[0.086s] Level 1:colcon.colcon_core.package_identification:_identify(src/person_tracker) by extension 'colcon_pkg'
[0.086s] Level 1:colcon.colcon_core.package_identification:_identify(src/person_tracker) by extensions ['colcon_meta']
[0.086s] Level 1:colcon.colcon_core.package_identification:_identify(src/person_tracker) by extension 'colcon_meta'
[0.087s] Level 1:colcon.colcon_core.package_identification:_identify(src/person_tracker) by extensions ['ros']
[0.087s] Level 1:colcon.colcon_core.package_identification:_identify(src/person_tracker) by extension 'ros'
[0.087s] DEBUG:colcon.colcon_core.package_identification:Package 'src/person_tracker' with type 'ros.ament_python' and name 'person_tracker'
[0.087s] Level 1:colcon.colcon_core.package_identification:_identify(src/target_selector) by extensions ['ignore', 'ignore_ament_install']
[0.087s] Level 1:colcon.colcon_core.package_identification:_identify(src/target_selector) by extension 'ignore'
[0.087s] Level 1:colcon.colcon_core.package_identification:_identify(src/target_selector) by extension 'ignore_ament_install'
[0.087s] Level 1:colcon.colcon_core.package_identification:_identify(src/target_selector) by extensions ['colcon_pkg']
[0.087s] Level 1:colcon.colcon_core.package_identification:_identify(src/target_selector) by extension 'colcon_pkg'
[0.087s] Level 1:colcon.colcon_core.package_identification:_identify(src/target_selector) by extensions ['colcon_meta']
[0.087s] Level 1:colcon.colcon_core.package_identification:_identify(src/target_selector) by extension 'colcon_meta'
[0.087s] Level 1:colcon.colcon_core.package_identification:_identify(src/target_selector) by extensions ['ros']
[0.087s] Level 1:colcon.colcon_core.package_identification:_identify(src/target_selector) by extension 'ros'
[0.087s] DEBUG:colcon.colcon_core.package_identification:Package 'src/target_selector' with type 'ros.ament_python' and name 'target_selector'
[0.088s] Level 1:colcon.colcon_core.package_identification:_identify(src/tb3_bringup_custom) by extensions ['ignore', 'ignore_ament_install']
[0.088s] Level 1:colcon.colcon_core.package_identification:_identify(src/tb3_bringup_custom) by extension 'ignore'
[0.088s] Level 1:colcon.colcon_core.package_identification:_identify(src/tb3_bringup_custom) by extension 'ignore_ament_install'
[0.088s] Level 1:colcon.colcon_core.package_identification:_identify(src/tb3_bringup_custom) by extensions ['colcon_pkg']
[0.088s] Level 1:colcon.colcon_core.package_identification:_identify(src/tb3_bringup_custom) by extension 'colcon_pkg'
[0.088s] Level 1:colcon.colcon_core.package_identification:_identify(src/tb3_bringup_custom) by extensions ['colcon_meta']
[0.088s] Level 1:colcon.colcon_core.package_identification:_identify(src/tb3_bringup_custom) by extension 'colcon_meta'
[0.088s] Level 1:colcon.colcon_core.package_identification:_identify(src/tb3_bringup_custom) by extensions ['ros']
[0.088s] Level 1:colcon.colcon_core.package_identification:_identify(src/tb3_bringup_custom) by extension 'ros'
[0.088s] DEBUG:colcon.colcon_core.package_identification:Package 'src/tb3_bringup_custom' with type 'ros.ament_python' and name 'tb3_bringup_custom'
[0.088s] Level 1:colcon.colcon_core.package_identification:_identify(src/tb3_interfaces) by extensions ['ignore', 'ignore_ament_install']
[0.088s] Level 1:colcon.colcon_core.package_identification:_identify(src/tb3_interfaces) by extension 'ignore'
[0.088s] Level 1:colcon.colcon_core.package_identification:_identify(src/tb3_interfaces) by extension 'ignore_ament_install'
[0.088s] Level 1:colcon.colcon_core.package_identification:_identify(src/tb3_interfaces) by extensions ['colcon_pkg']
[0.088s] Level 1:colcon.colcon_core.package_identification:_identify(src/tb3_interfaces) by extension 'colcon_pkg'
[0.088s] Level 1:colcon.colcon_core.package_identification:_identify(src/tb3_interfaces) by extensions ['colcon_meta']
[0.088s] Level 1:colcon.colcon_core.package_identification:_identify(src/tb3_interfaces) by extension 'colcon_meta'
[0.088s] Level 1:colcon.colcon_core.package_identification:_identify(src/tb3_interfaces) by extensions ['ros']
[0.088s] Level 1:colcon.colcon_core.package_identification:_identify(src/tb3_interfaces) by extension 'ros'
[0.088s] DEBUG:colcon.colcon_core.package_identification:Package 'src/tb3_interfaces' with type 'ros.catkin' and name 'tb3_interfaces'
[0.088s] Level 1:colcon.colcon_core.package_discovery:discover_packages(recursive) using defaults
[0.088s] Level 1:colcon.colcon_core.package_discovery:discover_packages(ignore) discover
[0.088s] Level 1:colcon.colcon_core.package_discovery:discover_packages(ignore) using defaults
[0.088s] Level 1:colcon.colcon_core.package_discovery:discover_packages(path) discover
[0.088s] Level 1:colcon.colcon_core.package_discovery:discover_packages(path) using defaults
[0.099s] Level 1:colcon.colcon_core.package_discovery:discover_packages(prefix_path) check parameters
[0.100s] Level 1:colcon.colcon_core.package_discovery:discover_packages(prefix_path) discover
[0.101s] DEBUG:colcon.colcon_installed_package_information.package_discovery:Found 12 installed packages in /home/jackfeels/turtlebot3_ws/install
[0.102s] DEBUG:colcon.colcon_installed_package_information.package_discovery:Found 397 installed packages in /opt/ros/humble
[0.103s] Level 1:colcon.colcon_core.package_discovery:discover_packages(prefix_path) using defaults
[0.130s] Level 5:colcon.colcon_core.verb:set package 'gesture_detector' build argument 'cmake_args' from command line to 'None'
[0.130s] Level 5:colcon.colcon_core.verb:set package 'gesture_detector' build argument 'cmake_target' from command line to 'None'
[0.130s] Level 5:colcon.colcon_core.verb:set package 'gesture_detector' build argument 'cmake_target_skip_unavailable' from command line to 'False'
[0.130s] Level 5:colcon.colcon_core.verb:set package 'gesture_detector' build argument 'cmake_clean_cache' from command line to 'False'
[0.130s] Level 5:colcon.colcon_core.verb:set package 'gesture_detector' build argument 'cmake_clean_first' from command line to 'False'
[0.130s] Level 5:colcon.colcon_core.verb:set package 'gesture_detector' build argument 'cmake_force_configure' from command line to 'False'
[0.130s] Level 5:colcon.colcon_core.verb:set package 'gesture_detector' build argument 'ament_cmake_args' from command line to 'None'
[0.130s] Level 5:colcon.colcon_core.verb:set package 'gesture_detector' build argument 'catkin_cmake_args' from command line to 'None'
[0.130s] Level 5:colcon.colcon_core.verb:set package 'gesture_detector' build argument 'catkin_skip_building_tests' from command line to 'False'
[0.130s] DEBUG:colcon.colcon_core.verb:Building package 'gesture_detector' with the following arguments: {'ament_cmake_args': None, 'build_base': '/home/jackfeels/Documents/PROYECTO_TURTLEBOT/build/gesture_detector', 'catkin_cmake_args': None, 'catkin_skip_building_tests': False, 'cmake_args': None, 'cmake_clean_cache': False, 'cmake_clean_first': False, 'cmake_force_configure': False, 'cmake_target': None, 'cmake_target_skip_unavailable': False, 'install_base': '/home/jackfeels/Documents/PROYECTO_TURTLEBOT/install/gesture_detector', 'merge_install': False, 'path': '/home/jackfeels/Documents/PROYECTO_TURTLEBOT/src/gesture_detector', 'symlink_install': False, 'test_result_base': None}
[0.130s] Level 5:colcon.colcon_core.verb:set package 'tb3_bringup_custom' build argument 'cmake_args' from command line to 'None'
[0.130s] Level 5:colcon.colcon_core.verb:set package 'tb3_bringup_custom' build argument 'cmake_target' from command line to 'None'
[0.130s] Level 5:colcon.colcon_core.verb:set package 'tb3_bringup_custom' build argument 'cmake_target_skip_unavailable' from command line to 'False'
[0.130s] Level 5:colcon.colcon_core.verb:set package 'tb3_bringup_custom' build argument 'cmake_clean_cache' from command line to 'False'
[0.130s] Level 5:colcon.colcon_core.verb:set package 'tb3_bringup_custom' build argument 'cmake_clean_first' from command line to 'False'
[0.130s] Level 5:colcon.colcon_core.verb:set package 'tb3_bringup_custom' build argument 'cmake_force_configure' from command line to 'False'
[0.130s] Level 5:colcon.colcon_core.verb:set package 'tb3_bringup_custom' build argument 'ament_cmake_args' from command line to 'None'
[0.130s] Level 5:colcon.colcon_core.verb:set package 'tb3_bringup_custom' build argument 'catkin_cmake_args' from command line to 'None'
[0.130s] Level 5:colcon.colcon_core.verb:set package 'tb3_bringup_custom' build argument 'catkin_skip_building_tests' from command line to 'False'
[0.130s] DEBUG:colcon.colcon_core.verb:Building package 'tb3_bringup_custom' with the following arguments: {'ament_cmake_args': None, 'build_base': '/home/jackfeels/Documents/PROYECTO_TURTLEBOT/build/tb3_bringup_custom', 'catkin_cmake_args': None, 'catkin_skip_building_tests': False, 'cmake_args': None, 'cmake_clean_cache': False, 'cmake_clean_first': False, 'cmake_force_configure': False, 'cmake_target': None, 'cmake_target_skip_unavailable': False, 'install_base': '/home/jackfeels/Documents/PROYECTO_TURTLEBOT/install/tb3_bringup_custom', 'merge_install': False, 'path': '/home/jackfeels/Documents/PROYECTO_TURTLEBOT/src/tb3_bringup_custom', 'symlink_install': False, 'test_result_base': None}
[0.130s] Level 5:colcon.colcon_core.verb:set package 'tb3_interfaces' build argument 'cmake_args' from command line to 'None'
[0.130s] Level 5:colcon.colcon_core.verb:set package 'tb3_interfaces' build argument 'cmake_target' from command line to 'None'
[0.130s] Level 5:colcon.colcon_core.verb:set package 'tb3_interfaces' build argument 'cmake_target_skip_unavailable' from command line to 'False'
[0.130s] Level 5:colcon.colcon_core.verb:set package 'tb3_interfaces' build argument 'cmake_clean_cache' from command line to 'False'
[0.130s] Level 5:colcon.colcon_core.verb:set package 'tb3_interfaces' build argument 'cmake_clean_first' from command line to 'False'
[0.130s] Level 5:colcon.colcon_core.verb:set package 'tb3_interfaces' build argument 'cmake_force_configure' from command line to 'False'
[0.130s] Level 5:colcon.colcon_core.verb:set package 'tb3_interfaces' build argument 'ament_cmake_args' from command line to 'None'
[0.130s] Level 5:colcon.colcon_core.verb:set package 'tb3_interfaces' build argument 'catkin_cmake_args' from command line to 'None'
[0.130s] Level 5:colcon.colcon_core.verb:set package 'tb3_interfaces' build argument 'catkin_skip_building_tests' from command line to 'False'
[0.130s] DEBUG:colcon.colcon_core.verb:Building package 'tb3_interfaces' with the following arguments: {'ament_cmake_args': None, 'build_base': '/home/jackfeels/Documents/PROYECTO_TURTLEBOT/build/tb3_interfaces', 'catkin_cmake_args': None, 'catkin_skip_building_tests': False, 'cmake_args': None, 'cmake_clean_cache': False, 'cmake_clean_first': False, 'cmake_force_configure': False, 'cmake_target': None, 'cmake_target_skip_unavailable': False, 'install_base': '/home/jackfeels/Documents/PROYECTO_TURTLEBOT/install/tb3_interfaces', 'merge_install': False, 'path': '/home/jackfeels/Documents/PROYECTO_TURTLEBOT/src/tb3_interfaces', 'symlink_install': False, 'test_result_base': None}
[0.130s] Level 5:colcon.colcon_core.verb:set package 'debug_visualizer' build argument 'cmake_args' from command line to 'None'
[0.130s] Level 5:colcon.colcon_core.verb:set package 'debug_visualizer' build argument 'cmake_target' from command line to 'None'
[0.130s] Level 5:colcon.colcon_core.verb:set package 'debug_visualizer' build argument 'cmake_target_skip_unavailable' from command line to 'False'
[0.130s] Level 5:colcon.colcon_core.verb:set package 'debug_visualizer' build argument 'cmake_clean_cache' from command line to 'False'
[0.130s] Level 5:colcon.colcon_core.verb:set package 'debug_visualizer' build argument 'cmake_clean_first' from command line to 'False'
[0.130s] Level 5:colcon.colcon_core.verb:set package 'debug_visualizer' build argument 'cmake_force_configure' from command line to 'False'
[0.130s] Level 5:colcon.colcon_core.verb:set package 'debug_visualizer' build argument 'ament_cmake_args' from command line to 'None'
[0.130s] Level 5:colcon.colcon_core.verb:set package 'debug_visualizer' build argument 'catkin_cmake_args' from command line to 'None'
[0.130s] Level 5:colcon.colcon_core.verb:set package 'debug_visualizer' build argument 'catkin_skip_building_tests' from command line to 'False'
[0.130s] DEBUG:colcon.colcon_core.verb:Building package 'debug_visualizer' with the following arguments: {'ament_cmake_args': None, 'build_base': '/home/jackfeels/Documents/PROYECTO_TURTLEBOT/build/debug_visualizer', 'catkin_cmake_args': None, 'catkin_skip_building_tests': False, 'cmake_args': None, 'cmake_clean_cache': False, 'cmake_clean_first': False, 'cmake_force_configure': False, 'cmake_target': None, 'cmake_target_skip_unavailable': False, 'install_base': '/home/jackfeels/Documents/PROYECTO_TURTLEBOT/install/debug_visualizer', 'merge_install': False, 'path': '/home/jackfeels/Documents/PROYECTO_TURTLEBOT/src/debug_visualizer', 'symlink_install': False, 'test_result_base': None}
[0.131s] Level 5:colcon.colcon_core.verb:set package 'follow_controller' build argument 'cmake_args' from command line to 'None'
[0.131s] Level 5:colcon.colcon_core.verb:set package 'follow_controller' build argument 'cmake_target' from command line to 'None'
[0.131s] Level 5:colcon.colcon_core.verb:set package 'follow_controller' build argument 'cmake_target_skip_unavailable' from command line to 'False'
[0.131s] Level 5:colcon.colcon_core.verb:set package 'follow_controller' build argument 'cmake_clean_cache' from command line to 'False'
[0.131s] Level 5:colcon.colcon_core.verb:set package 'follow_controller' build argument 'cmake_clean_first' from command line to 'False'
[0.131s] Level 5:colcon.colcon_core.verb:set package 'follow_controller' build argument 'cmake_force_configure' from command line to 'False'
[0.131s] Level 5:colcon.colcon_core.verb:set package 'follow_controller' build argument 'ament_cmake_args' from command line to 'None'
[0.131s] Level 5:colcon.colcon_core.verb:set package 'follow_controller' build argument 'catkin_cmake_args' from command line to 'None'
[0.131s] Level 5:colcon.colcon_core.verb:set package 'follow_controller' build argument 'catkin_skip_building_tests' from command line to 'False'
[0.131s] DEBUG:colcon.colcon_core.verb:Building package 'follow_controller' with the following arguments: {'ament_cmake_args': None, 'build_base': '/home/jackfeels/Documents/PROYECTO_TURTLEBOT/build/follow_controller', 'catkin_cmake_args': None, 'catkin_skip_building_tests': False, 'cmake_args': None, 'cmake_clean_cache': False, 'cmake_clean_first': False, 'cmake_force_configure': False, 'cmake_target': None, 'cmake_target_skip_unavailable': False, 'install_base': '/home/jackfeels/Documents/PROYECTO_TURTLEBOT/install/follow_controller', 'merge_install': False, 'path': '/home/jackfeels/Documents/PROYECTO_TURTLEBOT/src/follow_controller', 'symlink_install': False, 'test_result_base': None}
[0.131s] Level 5:colcon.colcon_core.verb:set package 'person_tracker' build argument 'cmake_args' from command line to 'None'
[0.131s] Level 5:colcon.colcon_core.verb:set package 'person_tracker' build argument 'cmake_target' from command line to 'None'
[0.131s] Level 5:colcon.colcon_core.verb:set package 'person_tracker' build argument 'cmake_target_skip_unavailable' from command line to 'False'
[0.131s] Level 5:colcon.colcon_core.verb:set package 'person_tracker' build argument 'cmake_clean_cache' from command line to 'False'
[0.131s] Level 5:colcon.colcon_core.verb:set package 'person_tracker' build argument 'cmake_clean_first' from command line to 'False'
[0.131s] Level 5:colcon.colcon_core.verb:set package 'person_tracker' build argument 'cmake_force_configure' from command line to 'False'
[0.131s] Level 5:colcon.colcon_core.verb:set package 'person_tracker' build argument 'ament_cmake_args' from command line to 'None'
[0.131s] Level 5:colcon.colcon_core.verb:set package 'person_tracker' build argument 'catkin_cmake_args' from command line to 'None'
[0.131s] Level 5:colcon.colcon_core.verb:set package 'person_tracker' build argument 'catkin_skip_building_tests' from command line to 'False'
[0.131s] DEBUG:colcon.colcon_core.verb:Building package 'person_tracker' with the following arguments: {'ament_cmake_args': None, 'build_base': '/home/jackfeels/Documents/PROYECTO_TURTLEBOT/build/person_tracker', 'catkin_cmake_args': None, 'catkin_skip_building_tests': False, 'cmake_args': None, 'cmake_clean_cache': False, 'cmake_clean_first': False, 'cmake_force_configure': False, 'cmake_target': None, 'cmake_target_skip_unavailable': False, 'install_base': '/home/jackfeels/Documents/PROYECTO_TURTLEBOT/install/person_tracker', 'merge_install': False, 'path': '/home/jackfeels/Documents/PROYECTO_TURTLEBOT/src/person_tracker', 'symlink_install': False, 'test_result_base': None}
[0.131s] Level 5:colcon.colcon_core.verb:set package 'target_selector' build argument 'cmake_args' from command line to 'None'
[0.131s] Level 5:colcon.colcon_core.verb:set package 'target_selector' build argument 'cmake_target' from command line to 'None'
[0.131s] Level 5:colcon.colcon_core.verb:set package 'target_selector' build argument 'cmake_target_skip_unavailable' from command line to 'False'
[0.131s] Level 5:colcon.colcon_core.verb:set package 'target_selector' build argument 'cmake_clean_cache' from command line to 'False'
[0.131s] Level 5:colcon.colcon_core.verb:set package 'target_selector' build argument 'cmake_clean_first' from command line to 'False'
[0.131s] Level 5:colcon.colcon_core.verb:set package 'target_selector' build argument 'cmake_force_configure' from command line to 'False'
[0.131s] Level 5:colcon.colcon_core.verb:set package 'target_selector' build argument 'ament_cmake_args' from command line to 'None'
[0.131s] Level 5:colcon.colcon_core.verb:set package 'target_selector' build argument 'catkin_cmake_args' from command line to 'None'
[0.131s] Level 5:colcon.colcon_core.verb:set package 'target_selector' build argument 'catkin_skip_building_tests' from command line to 'False'
[0.131s] DEBUG:colcon.colcon_core.verb:Building package 'target_selector' with the following arguments: {'ament_cmake_args': None, 'build_base': '/home/jackfeels/Documents/PROYECTO_TURTLEBOT/build/target_selector', 'catkin_cmake_args': None, 'catkin_skip_building_tests': False, 'cmake_args': None, 'cmake_clean_cache': False, 'cmake_clean_first': False, 'cmake_force_configure': False, 'cmake_target': None, 'cmake_target_skip_unavailable': False, 'install_base': '/home/jackfeels/Documents/PROYECTO_TURTLEBOT/install/target_selector', 'merge_install': False, 'path': '/home/jackfeels/Documents/PROYECTO_TURTLEBOT/src/target_selector', 'symlink_install': False, 'test_result_base': None}
[0.131s] INFO:colcon.colcon_core.executor:Executing jobs using 'parallel' executor
[0.132s] DEBUG:colcon.colcon_parallel_executor.executor.parallel:run_until_complete
[0.132s] INFO:colcon.colcon_ros.task.catkin.build:Building ROS package in '/home/jackfeels/Documents/PROYECTO_TURTLEBOT/src/tb3_interfaces' with build type 'catkin'
[0.132s] INFO:colcon.colcon_cmake.task.cmake.build:Building CMake package in '/home/jackfeels/Documents/PROYECTO_TURTLEBOT/src/tb3_interfaces'
[0.133s] INFO:colcon.colcon_core.plugin_system:Skipping extension 'colcon_core.shell.bat': Not used on non-Windows systems
[0.133s] INFO:colcon.colcon_core.shell:Skip shell extension 'powershell' for command environment: Not usable outside of PowerShell
[0.133s] DEBUG:colcon.colcon_core.shell:Skip shell extension 'dsv' for command environment
[0.136s] INFO:colcon.colcon_ros.task.ament_python.build:Building ROS package in '/home/jackfeels/Documents/PROYECTO_TURTLEBOT/src/gesture_detector' with build type 'ament_python'
[0.136s] Level 1:colcon.colcon_core.shell:create_environment_hook('gesture_detector', 'ament_prefix_path')
[0.136s] INFO:colcon.colcon_core.shell:Creating environment hook '/home/jackfeels/Documents/PROYECTO_TURTLEBOT/install/gesture_detector/share/gesture_detector/hook/ament_prefix_path.ps1'
[0.137s] INFO:colcon.colcon_core.shell:Creating environment descriptor '/home/jackfeels/Documents/PROYECTO_TURTLEBOT/install/gesture_detector/share/gesture_detector/hook/ament_prefix_path.dsv'
[0.137s] INFO:colcon.colcon_core.shell:Creating environment hook '/home/jackfeels/Documents/PROYECTO_TURTLEBOT/install/gesture_detector/share/gesture_detector/hook/ament_prefix_path.sh'
[0.137s] INFO:colcon.colcon_core.shell:Skip shell extension 'powershell' for command environment: Not usable outside of PowerShell
[0.137s] DEBUG:colcon.colcon_core.shell:Skip shell extension 'dsv' for command environment
[0.139s] INFO:colcon.colcon_ros.task.ament_python.build:Building ROS package in '/home/jackfeels/Documents/PROYECTO_TURTLEBOT/src/tb3_bringup_custom' with build type 'ament_python'
[0.139s] Level 1:colcon.colcon_core.shell:create_environment_hook('tb3_bringup_custom', 'ament_prefix_path')
[0.139s] INFO:colcon.colcon_core.shell:Creating environment hook '/home/jackfeels/Documents/PROYECTO_TURTLEBOT/install/tb3_bringup_custom/share/tb3_bringup_custom/hook/ament_prefix_path.ps1'
[0.140s] INFO:colcon.colcon_core.shell:Creating environment descriptor '/home/jackfeels/Documents/PROYECTO_TURTLEBOT/install/tb3_bringup_custom/share/tb3_bringup_custom/hook/ament_prefix_path.dsv'
[0.140s] INFO:colcon.colcon_core.shell:Creating environment hook '/home/jackfeels/Documents/PROYECTO_TURTLEBOT/install/tb3_bringup_custom/share/tb3_bringup_custom/hook/ament_prefix_path.sh'
[0.140s] INFO:colcon.colcon_core.shell:Skip shell extension 'powershell' for command environment: Not usable outside of PowerShell
[0.140s] DEBUG:colcon.colcon_core.shell:Skip shell extension 'dsv' for command environment
[0.145s] DEBUG:colcon.colcon_core.event_handler.log_command:Invoking command in '/home/jackfeels/Documents/PROYECTO_TURTLEBOT/build/tb3_interfaces': /usr/bin/cmake --build /home/jackfeels/Documents/PROYECTO_TURTLEBOT/build/tb3_interfaces -- -j4 -l4
[0.260s] INFO:colcon.colcon_core.task.python.build:Building Python package in '/home/jackfeels/Documents/PROYECTO_TURTLEBOT/src/gesture_detector'
[0.261s] INFO:colcon.colcon_core.shell:Skip shell extension 'powershell' for command environment: Not usable outside of PowerShell
[0.261s] DEBUG:colcon.colcon_core.shell:Skip shell extension 'dsv' for command environment
[0.389s] INFO:colcon.colcon_core.task.python.build:Building Python package in '/home/jackfeels/Documents/PROYECTO_TURTLEBOT/src/tb3_bringup_custom'
[0.389s] INFO:colcon.colcon_core.shell:Skip shell extension 'powershell' for command environment: Not usable outside of PowerShell
[0.389s] DEBUG:colcon.colcon_core.shell:Skip shell extension 'dsv' for command environment
[0.395s] DEBUG:colcon.colcon_core.event_handler.log_command:Invoked command in '/home/jackfeels/Documents/PROYECTO_TURTLEBOT/build/tb3_interfaces' returned '0': /usr/bin/cmake --build /home/jackfeels/Documents/PROYECTO_TURTLEBOT/build/tb3_interfaces -- -j4 -l4
[0.400s] DEBUG:colcon.colcon_core.event_handler.log_command:Invoking command in '/home/jackfeels/Documents/PROYECTO_TURTLEBOT/build/tb3_interfaces': /usr/bin/cmake --install /home/jackfeels/Documents/PROYECTO_TURTLEBOT/build/tb3_interfaces
[0.436s] Level 1:colcon.colcon_core.shell:create_environment_hook('tb3_interfaces', 'ros_package_path')
[0.436s] INFO:colcon.colcon_core.shell:Creating environment hook '/home/jackfeels/Documents/PROYECTO_TURTLEBOT/install/tb3_interfaces/share/tb3_interfaces/hook/ros_package_path.ps1'
[0.436s] INFO:colcon.colcon_core.shell:Creating environment descriptor '/home/jackfeels/Documents/PROYECTO_TURTLEBOT/install/tb3_interfaces/share/tb3_interfaces/hook/ros_package_path.dsv'
[0.436s] INFO:colcon.colcon_core.shell:Creating environment hook '/home/jackfeels/Documents/PROYECTO_TURTLEBOT/install/tb3_interfaces/share/tb3_interfaces/hook/ros_package_path.sh'
[0.437s] Level 1:colcon.colcon_ros.task.catkin:checking '/home/jackfeels/Documents/PROYECTO_TURTLEBOT/install/tb3_interfaces/local/lib/python3.10/dist-packages'
[0.437s] Level 1:colcon.colcon_core.shell:create_environment_hook('tb3_interfaces', 'catkin_pythonpath')
[0.437s] INFO:colcon.colcon_core.shell:Creating environment hook '/home/jackfeels/Documents/PROYECTO_TURTLEBOT/install/tb3_interfaces/share/tb3_interfaces/hook/catkin_pythonpath.ps1'
[0.437s] INFO:colcon.colcon_core.shell:Creating environment descriptor '/home/jackfeels/Documents/PROYECTO_TURTLEBOT/install/tb3_interfaces/share/tb3_interfaces/hook/catkin_pythonpath.dsv'
[0.437s] INFO:colcon.colcon_core.shell:Creating environment hook '/home/jackfeels/Documents/PROYECTO_TURTLEBOT/install/tb3_interfaces/share/tb3_interfaces/hook/catkin_pythonpath.sh'
[0.437s] Level 1:colcon.colcon_core.shell:create_environment_hook('tb3_interfaces', 'pkg_config_path')
[0.437s] INFO:colcon.colcon_core.shell:Creating environment hook '/home/jackfeels/Documents/PROYECTO_TURTLEBOT/install/tb3_interfaces/share/tb3_interfaces/hook/pkg_config_path.ps1'
[0.438s] INFO:colcon.colcon_core.shell:Creating environment descriptor '/home/jackfeels/Documents/PROYECTO_TURTLEBOT/install/tb3_interfaces/share/tb3_interfaces/hook/pkg_config_path.dsv'
[0.438s] INFO:colcon.colcon_core.shell:Creating environment hook '/home/jackfeels/Documents/PROYECTO_TURTLEBOT/install/tb3_interfaces/share/tb3_interfaces/hook/pkg_config_path.sh'
[0.438s] DEBUG:colcon.colcon_core.event_handler.log_command:Invoked command in '/home/jackfeels/Documents/PROYECTO_TURTLEBOT/build/tb3_interfaces' returned '0': /usr/bin/cmake --install /home/jackfeels/Documents/PROYECTO_TURTLEBOT/build/tb3_interfaces
[0.439s] Level 1:colcon.colcon_core.shell:create_environment_hook('tb3_interfaces', 'pkg_config_path_multiarch')
[0.439s] INFO:colcon.colcon_core.shell:Creating environment hook '/home/jackfeels/Documents/PROYECTO_TURTLEBOT/install/tb3_interfaces/share/tb3_interfaces/hook/pkg_config_path_multiarch.ps1'
[0.439s] INFO:colcon.colcon_core.shell:Creating environment descriptor '/home/jackfeels/Documents/PROYECTO_TURTLEBOT/install/tb3_interfaces/share/tb3_interfaces/hook/pkg_config_path_multiarch.dsv'
[0.439s] INFO:colcon.colcon_core.shell:Creating environment hook '/home/jackfeels/Documents/PROYECTO_TURTLEBOT/install/tb3_interfaces/share/tb3_interfaces/hook/pkg_config_path_multiarch.sh'
[0.440s] Level 1:colcon.colcon_core.environment:create_environment_scripts_only(tb3_interfaces)
[0.441s] Level 1:colcon.colcon_core.environment:checking '/home/jackfeels/Documents/PROYECTO_TURTLEBOT/install/tb3_interfaces' for CMake module files
[0.442s] Level 1:colcon.colcon_core.environment:checking '/home/jackfeels/Documents/PROYECTO_TURTLEBOT/install/tb3_interfaces' for CMake config files
[0.442s] Level 1:colcon.colcon_core.shell:create_environment_hook('tb3_interfaces', 'cmake_prefix_path')
[0.442s] INFO:colcon.colcon_core.shell:Creating environment hook '/home/jackfeels/Documents/PROYECTO_TURTLEBOT/install/tb3_interfaces/share/tb3_interfaces/hook/cmake_prefix_path.ps1'
[0.442s] INFO:colcon.colcon_core.shell:Creating environment descriptor '/home/jackfeels/Documents/PROYECTO_TURTLEBOT/install/tb3_interfaces/share/tb3_interfaces/hook/cmake_prefix_path.dsv'
[0.442s] INFO:colcon.colcon_core.shell:Creating environment hook '/home/jackfeels/Documents/PROYECTO_TURTLEBOT/install/tb3_interfaces/share/tb3_interfaces/hook/cmake_prefix_path.sh'
[0.443s] Level 1:colcon.colcon_core.environment:checking '/home/jackfeels/Documents/PROYECTO_TURTLEBOT/install/tb3_interfaces/lib'
[0.443s] Level 1:colcon.colcon_core.shell:create_environment_hook('tb3_interfaces', 'ld_library_path_lib')
[0.443s] INFO:colcon.colcon_core.shell:Creating environment hook '/home/jackfeels/Documents/PROYECTO_TURTLEBOT/install/tb3_interfaces/share/tb3_interfaces/hook/ld_library_path_lib.ps1'
[0.443s] INFO:colcon.colcon_core.shell:Creating environment descriptor '/home/jackfeels/Documents/PROYECTO_TURTLEBOT/install/tb3_interfaces/share/tb3_interfaces/hook/ld_library_path_lib.dsv'
[0.443s] INFO:colcon.colcon_core.shell:Creating environment hook '/home/jackfeels/Documents/PROYECTO_TURTLEBOT/install/tb3_interfaces/share/tb3_interfaces/hook/ld_library_path_lib.sh'
[0.444s] Level 1:colcon.colcon_core.environment:checking '/home/jackfeels/Documents/PROYECTO_TURTLEBOT/install/tb3_interfaces/bin'
[0.444s] Level 1:colcon.colcon_core.environment:checking '/home/jackfeels/Documents/PROYECTO_TURTLEBOT/install/tb3_interfaces/lib/pkgconfig/tb3_interfaces.pc'
[0.444s] Level 1:colcon.colcon_core.environment:checking '/home/jackfeels/Documents/PROYECTO_TURTLEBOT/install/tb3_interfaces/lib/python3.10/site-packages'
[0.444s] Level 1:colcon.colcon_core.environment:checking '/home/jackfeels/Documents/PROYECTO_TURTLEBOT/install/tb3_interfaces/bin'
[0.444s] INFO:colcon.colcon_core.shell:Creating package script '/home/jackfeels/Documents/PROYECTO_TURTLEBOT/install/tb3_interfaces/share/tb3_interfaces/package.ps1'
[0.445s] INFO:colcon.colcon_core.shell:Creating package descriptor '/home/jackfeels/Documents/PROYECTO_TURTLEBOT/install/tb3_interfaces/share/tb3_interfaces/package.dsv'
[0.445s] INFO:colcon.colcon_core.shell:Creating package script '/home/jackfeels/Documents/PROYECTO_TURTLEBOT/install/tb3_interfaces/share/tb3_interfaces/package.sh'
[0.446s] INFO:colcon.colcon_core.shell:Creating package script '/home/jackfeels/Documents/PROYECTO_TURTLEBOT/install/tb3_interfaces/share/tb3_interfaces/package.bash'
[0.446s] INFO:colcon.colcon_core.shell:Creating package script '/home/jackfeels/Documents/PROYECTO_TURTLEBOT/install/tb3_interfaces/share/tb3_interfaces/package.zsh'
[0.446s] Level 1:colcon.colcon_core.environment:create_file_with_runtime_dependencies(/home/jackfeels/Documents/PROYECTO_TURTLEBOT/install/tb3_interfaces/share/colcon-core/packages/tb3_interfaces)
[0.447s] INFO:colcon.colcon_ros.task.ament_python.build:Building ROS package in '/home/jackfeels/Documents/PROYECTO_TURTLEBOT/src/debug_visualizer' with build type 'ament_python'
[0.447s] Level 1:colcon.colcon_core.shell:create_environment_hook('debug_visualizer', 'ament_prefix_path')
[0.447s] INFO:colcon.colcon_core.shell:Creating environment hook '/home/jackfeels/Documents/PROYECTO_TURTLEBOT/install/debug_visualizer/share/debug_visualizer/hook/ament_prefix_path.ps1'
[0.447s] INFO:colcon.colcon_core.shell:Creating environment descriptor '/home/jackfeels/Documents/PROYECTO_TURTLEBOT/install/debug_visualizer/share/debug_visualizer/hook/ament_prefix_path.dsv'
[0.448s] INFO:colcon.colcon_core.shell:Creating environment hook '/home/jackfeels/Documents/PROYECTO_TURTLEBOT/install/debug_visualizer/share/debug_visualizer/hook/ament_prefix_path.sh'
[0.448s] INFO:colcon.colcon_core.shell:Skip shell extension 'powershell' for command environment: Not usable outside of PowerShell
[0.448s] DEBUG:colcon.colcon_core.shell:Skip shell extension 'dsv' for command environment
[0.451s] INFO:colcon.colcon_ros.task.ament_python.build:Building ROS package in '/home/jackfeels/Documents/PROYECTO_TURTLEBOT/src/follow_controller' with build type 'ament_python'
[0.452s] Level 1:colcon.colcon_core.shell:create_environment_hook('follow_controller', 'ament_prefix_path')
[0.452s] INFO:colcon.colcon_core.shell:Creating environment hook '/home/jackfeels/Documents/PROYECTO_TURTLEBOT/install/follow_controller/share/follow_controller/hook/ament_prefix_path.ps1'
[0.452s] INFO:colcon.colcon_core.shell:Creating environment descriptor '/home/jackfeels/Documents/PROYECTO_TURTLEBOT/install/follow_controller/share/follow_controller/hook/ament_prefix_path.dsv'
[0.452s] INFO:colcon.colcon_core.shell:Creating environment hook '/home/jackfeels/Documents/PROYECTO_TURTLEBOT/install/follow_controller/share/follow_controller/hook/ament_prefix_path.sh'
[0.452s] INFO:colcon.colcon_core.shell:Skip shell extension 'powershell' for command environment: Not usable outside of PowerShell
[0.452s] DEBUG:colcon.colcon_core.shell:Skip shell extension 'dsv' for command environment
[0.579s] INFO:colcon.colcon_core.task.python.build:Building Python package in '/home/jackfeels/Documents/PROYECTO_TURTLEBOT/src/debug_visualizer'
[0.580s] INFO:colcon.colcon_core.shell:Skip shell extension 'powershell' for command environment: Not usable outside of PowerShell
[0.580s] DEBUG:colcon.colcon_core.shell:Skip shell extension 'dsv' for command environment
[0.700s] INFO:colcon.colcon_core.task.python.build:Building Python package in '/home/jackfeels/Documents/PROYECTO_TURTLEBOT/src/follow_controller'
[0.700s] INFO:colcon.colcon_core.shell:Skip shell extension 'powershell' for command environment: Not usable outside of PowerShell
[0.700s] DEBUG:colcon.colcon_core.shell:Skip shell extension 'dsv' for command environment
[0.705s] DEBUG:colcon.colcon_core.event_handler.log_command:Invoking command in '/home/jackfeels/Documents/PROYECTO_TURTLEBOT/src/gesture_detector': PYTHONPATH=/home/jackfeels/Documents/PROYECTO_TURTLEBOT/build/gesture_detector/prefix_override:/usr/lib/python3/dist-packages/colcon_core/task/python/colcon_distutils_commands:/home/jackfeels/Documents/PROYECTO_TURTLEBOT/install/gesture_detector/lib/python3.10/site-packages:${PYTHONPATH} /usr/bin/python3 -W ignore:setup.py install is deprecated -W ignore:easy_install command is deprecated setup.py egg_info --egg-base ../../build/gesture_detector build --build-base /home/jackfeels/Documents/PROYECTO_TURTLEBOT/build/gesture_detector/build install --record /home/jackfeels/Documents/PROYECTO_TURTLEBOT/build/gesture_detector/install.log --single-version-externally-managed install_data
[0.706s] DEBUG:colcon.colcon_core.event_handler.log_command:Invoking command in '/home/jackfeels/Documents/PROYECTO_TURTLEBOT/src/tb3_bringup_custom': PYTHONPATH=/home/jackfeels/Documents/PROYECTO_TURTLEBOT/build/tb3_bringup_custom/prefix_override:/usr/lib/python3/dist-packages/colcon_core/task/python/colcon_distutils_commands:/home/jackfeels/Documents/PROYECTO_TURTLEBOT/install/tb3_bringup_custom/lib/python3.10/site-packages:${PYTHONPATH} /usr/bin/python3 -W ignore:setup.py install is deprecated -W ignore:easy_install command is deprecated setup.py egg_info --egg-base ../../build/tb3_bringup_custom build --build-base /home/jackfeels/Documents/PROYECTO_TURTLEBOT/build/tb3_bringup_custom/build install --record /home/jackfeels/Documents/PROYECTO_TURTLEBOT/build/tb3_bringup_custom/install.log --single-version-externally-managed install_data
[0.921s] Level 1:colcon.colcon_core.environment:checking '/home/jackfeels/Documents/PROYECTO_TURTLEBOT/install/gesture_detector' for CMake module files
[0.921s] Level 1:colcon.colcon_core.environment:checking '/home/jackfeels/Documents/PROYECTO_TURTLEBOT/install/gesture_detector' for CMake config files
[0.921s] Level 1:colcon.colcon_core.environment:checking '/home/jackfeels/Documents/PROYECTO_TURTLEBOT/install/gesture_detector/lib'
[0.921s] Level 1:colcon.colcon_core.environment:checking '/home/jackfeels/Documents/PROYECTO_TURTLEBOT/install/gesture_detector/bin'
[0.921s] Level 1:colcon.colcon_core.environment:checking '/home/jackfeels/Documents/PROYECTO_TURTLEBOT/install/gesture_detector/lib/pkgconfig/gesture_detector.pc'
[0.922s] Level 1:colcon.colcon_core.environment:checking '/home/jackfeels/Documents/PROYECTO_TURTLEBOT/install/gesture_detector/lib/python3.10/site-packages'
[0.922s] Level 1:colcon.colcon_core.shell:create_environment_hook('gesture_detector', 'pythonpath')
[0.922s] INFO:colcon.colcon_core.shell:Creating environment hook '/home/jackfeels/Documents/PROYECTO_TURTLEBOT/install/gesture_detector/share/gesture_detector/hook/pythonpath.ps1'
[0.922s] INFO:colcon.colcon_core.shell:Creating environment descriptor '/home/jackfeels/Documents/PROYECTO_TURTLEBOT/install/gesture_detector/share/gesture_detector/hook/pythonpath.dsv'
[0.922s] INFO:colcon.colcon_core.shell:Creating environment hook '/home/jackfeels/Documents/PROYECTO_TURTLEBOT/install/gesture_detector/share/gesture_detector/hook/pythonpath.sh'
[0.923s] Level 1:colcon.colcon_core.environment:checking '/home/jackfeels/Documents/PROYECTO_TURTLEBOT/install/gesture_detector/bin'
[0.923s] Level 1:colcon.colcon_core.environment:create_environment_scripts_only(gesture_detector)
[0.923s] INFO:colcon.colcon_core.shell:Creating package script '/home/jackfeels/Documents/PROYECTO_TURTLEBOT/install/gesture_detector/share/gesture_detector/package.ps1'
[0.923s] INFO:colcon.colcon_core.shell:Creating package descriptor '/home/jackfeels/Documents/PROYECTO_TURTLEBOT/install/gesture_detector/share/gesture_detector/package.dsv'
[0.923s] INFO:colcon.colcon_core.shell:Creating package script '/home/jackfeels/Documents/PROYECTO_TURTLEBOT/install/gesture_detector/share/gesture_detector/package.sh'
[0.923s] INFO:colcon.colcon_core.shell:Creating package script '/home/jackfeels/Documents/PROYECTO_TURTLEBOT/install/gesture_detector/share/gesture_detector/package.bash'
[0.924s] INFO:colcon.colcon_core.shell:Creating package script '/home/jackfeels/Documents/PROYECTO_TURTLEBOT/install/gesture_detector/share/gesture_detector/package.zsh'
[0.924s] Level 1:colcon.colcon_core.environment:create_file_with_runtime_dependencies(/home/jackfeels/Documents/PROYECTO_TURTLEBOT/install/gesture_detector/share/colcon-core/packages/gesture_detector)
[0.924s] INFO:colcon.colcon_ros.task.ament_python.build:Building ROS package in '/home/jackfeels/Documents/PROYECTO_TURTLEBOT/src/person_tracker' with build type 'ament_python'
[0.924s] Level 1:colcon.colcon_core.shell:create_environment_hook('person_tracker', 'ament_prefix_path')
[0.924s] INFO:colcon.colcon_core.shell:Creating environment hook '/home/jackfeels/Documents/PROYECTO_TURTLEBOT/install/person_tracker/share/person_tracker/hook/ament_prefix_path.ps1'
[0.924s] INFO:colcon.colcon_core.shell:Creating environment descriptor '/home/jackfeels/Documents/PROYECTO_TURTLEBOT/install/person_tracker/share/person_tracker/hook/ament_prefix_path.dsv'
[0.924s] INFO:colcon.colcon_core.shell:Creating environment hook '/home/jackfeels/Documents/PROYECTO_TURTLEBOT/install/person_tracker/share/person_tracker/hook/ament_prefix_path.sh'
[0.925s] INFO:colcon.colcon_core.shell:Skip shell extension 'powershell' for command environment: Not usable outside of PowerShell
[0.925s] DEBUG:colcon.colcon_core.shell:Skip shell extension 'dsv' for command environment
[0.927s] DEBUG:colcon.colcon_core.event_handler.log_command:Invoked command in '/home/jackfeels/Documents/PROYECTO_TURTLEBOT/src/gesture_detector' returned '0': PYTHONPATH=/home/jackfeels/Documents/PROYECTO_TURTLEBOT/build/gesture_detector/prefix_override:/usr/lib/python3/dist-packages/colcon_core/task/python/colcon_distutils_commands:/home/jackfeels/Documents/PROYECTO_TURTLEBOT/install/gesture_detector/lib/python3.10/site-packages:${PYTHONPATH} /usr/bin/python3 -W ignore:setup.py install is deprecated -W ignore:easy_install command is deprecated setup.py egg_info --egg-base ../../build/gesture_detector build --build-base /home/jackfeels/Documents/PROYECTO_TURTLEBOT/build/gesture_detector/build install --record /home/jackfeels/Documents/PROYECTO_TURTLEBOT/build/gesture_detector/install.log --single-version-externally-managed install_data
[1.049s] INFO:colcon.colcon_core.task.python.build:Building Python package in '/home/jackfeels/Documents/PROYECTO_TURTLEBOT/src/person_tracker'
[1.049s] INFO:colcon.colcon_core.shell:Skip shell extension 'powershell' for command environment: Not usable outside of PowerShell
[1.049s] DEBUG:colcon.colcon_core.shell:Skip shell extension 'dsv' for command environment
[1.055s] DEBUG:colcon.colcon_core.event_handler.log_command:Invoking command in '/home/jackfeels/Documents/PROYECTO_TURTLEBOT/src/debug_visualizer': CMAKE_PREFIX_PATH=/home/jackfeels/Documents/PROYECTO_TURTLEBOT/install/tb3_interfaces:${CMAKE_PREFIX_PATH} LD_LIBRARY_PATH=/home/jackfeels/Documents/PROYECTO_TURTLEBOT/install/tb3_interfaces/lib:${LD_LIBRARY_PATH} PKG_CONFIG_PATH=/home/jackfeels/Documents/PROYECTO_TURTLEBOT/install/tb3_interfaces/lib/aarch64-linux-gnu/pkgconfig:/home/jackfeels/Documents/PROYECTO_TURTLEBOT/install/tb3_interfaces/lib/pkgconfig PYTHONPATH=/home/jackfeels/Documents/PROYECTO_TURTLEBOT/build/debug_visualizer/prefix_override:/usr/lib/python3/dist-packages/colcon_core/task/python/colcon_distutils_commands:/home/jackfeels/Documents/PROYECTO_TURTLEBOT/install/debug_visualizer/lib/python3.10/site-packages:/home/jackfeels/Documents/PROYECTO_TURTLEBOT/install/tb3_interfaces/local/lib/python3.10/dist-packages:${PYTHONPATH} ROS_PACKAGE_PATH=/home/jackfeels/Documents/PROYECTO_TURTLEBOT/install/tb3_interfaces/share /usr/bin/python3 -W ignore:setup.py install is deprecated -W ignore:easy_install command is deprecated setup.py egg_info --egg-base ../../build/debug_visualizer build --build-base /home/jackfeels/Documents/PROYECTO_TURTLEBOT/build/debug_visualizer/build install --record /home/jackfeels/Documents/PROYECTO_TURTLEBOT/build/debug_visualizer/install.log --single-version-externally-managed install_data
[1.055s] DEBUG:colcon.colcon_core.event_handler.log_command:Invoking command in '/home/jackfeels/Documents/PROYECTO_TURTLEBOT/src/follow_controller': CMAKE_PREFIX_PATH=/home/jackfeels/Documents/PROYECTO_TURTLEBOT/install/tb3_interfaces:${CMAKE_PREFIX_PATH} LD_LIBRARY_PATH=/home/jackfeels/Documents/PROYECTO_TURTLEBOT/install/tb3_interfaces/lib:${LD_LIBRARY_PATH} PKG_CONFIG_PATH=/home/jackfeels/Documents/PROYECTO_TURTLEBOT/install/tb3_interfaces/lib/aarch64-linux-gnu/pkgconfig:/home/jackfeels/Documents/PROYECTO_TURTLEBOT/install/tb3_interfaces/lib/pkgconfig PYTHONPATH=/home/jackfeels/Documents/PROYECTO_TURTLEBOT/build/follow_controller/prefix_override:/usr/lib/python3/dist-packages/colcon_core/task/python/colcon_distutils_commands:/home/jackfeels/Documents/PROYECTO_TURTLEBOT/install/follow_controller/lib/python3.10/site-packages:/home/jackfeels/Documents/PROYECTO_TURTLEBOT/install/tb3_interfaces/local/lib/python3.10/dist-packages:${PYTHONPATH} ROS_PACKAGE_PATH=/home/jackfeels/Documents/PROYECTO_TURTLEBOT/install/tb3_interfaces/share /usr/bin/python3 -W ignore:setup.py install is deprecated -W ignore:easy_install command is deprecated setup.py egg_info --egg-base ../../build/follow_controller build --build-base /home/jackfeels/Documents/PROYECTO_TURTLEBOT/build/follow_controller/build install --record /home/jackfeels/Documents/PROYECTO_TURTLEBOT/build/follow_controller/install.log --single-version-externally-managed install_data
[1.056s] Level 1:colcon.colcon_core.environment:checking '/home/jackfeels/Documents/PROYECTO_TURTLEBOT/install/tb3_bringup_custom' for CMake module files
[1.056s] DEBUG:colcon.colcon_core.event_handler.log_command:Invoked command in '/home/jackfeels/Documents/PROYECTO_TURTLEBOT/src/tb3_bringup_custom' returned '0': PYTHONPATH=/home/jackfeels/Documents/PROYECTO_TURTLEBOT/build/tb3_bringup_custom/prefix_override:/usr/lib/python3/dist-packages/colcon_core/task/python/colcon_distutils_commands:/home/jackfeels/Documents/PROYECTO_TURTLEBOT/install/tb3_bringup_custom/lib/python3.10/site-packages:${PYTHONPATH} /usr/bin/python3 -W ignore:setup.py install is deprecated -W ignore:easy_install command is deprecated setup.py egg_info --egg-base ../../build/tb3_bringup_custom build --build-base /home/jackfeels/Documents/PROYECTO_TURTLEBOT/build/tb3_bringup_custom/build install --record /home/jackfeels/Documents/PROYECTO_TURTLEBOT/build/tb3_bringup_custom/install.log --single-version-externally-managed install_data
[1.056s] Level 1:colcon.colcon_core.environment:checking '/home/jackfeels/Documents/PROYECTO_TURTLEBOT/install/tb3_bringup_custom' for CMake config files
[1.057s] Level 1:colcon.colcon_core.environment:checking '/home/jackfeels/Documents/PROYECTO_TURTLEBOT/install/tb3_bringup_custom/lib'
[1.057s] Level 1:colcon.colcon_core.environment:checking '/home/jackfeels/Documents/PROYECTO_TURTLEBOT/install/tb3_bringup_custom/bin'
[1.057s] Level 1:colcon.colcon_core.environment:checking '/home/jackfeels/Documents/PROYECTO_TURTLEBOT/install/tb3_bringup_custom/lib/pkgconfig/tb3_bringup_custom.pc'
[1.057s] Level 1:colcon.colcon_core.environment:checking '/home/jackfeels/Documents/PROYECTO_TURTLEBOT/install/tb3_bringup_custom/lib/python3.10/site-packages'
[1.057s] Level 1:colcon.colcon_core.shell:create_environment_hook('tb3_bringup_custom', 'pythonpath')
[1.057s] INFO:colcon.colcon_core.shell:Creating environment hook '/home/jackfeels/Documents/PROYECTO_TURTLEBOT/install/tb3_bringup_custom/share/tb3_bringup_custom/hook/pythonpath.ps1'
[1.057s] INFO:colcon.colcon_core.shell:Creating environment descriptor '/home/jackfeels/Documents/PROYECTO_TURTLEBOT/install/tb3_bringup_custom/share/tb3_bringup_custom/hook/pythonpath.dsv'
[1.058s] INFO:colcon.colcon_core.shell:Creating environment hook '/home/jackfeels/Documents/PROYECTO_TURTLEBOT/install/tb3_bringup_custom/share/tb3_bringup_custom/hook/pythonpath.sh'
[1.058s] Level 1:colcon.colcon_core.environment:checking '/home/jackfeels/Documents/PROYECTO_TURTLEBOT/install/tb3_bringup_custom/bin'
[1.058s] Level 1:colcon.colcon_core.environment:create_environment_scripts_only(tb3_bringup_custom)
[1.059s] INFO:colcon.colcon_core.shell:Creating package script '/home/jackfeels/Documents/PROYECTO_TURTLEBOT/install/tb3_bringup_custom/share/tb3_bringup_custom/package.ps1'
[1.059s] INFO:colcon.colcon_core.shell:Creating package descriptor '/home/jackfeels/Documents/PROYECTO_TURTLEBOT/install/tb3_bringup_custom/share/tb3_bringup_custom/package.dsv'
[1.060s] INFO:colcon.colcon_core.shell:Creating package script '/home/jackfeels/Documents/PROYECTO_TURTLEBOT/install/tb3_bringup_custom/share/tb3_bringup_custom/package.sh'
[1.063s] INFO:colcon.colcon_core.shell:Creating package script '/home/jackfeels/Documents/PROYECTO_TURTLEBOT/install/tb3_bringup_custom/share/tb3_bringup_custom/package.bash'
[1.063s] INFO:colcon.colcon_core.shell:Creating package script '/home/jackfeels/Documents/PROYECTO_TURTLEBOT/install/tb3_bringup_custom/share/tb3_bringup_custom/package.zsh'
[1.063s] Level 1:colcon.colcon_core.environment:create_file_with_runtime_dependencies(/home/jackfeels/Documents/PROYECTO_TURTLEBOT/install/tb3_bringup_custom/share/colcon-core/packages/tb3_bringup_custom)
[1.064s] INFO:colcon.colcon_ros.task.ament_python.build:Building ROS package in '/home/jackfeels/Documents/PROYECTO_TURTLEBOT/src/target_selector' with build type 'ament_python'
[1.064s] Level 1:colcon.colcon_core.shell:create_environment_hook('target_selector', 'ament_prefix_path')
[1.064s] INFO:colcon.colcon_core.shell:Creating environment hook '/home/jackfeels/Documents/PROYECTO_TURTLEBOT/install/target_selector/share/target_selector/hook/ament_prefix_path.ps1'
[1.064s] INFO:colcon.colcon_core.shell:Creating environment descriptor '/home/jackfeels/Documents/PROYECTO_TURTLEBOT/install/target_selector/share/target_selector/hook/ament_prefix_path.dsv'
[1.064s] INFO:colcon.colcon_core.shell:Creating environment hook '/home/jackfeels/Documents/PROYECTO_TURTLEBOT/install/target_selector/share/target_selector/hook/ament_prefix_path.sh'
[1.065s] INFO:colcon.colcon_core.shell:Skip shell extension 'powershell' for command environment: Not usable outside of PowerShell
[1.065s] DEBUG:colcon.colcon_core.shell:Skip shell extension 'dsv' for command environment
[1.204s] INFO:colcon.colcon_core.task.python.build:Building Python package in '/home/jackfeels/Documents/PROYECTO_TURTLEBOT/src/target_selector'
[1.204s] INFO:colcon.colcon_core.shell:Skip shell extension 'powershell' for command environment: Not usable outside of PowerShell
[1.204s] DEBUG:colcon.colcon_core.shell:Skip shell extension 'dsv' for command environment
[1.284s] Level 1:colcon.colcon_core.environment:checking '/home/jackfeels/Documents/PROYECTO_TURTLEBOT/install/follow_controller' for CMake module files
[1.284s] DEBUG:colcon.colcon_core.event_handler.log_command:Invoked command in '/home/jackfeels/Documents/PROYECTO_TURTLEBOT/src/follow_controller' returned '0': CMAKE_PREFIX_PATH=/home/jackfeels/Documents/PROYECTO_TURTLEBOT/install/tb3_interfaces:${CMAKE_PREFIX_PATH} LD_LIBRARY_PATH=/home/jackfeels/Documents/PROYECTO_TURTLEBOT/install/tb3_interfaces/lib:${LD_LIBRARY_PATH} PKG_CONFIG_PATH=/home/jackfeels/Documents/PROYECTO_TURTLEBOT/install/tb3_interfaces/lib/aarch64-linux-gnu/pkgconfig:/home/jackfeels/Documents/PROYECTO_TURTLEBOT/install/tb3_interfaces/lib/pkgconfig PYTHONPATH=/home/jackfeels/Documents/PROYECTO_TURTLEBOT/build/follow_controller/prefix_override:/usr/lib/python3/dist-packages/colcon_core/task/python/colcon_distutils_commands:/home/jackfeels/Documents/PROYECTO_TURTLEBOT/install/follow_controller/lib/python3.10/site-packages:/home/jackfeels/Documents/PROYECTO_TURTLEBOT/install/tb3_interfaces/local/lib/python3.10/dist-packages:${PYTHONPATH} ROS_PACKAGE_PATH=/home/jackfeels/Documents/PROYECTO_TURTLEBOT/install/tb3_interfaces/share /usr/bin/python3 -W ignore:setup.py install is deprecated -W ignore:easy_install command is deprecated setup.py egg_info --egg-base ../../build/follow_controller build --build-base /home/jackfeels/Documents/PROYECTO_TURTLEBOT/build/follow_controller/build install --record /home/jackfeels/Documents/PROYECTO_TURTLEBOT/build/follow_controller/install.log --single-version-externally-managed install_data
[1.284s] Level 1:colcon.colcon_core.environment:checking '/home/jackfeels/Documents/PROYECTO_TURTLEBOT/install/follow_controller' for CMake config files
[1.285s] Level 1:colcon.colcon_core.environment:checking '/home/jackfeels/Documents/PROYECTO_TURTLEBOT/install/follow_controller/lib'
[1.285s] Level 1:colcon.colcon_core.environment:checking '/home/jackfeels/Documents/PROYECTO_TURTLEBOT/install/follow_controller/bin'
[1.285s] Level 1:colcon.colcon_core.environment:checking '/home/jackfeels/Documents/PROYECTO_TURTLEBOT/install/follow_controller/lib/pkgconfig/follow_controller.pc'
[1.285s] Level 1:colcon.colcon_core.environment:checking '/home/jackfeels/Documents/PROYECTO_TURTLEBOT/install/follow_controller/lib/python3.10/site-packages'
[1.285s] Level 1:colcon.colcon_core.shell:create_environment_hook('follow_controller', 'pythonpath')
[1.285s] INFO:colcon.colcon_core.shell:Creating environment hook '/home/jackfeels/Documents/PROYECTO_TURTLEBOT/install/follow_controller/share/follow_controller/hook/pythonpath.ps1'
[1.285s] INFO:colcon.colcon_core.shell:Creating environment descriptor '/home/jackfeels/Documents/PROYECTO_TURTLEBOT/install/follow_controller/share/follow_controller/hook/pythonpath.dsv'
[1.286s] INFO:colcon.colcon_core.shell:Creating environment hook '/home/jackfeels/Documents/PROYECTO_TURTLEBOT/install/follow_controller/share/follow_controller/hook/pythonpath.sh'
[1.286s] Level 1:colcon.colcon_core.environment:checking '/home/jackfeels/Documents/PROYECTO_TURTLEBOT/install/follow_controller/bin'
[1.286s] Level 1:colcon.colcon_core.environment:create_environment_scripts_only(follow_controller)
[1.286s] INFO:colcon.colcon_core.shell:Creating package script '/home/jackfeels/Documents/PROYECTO_TURTLEBOT/install/follow_controller/share/follow_controller/package.ps1'
[1.287s] INFO:colcon.colcon_core.shell:Creating package descriptor '/home/jackfeels/Documents/PROYECTO_TURTLEBOT/install/follow_controller/share/follow_controller/package.dsv'
[1.287s] INFO:colcon.colcon_core.shell:Creating package script '/home/jackfeels/Documents/PROYECTO_TURTLEBOT/install/follow_controller/share/follow_controller/package.sh'
[1.287s] INFO:colcon.colcon_core.shell:Creating package script '/home/jackfeels/Documents/PROYECTO_TURTLEBOT/install/follow_controller/share/follow_controller/package.bash'
[1.287s] INFO:colcon.colcon_core.shell:Creating package script '/home/jackfeels/Documents/PROYECTO_TURTLEBOT/install/follow_controller/share/follow_controller/package.zsh'
[1.288s] Level 1:colcon.colcon_core.environment:create_file_with_runtime_dependencies(/home/jackfeels/Documents/PROYECTO_TURTLEBOT/install/follow_controller/share/colcon-core/packages/follow_controller)
[1.289s] Level 1:colcon.colcon_core.environment:checking '/home/jackfeels/Documents/PROYECTO_TURTLEBOT/install/debug_visualizer' for CMake module files
[1.289s] DEBUG:colcon.colcon_core.event_handler.log_command:Invoked command in '/home/jackfeels/Documents/PROYECTO_TURTLEBOT/src/debug_visualizer' returned '0': CMAKE_PREFIX_PATH=/home/jackfeels/Documents/PROYECTO_TURTLEBOT/install/tb3_interfaces:${CMAKE_PREFIX_PATH} LD_LIBRARY_PATH=/home/jackfeels/Documents/PROYECTO_TURTLEBOT/install/tb3_interfaces/lib:${LD_LIBRARY_PATH} PKG_CONFIG_PATH=/home/jackfeels/Documents/PROYECTO_TURTLEBOT/install/tb3_interfaces/lib/aarch64-linux-gnu/pkgconfig:/home/jackfeels/Documents/PROYECTO_TURTLEBOT/install/tb3_interfaces/lib/pkgconfig PYTHONPATH=/home/jackfeels/Documents/PROYECTO_TURTLEBOT/build/debug_visualizer/prefix_override:/usr/lib/python3/dist-packages/colcon_core/task/python/colcon_distutils_commands:/home/jackfeels/Documents/PROYECTO_TURTLEBOT/install/debug_visualizer/lib/python3.10/site-packages:/home/jackfeels/Documents/PROYECTO_TURTLEBOT/install/tb3_interfaces/local/lib/python3.10/dist-packages:${PYTHONPATH} ROS_PACKAGE_PATH=/home/jackfeels/Documents/PROYECTO_TURTLEBOT/install/tb3_interfaces/share /usr/bin/python3 -W ignore:setup.py install is deprecated -W ignore:easy_install command is deprecated setup.py egg_info --egg-base ../../build/debug_visualizer build --build-base /home/jackfeels/Documents/PROYECTO_TURTLEBOT/build/debug_visualizer/build install --record /home/jackfeels/Documents/PROYECTO_TURTLEBOT/build/debug_visualizer/install.log --single-version-externally-managed install_data
[1.289s] Level 1:colcon.colcon_core.environment:checking '/home/jackfeels/Documents/PROYECTO_TURTLEBOT/install/debug_visualizer' for CMake config files
[1.290s] Level 1:colcon.colcon_core.environment:checking '/home/jackfeels/Documents/PROYECTO_TURTLEBOT/install/debug_visualizer/lib'
[1.290s] Level 1:colcon.colcon_core.environment:checking '/home/jackfeels/Documents/PROYECTO_TURTLEBOT/install/debug_visualizer/bin'
[1.290s] Level 1:colcon.colcon_core.environment:checking '/home/jackfeels/Documents/PROYECTO_TURTLEBOT/install/debug_visualizer/lib/pkgconfig/debug_visualizer.pc'
[1.290s] Level 1:colcon.colcon_core.environment:checking '/home/jackfeels/Documents/PROYECTO_TURTLEBOT/install/debug_visualizer/lib/python3.10/site-packages'
[1.290s] Level 1:colcon.colcon_core.shell:create_environment_hook('debug_visualizer', 'pythonpath')
[1.290s] INFO:colcon.colcon_core.shell:Creating environment hook '/home/jackfeels/Documents/PROYECTO_TURTLEBOT/install/debug_visualizer/share/debug_visualizer/hook/pythonpath.ps1'
[1.290s] INFO:colcon.colcon_core.shell:Creating environment descriptor '/home/jackfeels/Documents/PROYECTO_TURTLEBOT/install/debug_visualizer/share/debug_visualizer/hook/pythonpath.dsv'
[1.290s] INFO:colcon.colcon_core.shell:Creating environment hook '/home/jackfeels/Documents/PROYECTO_TURTLEBOT/install/debug_visualizer/share/debug_visualizer/hook/pythonpath.sh'
[1.291s] Level 1:colcon.colcon_core.environment:checking '/home/jackfeels/Documents/PROYECTO_TURTLEBOT/install/debug_visualizer/bin'
[1.291s] Level 1:colcon.colcon_core.environment:create_environment_scripts_only(debug_visualizer)
[1.292s] INFO:colcon.colcon_core.shell:Creating package script '/home/jackfeels/Documents/PROYECTO_TURTLEBOT/install/debug_visualizer/share/debug_visualizer/package.ps1'
[1.292s] INFO:colcon.colcon_core.shell:Creating package descriptor '/home/jackfeels/Documents/PROYECTO_TURTLEBOT/install/debug_visualizer/share/debug_visualizer/package.dsv'
[1.292s] INFO:colcon.colcon_core.shell:Creating package script '/home/jackfeels/Documents/PROYECTO_TURTLEBOT/install/debug_visualizer/share/debug_visualizer/package.sh'
[1.292s] INFO:colcon.colcon_core.shell:Creating package script '/home/jackfeels/Documents/PROYECTO_TURTLEBOT/install/debug_visualizer/share/debug_visualizer/package.bash'
[1.293s] INFO:colcon.colcon_core.shell:Creating package script '/home/jackfeels/Documents/PROYECTO_TURTLEBOT/install/debug_visualizer/share/debug_visualizer/package.zsh'
[1.293s] Level 1:colcon.colcon_core.environment:create_file_with_runtime_dependencies(/home/jackfeels/Documents/PROYECTO_TURTLEBOT/install/debug_visualizer/share/colcon-core/packages/debug_visualizer)
[1.314s] DEBUG:colcon.colcon_core.event_handler.log_command:Invoking command in '/home/jackfeels/Documents/PROYECTO_TURTLEBOT/src/person_tracker': CMAKE_PREFIX_PATH=/home/jackfeels/Documents/PROYECTO_TURTLEBOT/install/tb3_interfaces:${CMAKE_PREFIX_PATH} LD_LIBRARY_PATH=/home/jackfeels/Documents/PROYECTO_TURTLEBOT/install/tb3_interfaces/lib:${LD_LIBRARY_PATH} PKG_CONFIG_PATH=/home/jackfeels/Documents/PROYECTO_TURTLEBOT/install/tb3_interfaces/lib/aarch64-linux-gnu/pkgconfig:/home/jackfeels/Documents/PROYECTO_TURTLEBOT/install/tb3_interfaces/lib/pkgconfig PYTHONPATH=/home/jackfeels/Documents/PROYECTO_TURTLEBOT/build/person_tracker/prefix_override:/usr/lib/python3/dist-packages/colcon_core/task/python/colcon_distutils_commands:/home/jackfeels/Documents/PROYECTO_TURTLEBOT/install/person_tracker/lib/python3.10/site-packages:/home/jackfeels/Documents/PROYECTO_TURTLEBOT/install/tb3_interfaces/local/lib/python3.10/dist-packages:${PYTHONPATH} ROS_PACKAGE_PATH=/home/jackfeels/Documents/PROYECTO_TURTLEBOT/install/tb3_interfaces/share /usr/bin/python3 -W ignore:setup.py install is deprecated -W ignore:easy_install command is deprecated setup.py egg_info --egg-base ../../build/person_tracker build --build-base /home/jackfeels/Documents/PROYECTO_TURTLEBOT/build/person_tracker/build install --record /home/jackfeels/Documents/PROYECTO_TURTLEBOT/build/person_tracker/install.log --single-version-externally-managed install_data
[1.451s] DEBUG:colcon.colcon_core.event_handler.log_command:Invoking command in '/home/jackfeels/Documents/PROYECTO_TURTLEBOT/src/target_selector': CMAKE_PREFIX_PATH=/home/jackfeels/Documents/PROYECTO_TURTLEBOT/install/tb3_interfaces:${CMAKE_PREFIX_PATH} LD_LIBRARY_PATH=/home/jackfeels/Documents/PROYECTO_TURTLEBOT/install/tb3_interfaces/lib:${LD_LIBRARY_PATH} PKG_CONFIG_PATH=/home/jackfeels/Documents/PROYECTO_TURTLEBOT/install/tb3_interfaces/lib/aarch64-linux-gnu/pkgconfig:/home/jackfeels/Documents/PROYECTO_TURTLEBOT/install/tb3_interfaces/lib/pkgconfig PYTHONPATH=/home/jackfeels/Documents/PROYECTO_TURTLEBOT/build/target_selector/prefix_override:/usr/lib/python3/dist-packages/colcon_core/task/python/colcon_distutils_commands:/home/jackfeels/Documents/PROYECTO_TURTLEBOT/install/target_selector/lib/python3.10/site-packages:/home/jackfeels/Documents/PROYECTO_TURTLEBOT/install/tb3_interfaces/local/lib/python3.10/dist-packages:${PYTHONPATH} ROS_PACKAGE_PATH=/home/jackfeels/Documents/PROYECTO_TURTLEBOT/install/tb3_interfaces/share /usr/bin/python3 -W ignore:setup.py install is deprecated -W ignore:easy_install command is deprecated setup.py egg_info --egg-base ../../build/target_selector build --build-base /home/jackfeels/Documents/PROYECTO_TURTLEBOT/build/target_selector/build install --record /home/jackfeels/Documents/PROYECTO_TURTLEBOT/build/target_selector/install.log --single-version-externally-managed install_data
[1.526s] Level 1:colcon.colcon_core.environment:checking '/home/jackfeels/Documents/PROYECTO_TURTLEBOT/install/person_tracker' for CMake module files
[1.526s] DEBUG:colcon.colcon_core.event_handler.log_command:Invoked command in '/home/jackfeels/Documents/PROYECTO_TURTLEBOT/src/person_tracker' returned '0': CMAKE_PREFIX_PATH=/home/jackfeels/Documents/PROYECTO_TURTLEBOT/install/tb3_interfaces:${CMAKE_PREFIX_PATH} LD_LIBRARY_PATH=/home/jackfeels/Documents/PROYECTO_TURTLEBOT/install/tb3_interfaces/lib:${LD_LIBRARY_PATH} PKG_CONFIG_PATH=/home/jackfeels/Documents/PROYECTO_TURTLEBOT/install/tb3_interfaces/lib/aarch64-linux-gnu/pkgconfig:/home/jackfeels/Documents/PROYECTO_TURTLEBOT/install/tb3_interfaces/lib/pkgconfig PYTHONPATH=/home/jackfeels/Documents/PROYECTO_TURTLEBOT/build/person_tracker/prefix_override:/usr/lib/python3/dist-packages/colcon_core/task/python/colcon_distutils_commands:/home/jackfeels/Documents/PROYECTO_TURTLEBOT/install/person_tracker/lib/python3.10/site-packages:/home/jackfeels/Documents/PROYECTO_TURTLEBOT/install/tb3_interfaces/local/lib/python3.10/dist-packages:${PYTHONPATH} ROS_PACKAGE_PATH=/home/jackfeels/Documents/PROYECTO_TURTLEBOT/install/tb3_interfaces/share /usr/bin/python3 -W ignore:setup.py install is deprecated -W ignore:easy_install command is deprecated setup.py egg_info --egg-base ../../build/person_tracker build --build-base /home/jackfeels/Documents/PROYECTO_TURTLEBOT/build/person_tracker/build install --record /home/jackfeels/Documents/PROYECTO_TURTLEBOT/build/person_tracker/install.log --single-version-externally-managed install_data
[1.526s] Level 1:colcon.colcon_core.environment:checking '/home/jackfeels/Documents/PROYECTO_TURTLEBOT/install/person_tracker' for CMake config files
[1.527s] Level 1:colcon.colcon_core.environment:checking '/home/jackfeels/Documents/PROYECTO_TURTLEBOT/install/person_tracker/lib'
[1.527s] Level 1:colcon.colcon_core.environment:checking '/home/jackfeels/Documents/PROYECTO_TURTLEBOT/install/person_tracker/bin'
[1.527s] Level 1:colcon.colcon_core.environment:checking '/home/jackfeels/Documents/PROYECTO_TURTLEBOT/install/person_tracker/lib/pkgconfig/person_tracker.pc'
[1.527s] Level 1:colcon.colcon_core.environment:checking '/home/jackfeels/Documents/PROYECTO_TURTLEBOT/install/person_tracker/lib/python3.10/site-packages'
[1.527s] Level 1:colcon.colcon_core.shell:create_environment_hook('person_tracker', 'pythonpath')
[1.527s] INFO:colcon.colcon_core.shell:Creating environment hook '/home/jackfeels/Documents/PROYECTO_TURTLEBOT/install/person_tracker/share/person_tracker/hook/pythonpath.ps1'
[1.527s] INFO:colcon.colcon_core.shell:Creating environment descriptor '/home/jackfeels/Documents/PROYECTO_TURTLEBOT/install/person_tracker/share/person_tracker/hook/pythonpath.dsv'
[1.527s] INFO:colcon.colcon_core.shell:Creating environment hook '/home/jackfeels/Documents/PROYECTO_TURTLEBOT/install/person_tracker/share/person_tracker/hook/pythonpath.sh'
[1.528s] Level 1:colcon.colcon_core.environment:checking '/home/jackfeels/Documents/PROYECTO_TURTLEBOT/install/person_tracker/bin'
[1.528s] Level 1:colcon.colcon_core.environment:create_environment_scripts_only(person_tracker)
[1.528s] INFO:colcon.colcon_core.shell:Creating package script '/home/jackfeels/Documents/PROYECTO_TURTLEBOT/install/person_tracker/share/person_tracker/package.ps1'
[1.528s] INFO:colcon.colcon_core.shell:Creating package descriptor '/home/jackfeels/Documents/PROYECTO_TURTLEBOT/install/person_tracker/share/person_tracker/package.dsv'
[1.528s] INFO:colcon.colcon_core.shell:Creating package script '/home/jackfeels/Documents/PROYECTO_TURTLEBOT/install/person_tracker/share/person_tracker/package.sh'
[1.529s] INFO:colcon.colcon_core.shell:Creating package script '/home/jackfeels/Documents/PROYECTO_TURTLEBOT/install/person_tracker/share/person_tracker/package.bash'
[1.529s] INFO:colcon.colcon_core.shell:Creating package script '/home/jackfeels/Documents/PROYECTO_TURTLEBOT/install/person_tracker/share/person_tracker/package.zsh'
[1.529s] Level 1:colcon.colcon_core.environment:create_file_with_runtime_dependencies(/home/jackfeels/Documents/PROYECTO_TURTLEBOT/install/person_tracker/share/colcon-core/packages/person_tracker)
[1.671s] Level 1:colcon.colcon_core.environment:checking '/home/jackfeels/Documents/PROYECTO_TURTLEBOT/install/target_selector' for CMake module files
[1.672s] DEBUG:colcon.colcon_core.event_handler.log_command:Invoked command in '/home/jackfeels/Documents/PROYECTO_TURTLEBOT/src/target_selector' returned '0': CMAKE_PREFIX_PATH=/home/jackfeels/Documents/PROYECTO_TURTLEBOT/install/tb3_interfaces:${CMAKE_PREFIX_PATH} LD_LIBRARY_PATH=/home/jackfeels/Documents/PROYECTO_TURTLEBOT/install/tb3_interfaces/lib:${LD_LIBRARY_PATH} PKG_CONFIG_PATH=/home/jackfeels/Documents/PROYECTO_TURTLEBOT/install/tb3_interfaces/lib/aarch64-linux-gnu/pkgconfig:/home/jackfeels/Documents/PROYECTO_TURTLEBOT/install/tb3_interfaces/lib/pkgconfig PYTHONPATH=/home/jackfeels/Documents/PROYECTO_TURTLEBOT/build/target_selector/prefix_override:/usr/lib/python3/dist-packages/colcon_core/task/python/colcon_distutils_commands:/home/jackfeels/Documents/PROYECTO_TURTLEBOT/install/target_selector/lib/python3.10/site-packages:/home/jackfeels/Documents/PROYECTO_TURTLEBOT/install/tb3_interfaces/local/lib/python3.10/dist-packages:${PYTHONPATH} ROS_PACKAGE_PATH=/home/jackfeels/Documents/PROYECTO_TURTLEBOT/install/tb3_interfaces/share /usr/bin/python3 -W ignore:setup.py install is deprecated -W ignore:easy_install command is deprecated setup.py egg_info --egg-base ../../build/target_selector build --build-base /home/jackfeels/Documents/PROYECTO_TURTLEBOT/build/target_selector/build install --record /home/jackfeels/Documents/PROYECTO_TURTLEBOT/build/target_selector/install.log --single-version-externally-managed install_data
[1.672s] Level 1:colcon.colcon_core.environment:checking '/home/jackfeels/Documents/PROYECTO_TURTLEBOT/install/target_selector' for CMake config files
[1.672s] Level 1:colcon.colcon_core.environment:checking '/home/jackfeels/Documents/PROYECTO_TURTLEBOT/install/target_selector/lib'
[1.672s] Level 1:colcon.colcon_core.environment:checking '/home/jackfeels/Documents/PROYECTO_TURTLEBOT/install/target_selector/bin'
[1.672s] Level 1:colcon.colcon_core.environment:checking '/home/jackfeels/Documents/PROYECTO_TURTLEBOT/install/target_selector/lib/pkgconfig/target_selector.pc'
[1.672s] Level 1:colcon.colcon_core.environment:checking '/home/jackfeels/Documents/PROYECTO_TURTLEBOT/install/target_selector/lib/python3.10/site-packages'
[1.672s] Level 1:colcon.colcon_core.shell:create_environment_hook('target_selector', 'pythonpath')
[1.673s] INFO:colcon.colcon_core.shell:Creating environment hook '/home/jackfeels/Documents/PROYECTO_TURTLEBOT/install/target_selector/share/target_selector/hook/pythonpath.ps1'
[1.673s] INFO:colcon.colcon_core.shell:Creating environment descriptor '/home/jackfeels/Documents/PROYECTO_TURTLEBOT/install/target_selector/share/target_selector/hook/pythonpath.dsv'
[1.673s] INFO:colcon.colcon_core.shell:Creating environment hook '/home/jackfeels/Documents/PROYECTO_TURTLEBOT/install/target_selector/share/target_selector/hook/pythonpath.sh'
[1.674s] Level 1:colcon.colcon_core.environment:checking '/home/jackfeels/Documents/PROYECTO_TURTLEBOT/install/target_selector/bin'
[1.674s] Level 1:colcon.colcon_core.environment:create_environment_scripts_only(target_selector)
[1.674s] INFO:colcon.colcon_core.shell:Creating package script '/home/jackfeels/Documents/PROYECTO_TURTLEBOT/install/target_selector/share/target_selector/package.ps1'
[1.675s] INFO:colcon.colcon_core.shell:Creating package descriptor '/home/jackfeels/Documents/PROYECTO_TURTLEBOT/install/target_selector/share/target_selector/package.dsv'
[1.675s] INFO:colcon.colcon_core.shell:Creating package script '/home/jackfeels/Documents/PROYECTO_TURTLEBOT/install/target_selector/share/target_selector/package.sh'
[1.675s] INFO:colcon.colcon_core.shell:Creating package script '/home/jackfeels/Documents/PROYECTO_TURTLEBOT/install/target_selector/share/target_selector/package.bash'
[1.675s] INFO:colcon.colcon_core.shell:Creating package script '/home/jackfeels/Documents/PROYECTO_TURTLEBOT/install/target_selector/share/target_selector/package.zsh'
[1.675s] Level 1:colcon.colcon_core.environment:create_file_with_runtime_dependencies(/home/jackfeels/Documents/PROYECTO_TURTLEBOT/install/target_selector/share/colcon-core/packages/target_selector)
[1.676s] DEBUG:colcon.colcon_parallel_executor.executor.parallel:closing loop
[1.676s] DEBUG:colcon.colcon_parallel_executor.executor.parallel:loop closed
[1.677s] DEBUG:colcon.colcon_parallel_executor.executor.parallel:run_until_complete finished with '0'
[1.677s] DEBUG:colcon.colcon_core.event_reactor:joining thread
[1.680s] INFO:colcon.colcon_core.plugin_system:Skipping extension 'colcon_notification.desktop_notification.terminal_notifier': Not used on non-Darwin systems
[1.680s] INFO:colcon.colcon_core.plugin_system:Skipping extension 'colcon_notification.desktop_notification.win32': Not used on non-Windows systems
[1.680s] INFO:colcon.colcon_notification.desktop_notification:Sending desktop notification using 'notify2'
[1.688s] DEBUG:colcon.colcon_core.event_reactor:joined thread
[1.688s] INFO:colcon.colcon_core.shell:Creating prefix script '/home/jackfeels/Documents/PROYECTO_TURTLEBOT/install/local_setup.ps1'
[1.689s] INFO:colcon.colcon_core.shell:Creating prefix util module '/home/jackfeels/Documents/PROYECTO_TURTLEBOT/install/_local_setup_util_ps1.py'
[1.690s] INFO:colcon.colcon_core.shell:Creating prefix chain script '/home/jackfeels/Documents/PROYECTO_TURTLEBOT/install/setup.ps1'
[1.691s] INFO:colcon.colcon_core.shell:Creating prefix script '/home/jackfeels/Documents/PROYECTO_TURTLEBOT/install/local_setup.sh'
[1.691s] INFO:colcon.colcon_core.shell:Creating prefix util module '/home/jackfeels/Documents/PROYECTO_TURTLEBOT/install/_local_setup_util_sh.py'
[1.691s] INFO:colcon.colcon_core.shell:Creating prefix chain script '/home/jackfeels/Documents/PROYECTO_TURTLEBOT/install/setup.sh'
[1.692s] INFO:colcon.colcon_core.shell:Creating prefix script '/home/jackfeels/Documents/PROYECTO_TURTLEBOT/install/local_setup.bash'
[1.692s] INFO:colcon.colcon_core.shell:Creating prefix chain script '/home/jackfeels/Documents/PROYECTO_TURTLEBOT/install/setup.bash'
[1.694s] INFO:colcon.colcon_core.shell:Creating prefix script '/home/jackfeels/Documents/PROYECTO_TURTLEBOT/install/local_setup.zsh'
[1.694s] INFO:colcon.colcon_core.shell:Creating prefix chain script '/home/jackfeels/Documents/PROYECTO_TURTLEBOT/install/setup.zsh'
