running egg_info
writing ../../build/debug_visualizer/debug_visualizer.egg-info/PKG-INFO
writing dependency_links to ../../build/debug_visualizer/debug_visualizer.egg-info/dependency_links.txt
writing entry points to ../../build/debug_visualizer/debug_visualizer.egg-info/entry_points.txt
writing requirements to ../../build/debug_visualizer/debug_visualizer.egg-info/requires.txt
writing top-level names to ../../build/debug_visualizer/debug_visualizer.egg-info/top_level.txt
reading manifest file '../../build/debug_visualizer/debug_visualizer.egg-info/SOURCES.txt'
writing manifest file '../../build/debug_visualizer/debug_visualizer.egg-info/SOURCES.txt'
running build
running build_py
copying debug_visualizer/debug_visualizer_node.py -> /home/jackfeels/Documents/PROYECTO_TURTLEBOT/build/debug_visualizer/build/lib/debug_visualizer
copying debug_visualizer/__init__.py -> /home/jackfeels/Documents/PROYECTO_TURTLEBOT/build/debug_visualizer/build/lib/debug_visualizer
running install
running install_lib
running install_data
copying resource/debug_visualizer -> /home/jackfeels/Documents/PROYECTO_TURTLEBOT/install/debug_visualizer/share/ament_index/resource_index/packages
copying package.xml -> /home/jackfeels/Documents/PROYECTO_TURTLEBOT/install/debug_visualizer/share/debug_visualizer
running install_egg_info
removing '/home/jackfeels/Documents/PROYECTO_TURTLEBOT/install/debug_visualizer/lib/python3.10/site-packages/debug_visualizer-0.0.1-py3.10.egg-info' (and everything under it)
Copying ../../build/debug_visualizer/debug_visualizer.egg-info to /home/jackfeels/Documents/PROYECTO_TURTLEBOT/install/debug_visualizer/lib/python3.10/site-packages/debug_visualizer-0.0.1-py3.10.egg-info
running install_scripts
Installing debug_visualizer_node script to /home/jackfeels/Documents/PROYECTO_TURTLEBOT/install/debug_visualizer/lib/debug_visualizer
writing list of installed files to '/home/jackfeels/Documents/PROYECTO_TURTLEBOT/build/debug_visualizer/install.log'
