[0.601s] Invoking command in '/home/jackfeels/Documents/PROYECTO_TURTLEBOT/src/gesture_detector': PYTHONPATH=/home/jackfeels/Documents/PROYECTO_TURTLEBOT/build/gesture_detector/prefix_override:/usr/lib/python3/dist-packages/colcon_core/task/python/colcon_distutils_commands:/home/jackfeels/Documents/PROYECTO_TURTLEBOT/install/gesture_detector/lib/python3.10/site-packages:${PYTHONPATH} /usr/bin/python3 -W ignore:setup.py install is deprecated -W ignore:easy_install command is deprecated setup.py egg_info --egg-base ../../build/gesture_detector build --build-base /home/jackfeels/Documents/PROYECTO_TURTLEBOT/build/gesture_detector/build install --record /home/jackfeels/Documents/PROYECTO_TURTLEBOT/build/gesture_detector/install.log --single-version-externally-managed install_data
[0.734s] running egg_info
[0.741s] writing ../../build/gesture_detector/gesture_detector.egg-info/PKG-INFO
[0.742s] writing dependency_links to ../../build/gesture_detector/gesture_detector.egg-info/dependency_links.txt
[0.742s] writing entry points to ../../build/gesture_detector/gesture_detector.egg-info/entry_points.txt
[0.742s] writing requirements to ../../build/gesture_detector/gesture_detector.egg-info/requires.txt
[0.742s] writing top-level names to ../../build/gesture_detector/gesture_detector.egg-info/top_level.txt
[0.758s] reading manifest file '../../build/gesture_detector/gesture_detector.egg-info/SOURCES.txt'
[0.759s] writing manifest file '../../build/gesture_detector/gesture_detector.egg-info/SOURCES.txt'
[0.759s] running build
[0.759s] running build_py
[0.759s] copying gesture_detector/gesture_detector_node.py -> /home/jackfeels/Documents/PROYECTO_TURTLEBOT/build/gesture_detector/build/lib/gesture_detector
[0.760s] copying gesture_detector/__init__.py -> /home/jackfeels/Documents/PROYECTO_TURTLEBOT/build/gesture_detector/build/lib/gesture_detector
[0.760s] running install
[0.762s] running install_lib
[0.770s] running install_data
[0.770s] copying resource/gesture_detector -> /home/jackfeels/Documents/PROYECTO_TURTLEBOT/install/gesture_detector/share/ament_index/resource_index/packages
[0.771s] copying package.xml -> /home/jackfeels/Documents/PROYECTO_TURTLEBOT/install/gesture_detector/share/gesture_detector
[0.771s] running install_egg_info
[0.779s] removing '/home/jackfeels/Documents/PROYECTO_TURTLEBOT/install/gesture_detector/lib/python3.10/site-packages/gesture_detector-0.0.1-py3.10.egg-info' (and everything under it)
[0.792s] Copying ../../build/gesture_detector/gesture_detector.egg-info to /home/jackfeels/Documents/PROYECTO_TURTLEBOT/install/gesture_detector/lib/python3.10/site-packages/gesture_detector-0.0.1-py3.10.egg-info
[0.793s] running install_scripts
[0.809s] Installing gesture_detector_node script to /home/jackfeels/Documents/PROYECTO_TURTLEBOT/install/gesture_detector/lib/gesture_detector
[0.809s] writing list of installed files to '/home/jackfeels/Documents/PROYECTO_TURTLEBOT/build/gesture_detector/install.log'
[0.833s] Invoked command in '/home/jackfeels/Documents/PROYECTO_TURTLEBOT/src/gesture_detector' returned '0': PYTHONPATH=/home/jackfeels/Documents/PROYECTO_TURTLEBOT/build/gesture_detector/prefix_override:/usr/lib/python3/dist-packages/colcon_core/task/python/colcon_distutils_commands:/home/jackfeels/Documents/PROYECTO_TURTLEBOT/install/gesture_detector/lib/python3.10/site-packages:${PYTHONPATH} /usr/bin/python3 -W ignore:setup.py install is deprecated -W ignore:easy_install command is deprecated setup.py egg_info --egg-base ../../build/gesture_detector build --build-base /home/jackfeels/Documents/PROYECTO_TURTLEBOT/build/gesture_detector/build install --record /home/jackfeels/Documents/PROYECTO_TURTLEBOT/build/gesture_detector/install.log --single-version-externally-managed install_data
