[0.373s] Invoking command in '/home/jackfeels/Documents/PROYECTO_TURTLEBOT/src/target_selector': CMAKE_PREFIX_PATH=/home/jackfeels/Documents/PROYECTO_TURTLEBOT/install/tb3_interfaces:${CMAKE_PREFIX_PATH} LD_LIBRARY_PATH=/home/jackfeels/Documents/PROYECTO_TURTLEBOT/install/tb3_interfaces/lib:${LD_LIBRARY_PATH} PKG_CONFIG_PATH=/home/jackfeels/Documents/PROYECTO_TURTLEBOT/install/tb3_interfaces/lib/aarch64-linux-gnu/pkgconfig:/home/jackfeels/Documents/PROYECTO_TURTLEBOT/install/tb3_interfaces/lib/pkgconfig PYTHONPATH=/home/jackfeels/Documents/PROYECTO_TURTLEBOT/build/target_selector/prefix_override:/usr/lib/python3/dist-packages/colcon_core/task/python/colcon_distutils_commands:/home/jackfeels/Documents/PROYECTO_TURTLEBOT/install/target_selector/lib/python3.10/site-packages:/home/jackfeels/Documents/PROYECTO_TURTLEBOT/install/tb3_interfaces/local/lib/python3.10/dist-packages:${PYTHONPATH} ROS_PACKAGE_PATH=/home/jackfeels/Documents/PROYECTO_TURTLEBOT/install/tb3_interfaces/share /usr/bin/python3 -W ignore:setup.py install is deprecated -W ignore:easy_install command is deprecated setup.py egg_info --egg-base ../../build/target_selector build --build-base /home/jackfeels/Documents/PROYECTO_TURTLEBOT/build/target_selector/build install --record /home/jackfeels/Documents/PROYECTO_TURTLEBOT/build/target_selector/install.log --single-version-externally-managed install_data
[0.505s] running egg_info
[0.513s] writing ../../build/target_selector/target_selector.egg-info/PKG-INFO
[0.513s] writing dependency_links to ../../build/target_selector/target_selector.egg-info/dependency_links.txt
[0.513s] writing entry points to ../../build/target_selector/target_selector.egg-info/entry_points.txt
[0.514s] writing requirements to ../../build/target_selector/target_selector.egg-info/requires.txt
[0.514s] writing top-level names to ../../build/target_selector/target_selector.egg-info/top_level.txt
[0.530s] reading manifest file '../../build/target_selector/target_selector.egg-info/SOURCES.txt'
[0.531s] writing manifest file '../../build/target_selector/target_selector.egg-info/SOURCES.txt'
[0.531s] running build
[0.531s] running build_py
[0.531s] copying target_selector/target_selector_node.py -> /home/jackfeels/Documents/PROYECTO_TURTLEBOT/build/target_selector/build/lib/target_selector
[0.531s] copying target_selector/__init__.py -> /home/jackfeels/Documents/PROYECTO_TURTLEBOT/build/target_selector/build/lib/target_selector
[0.531s] running install
[0.534s] running install_lib
[0.542s] copying /home/jackfeels/Documents/PROYECTO_TURTLEBOT/build/target_selector/build/lib/target_selector/target_selector_node.py -> /home/jackfeels/Documents/PROYECTO_TURTLEBOT/install/target_selector/lib/python3.10/site-packages/target_selector
[0.542s] byte-compiling /home/jackfeels/Documents/PROYECTO_TURTLEBOT/install/target_selector/lib/python3.10/site-packages/target_selector/target_selector_node.py to target_selector_node.cpython-310.pyc
[0.543s] running install_data
[0.543s] copying resource/target_selector -> /home/jackfeels/Documents/PROYECTO_TURTLEBOT/install/target_selector/share/ament_index/resource_index/packages
[0.543s] copying package.xml -> /home/jackfeels/Documents/PROYECTO_TURTLEBOT/install/target_selector/share/target_selector
[0.543s] running install_egg_info
[0.552s] removing '/home/jackfeels/Documents/PROYECTO_TURTLEBOT/install/target_selector/lib/python3.10/site-packages/target_selector-0.0.1-py3.10.egg-info' (and everything under it)
[0.552s] Copying ../../build/target_selector/target_selector.egg-info to /home/jackfeels/Documents/PROYECTO_TURTLEBOT/install/target_selector/lib/python3.10/site-packages/target_selector-0.0.1-py3.10.egg-info
[0.553s] running install_scripts
[0.569s] Installing target_selector_node script to /home/jackfeels/Documents/PROYECTO_TURTLEBOT/install/target_selector/lib/target_selector
[0.569s] writing list of installed files to '/home/jackfeels/Documents/PROYECTO_TURTLEBOT/build/target_selector/install.log'
[0.585s] Invoked command in '/home/jackfeels/Documents/PROYECTO_TURTLEBOT/src/target_selector' returned '0': CMAKE_PREFIX_PATH=/home/jackfeels/Documents/PROYECTO_TURTLEBOT/install/tb3_interfaces:${CMAKE_PREFIX_PATH} LD_LIBRARY_PATH=/home/jackfeels/Documents/PROYECTO_TURTLEBOT/install/tb3_interfaces/lib:${LD_LIBRARY_PATH} PKG_CONFIG_PATH=/home/jackfeels/Documents/PROYECTO_TURTLEBOT/install/tb3_interfaces/lib/aarch64-linux-gnu/pkgconfig:/home/jackfeels/Documents/PROYECTO_TURTLEBOT/install/tb3_interfaces/lib/pkgconfig PYTHONPATH=/home/jackfeels/Documents/PROYECTO_TURTLEBOT/build/target_selector/prefix_override:/usr/lib/python3/dist-packages/colcon_core/task/python/colcon_distutils_commands:/home/jackfeels/Documents/PROYECTO_TURTLEBOT/install/target_selector/lib/python3.10/site-packages:/home/jackfeels/Documents/PROYECTO_TURTLEBOT/install/tb3_interfaces/local/lib/python3.10/dist-packages:${PYTHONPATH} ROS_PACKAGE_PATH=/home/jackfeels/Documents/PROYECTO_TURTLEBOT/install/tb3_interfaces/share /usr/bin/python3 -W ignore:setup.py install is deprecated -W ignore:easy_install command is deprecated setup.py egg_info --egg-base ../../build/target_selector build --build-base /home/jackfeels/Documents/PROYECTO_TURTLEBOT/build/target_selector/build install --record /home/jackfeels/Documents/PROYECTO_TURTLEBOT/build/target_selector/install.log --single-version-externally-managed install_data
