[0.636s] Invoking command in '/home/jackfeels/Documents/PROYECTO_TURTLEBOT/src/gesture_detector': PYTHONPATH=/home/jackfeels/Documents/PROYECTO_TURTLEBOT/build/gesture_detector/prefix_override:/usr/lib/python3/dist-packages/colcon_core/task/python/colcon_distutils_commands:/home/jackfeels/Documents/PROYECTO_TURTLEBOT/install/gesture_detector/lib/python3.10/site-packages:${PYTHONPATH} /usr/bin/python3 -W ignore:setup.py install is deprecated -W ignore:easy_install command is deprecated setup.py egg_info --egg-base ../../build/gesture_detector build --build-base /home/jackfeels/Documents/PROYECTO_TURTLEBOT/build/gesture_detector/build install --record /home/jackfeels/Documents/PROYECTO_TURTLEBOT/build/gesture_detector/install.log --single-version-externally-managed install_data
[0.771s] running egg_info
[0.778s] writing ../../build/gesture_detector/gesture_detector.egg-info/PKG-INFO
[0.779s] writing dependency_links to ../../build/gesture_detector/gesture_detector.egg-info/dependency_links.txt
[0.779s] writing entry points to ../../build/gesture_detector/gesture_detector.egg-info/entry_points.txt
[0.779s] writing requirements to ../../build/gesture_detector/gesture_detector.egg-info/requires.txt
[0.779s] writing top-level names to ../../build/gesture_detector/gesture_detector.egg-info/top_level.txt
[0.795s] reading manifest file '../../build/gesture_detector/gesture_detector.egg-info/SOURCES.txt'
[0.796s] writing manifest file '../../build/gesture_detector/gesture_detector.egg-info/SOURCES.txt'
[0.796s] running build
[0.796s] running build_py
[0.797s] copying gesture_detector/gesture_detector_node.py -> /home/jackfeels/Documents/PROYECTO_TURTLEBOT/build/gesture_detector/build/lib/gesture_detector
[0.797s] copying gesture_detector/__init__.py -> /home/jackfeels/Documents/PROYECTO_TURTLEBOT/build/gesture_detector/build/lib/gesture_detector
[0.797s] running install
[0.800s] running install_lib
[0.808s] copying /home/jackfeels/Documents/PROYECTO_TURTLEBOT/build/gesture_detector/build/lib/gesture_detector/gesture_detector_node.py -> /home/jackfeels/Documents/PROYECTO_TURTLEBOT/install/gesture_detector/lib/python3.10/site-packages/gesture_detector
[0.808s] byte-compiling /home/jackfeels/Documents/PROYECTO_TURTLEBOT/install/gesture_detector/lib/python3.10/site-packages/gesture_detector/gesture_detector_node.py to gesture_detector_node.cpython-310.pyc
[0.809s] running install_data
[0.809s] copying resource/gesture_detector -> /home/jackfeels/Documents/PROYECTO_TURTLEBOT/install/gesture_detector/share/ament_index/resource_index/packages
[0.810s] copying package.xml -> /home/jackfeels/Documents/PROYECTO_TURTLEBOT/install/gesture_detector/share/gesture_detector
[0.810s] running install_egg_info
[0.818s] removing '/home/jackfeels/Documents/PROYECTO_TURTLEBOT/install/gesture_detector/lib/python3.10/site-packages/gesture_detector-0.0.1-py3.10.egg-info' (and everything under it)
[0.818s] Copying ../../build/gesture_detector/gesture_detector.egg-info to /home/jackfeels/Documents/PROYECTO_TURTLEBOT/install/gesture_detector/lib/python3.10/site-packages/gesture_detector-0.0.1-py3.10.egg-info
[0.819s] running install_scripts
[0.837s] Installing gesture_detector_node script to /home/jackfeels/Documents/PROYECTO_TURTLEBOT/install/gesture_detector/lib/gesture_detector
[0.837s] writing list of installed files to '/home/jackfeels/Documents/PROYECTO_TURTLEBOT/build/gesture_detector/install.log'
[0.864s] Invoked command in '/home/jackfeels/Documents/PROYECTO_TURTLEBOT/src/gesture_detector' returned '0': PYTHONPATH=/home/jackfeels/Documents/PROYECTO_TURTLEBOT/build/gesture_detector/prefix_override:/usr/lib/python3/dist-packages/colcon_core/task/python/colcon_distutils_commands:/home/jackfeels/Documents/PROYECTO_TURTLEBOT/install/gesture_detector/lib/python3.10/site-packages:${PYTHONPATH} /usr/bin/python3 -W ignore:setup.py install is deprecated -W ignore:easy_install command is deprecated setup.py egg_info --egg-base ../../build/gesture_detector build --build-base /home/jackfeels/Documents/PROYECTO_TURTLEBOT/build/gesture_detector/build install --record /home/jackfeels/Documents/PROYECTO_TURTLEBOT/build/gesture_detector/install.log --single-version-externally-managed install_data
