[0.086s] DEBUG:colcon:Command line arguments: ['/usr/bin/colcon', 'build']
[0.086s] DEBUG:colcon:Parsed command line arguments: Namespace(log_base=None, log_level=None, verb_name='build', build_base='build', install_base='install', merge_install=False, symlink_install=False, test_result_base=None, continue_on_error=False, executor='parallel', parallel_workers=2, event_handlers=None, ignore_user_meta=False, metas=['./colcon.meta'], base_paths=['.'], packages_ignore=None, packages_ignore_regex=None, paths=None, packages_up_to=None, packages_up_to_regex=None, packages_above=None, packages_above_and_dependencies=None, packages_above_depth=None, packages_select_by_dep=None, packages_skip_by_dep=None, packages_skip_up_to=None, packages_select_build_failed=False, packages_skip_build_finished=False, packages_select_test_failures=False, packages_skip_test_passed=False, packages_select=None, packages_skip=None, packages_select_regex=None, packages_skip_regex=None, packages_start=None, packages_end=None, allow_overriding=[], cmake_args=None, cmake_target=None, cmake_target_skip_unavailable=False, cmake_clean_cache=False, cmake_clean_first=False, cmake_force_configure=False, ament_cmake_args=None, catkin_cmake_args=None, catkin_skip_building_tests=False, verb_parser=<colcon_defaults.argument_parser.defaults.DefaultArgumentsDecorator object at 0xffff80066bc0>, verb_extension=<colcon_core.verb.build.BuildVerb object at 0xffff8023c640>, main=<bound method BuildVerb.main of <colcon_core.verb.build.BuildVerb object at 0xffff8023c640>>)
[0.112s] Level 1:colcon.colcon_core.package_discovery:discover_packages(colcon_meta) check parameters
[0.112s] Level 1:colcon.colcon_core.package_discovery:discover_packages(recursive) check parameters
[0.112s] Level 1:colcon.colcon_core.package_discovery:discover_packages(ignore) check parameters
[0.112s] Level 1:colcon.colcon_core.package_discovery:discover_packages(path) check parameters
[0.112s] Level 1:colcon.colcon_core.package_discovery:discover_packages(colcon_meta) discover
[0.112s] Level 1:colcon.colcon_core.package_discovery:discover_packages(recursive) discover
[0.112s] INFO:colcon.colcon_core.package_discovery:Crawling recursively for packages in '/home/jackfeels/Documents/PROYECTO_TURTLEBOT'
[0.112s] Level 1:colcon.colcon_core.package_identification:_identify(.) by extensions ['ignore', 'ignore_ament_install']
[0.112s] Level 1:colcon.colcon_core.package_identification:_identify(.) by extension 'ignore'
[0.112s] Level 1:colcon.colcon_core.package_identification:_identify(.) by extension 'ignore_ament_install'
[0.112s] Level 1:colcon.colcon_core.package_identification:_identify(.) by extensions ['colcon_pkg']
[0.112s] Level 1:colcon.colcon_core.package_identification:_identify(.) by extension 'colcon_pkg'
[0.112s] Level 1:colcon.colcon_core.package_identification:_identify(.) by extensions ['colcon_meta']
[0.112s] Level 1:colcon.colcon_core.package_identification:_identify(.) by extension 'colcon_meta'
[0.112s] Level 1:colcon.colcon_core.package_identification:_identify(.) by extensions ['ros']
[0.112s] Level 1:colcon.colcon_core.package_identification:_identify(.) by extension 'ros'
[0.123s] Level 1:colcon.colcon_core.package_identification:_identify(.) by extensions ['cmake', 'python']
[0.123s] Level 1:colcon.colcon_core.package_identification:_identify(.) by extension 'cmake'
[0.123s] Level 1:colcon.colcon_core.package_identification:_identify(.) by extension 'python'
[0.123s] Level 1:colcon.colcon_core.package_identification:_identify(.) by extensions ['python_setup_py']
[0.123s] Level 1:colcon.colcon_core.package_identification:_identify(.) by extension 'python_setup_py'
[0.123s] Level 1:colcon.colcon_core.package_identification:_identify(build) by extensions ['ignore', 'ignore_ament_install']
[0.123s] Level 1:colcon.colcon_core.package_identification:_identify(build) by extension 'ignore'
[0.123s] Level 1:colcon.colcon_core.package_identification:_identify(build) ignored
[0.123s] Level 1:colcon.colcon_core.package_identification:_identify(install) by extensions ['ignore', 'ignore_ament_install']
[0.123s] Level 1:colcon.colcon_core.package_identification:_identify(install) by extension 'ignore'
[0.123s] Level 1:colcon.colcon_core.package_identification:_identify(install) ignored
[0.123s] Level 1:colcon.colcon_core.package_identification:_identify(log) by extensions ['ignore', 'ignore_ament_install']
[0.123s] Level 1:colcon.colcon_core.package_identification:_identify(log) by extension 'ignore'
[0.123s] Level 1:colcon.colcon_core.package_identification:_identify(log) ignored
[0.123s] Level 1:colcon.colcon_core.package_identification:_identify(src) by extensions ['ignore', 'ignore_ament_install']
[0.123s] Level 1:colcon.colcon_core.package_identification:_identify(src) by extension 'ignore'
[0.123s] Level 1:colcon.colcon_core.package_identification:_identify(src) by extension 'ignore_ament_install'
[0.123s] Level 1:colcon.colcon_core.package_identification:_identify(src) by extensions ['colcon_pkg']
[0.123s] Level 1:colcon.colcon_core.package_identification:_identify(src) by extension 'colcon_pkg'
[0.123s] Level 1:colcon.colcon_core.package_identification:_identify(src) by extensions ['colcon_meta']
[0.123s] Level 1:colcon.colcon_core.package_identification:_identify(src) by extension 'colcon_meta'
[0.123s] Level 1:colcon.colcon_core.package_identification:_identify(src) by extensions ['ros']
[0.123s] Level 1:colcon.colcon_core.package_identification:_identify(src) by extension 'ros'
[0.123s] Level 1:colcon.colcon_core.package_identification:_identify(src) by extensions ['cmake', 'python']
[0.123s] Level 1:colcon.colcon_core.package_identification:_identify(src) by extension 'cmake'
[0.123s] Level 1:colcon.colcon_core.package_identification:_identify(src) by extension 'python'
[0.123s] Level 1:colcon.colcon_core.package_identification:_identify(src) by extensions ['python_setup_py']
[0.123s] Level 1:colcon.colcon_core.package_identification:_identify(src) by extension 'python_setup_py'
[0.123s] Level 1:colcon.colcon_core.package_identification:_identify(src/follow_controller) by extensions ['ignore', 'ignore_ament_install']
[0.123s] Level 1:colcon.colcon_core.package_identification:_identify(src/follow_controller) by extension 'ignore'
[0.123s] Level 1:colcon.colcon_core.package_identification:_identify(src/follow_controller) by extension 'ignore_ament_install'
[0.124s] Level 1:colcon.colcon_core.package_identification:_identify(src/follow_controller) by extensions ['colcon_pkg']
[0.124s] Level 1:colcon.colcon_core.package_identification:_identify(src/follow_controller) by extension 'colcon_pkg'
[0.124s] Level 1:colcon.colcon_core.package_identification:_identify(src/follow_controller) by extensions ['colcon_meta']
[0.124s] Level 1:colcon.colcon_core.package_identification:_identify(src/follow_controller) by extension 'colcon_meta'
[0.124s] Level 1:colcon.colcon_core.package_identification:_identify(src/follow_controller) by extensions ['ros']
[0.124s] Level 1:colcon.colcon_core.package_identification:_identify(src/follow_controller) by extension 'ros'
[0.125s] DEBUG:colcon.colcon_core.package_identification:Package 'src/follow_controller' with type 'ros.ament_python' and name 'follow_controller'
[0.125s] Level 1:colcon.colcon_core.package_identification:_identify(src/gesture_detector) by extensions ['ignore', 'ignore_ament_install']
[0.125s] Level 1:colcon.colcon_core.package_identification:_identify(src/gesture_detector) by extension 'ignore'
[0.125s] Level 1:colcon.colcon_core.package_identification:_identify(src/gesture_detector) by extension 'ignore_ament_install'
[0.125s] Level 1:colcon.colcon_core.package_identification:_identify(src/gesture_detector) by extensions ['colcon_pkg']
[0.125s] Level 1:colcon.colcon_core.package_identification:_identify(src/gesture_detector) by extension 'colcon_pkg'
[0.125s] Level 1:colcon.colcon_core.package_identification:_identify(src/gesture_detector) by extensions ['colcon_meta']
[0.125s] Level 1:colcon.colcon_core.package_identification:_identify(src/gesture_detector) by extension 'colcon_meta'
[0.125s] Level 1:colcon.colcon_core.package_identification:_identify(src/gesture_detector) by extensions ['ros']
[0.125s] Level 1:colcon.colcon_core.package_identification:_identify(src/gesture_detector) by extension 'ros'
[0.126s] DEBUG:colcon.colcon_core.package_identification:Package 'src/gesture_detector' with type 'ros.ament_python' and name 'gesture_detector'
[0.127s] Level 1:colcon.colcon_core.package_identification:_identify(src/person_tracker) by extensions ['ignore', 'ignore_ament_install']
[0.127s] Level 1:colcon.colcon_core.package_identification:_identify(src/person_tracker) by extension 'ignore'
[0.127s] Level 1:colcon.colcon_core.package_identification:_identify(src/person_tracker) by extension 'ignore_ament_install'
[0.127s] Level 1:colcon.colcon_core.package_identification:_identify(src/person_tracker) by extensions ['colcon_pkg']
[0.127s] Level 1:colcon.colcon_core.package_identification:_identify(src/person_tracker) by extension 'colcon_pkg'
[0.127s] Level 1:colcon.colcon_core.package_identification:_identify(src/person_tracker) by extensions ['colcon_meta']
[0.127s] Level 1:colcon.colcon_core.package_identification:_identify(src/person_tracker) by extension 'colcon_meta'
[0.127s] Level 1:colcon.colcon_core.package_identification:_identify(src/person_tracker) by extensions ['ros']
[0.127s] Level 1:colcon.colcon_core.package_identification:_identify(src/person_tracker) by extension 'ros'
[0.127s] DEBUG:colcon.colcon_core.package_identification:Package 'src/person_tracker' with type 'ros.ament_python' and name 'person_tracker'
[0.128s] Level 1:colcon.colcon_core.package_identification:_identify(src/target_selector) by extensions ['ignore', 'ignore_ament_install']
[0.128s] Level 1:colcon.colcon_core.package_identification:_identify(src/target_selector) by extension 'ignore'
[0.128s] Level 1:colcon.colcon_core.package_identification:_identify(src/target_selector) by extension 'ignore_ament_install'
[0.128s] Level 1:colcon.colcon_core.package_identification:_identify(src/target_selector) by extensions ['colcon_pkg']
[0.128s] Level 1:colcon.colcon_core.package_identification:_identify(src/target_selector) by extension 'colcon_pkg'
[0.128s] Level 1:colcon.colcon_core.package_identification:_identify(src/target_selector) by extensions ['colcon_meta']
[0.128s] Level 1:colcon.colcon_core.package_identification:_identify(src/target_selector) by extension 'colcon_meta'
[0.128s] Level 1:colcon.colcon_core.package_identification:_identify(src/target_selector) by extensions ['ros']
[0.128s] Level 1:colcon.colcon_core.package_identification:_identify(src/target_selector) by extension 'ros'
[0.128s] DEBUG:colcon.colcon_core.package_identification:Package 'src/target_selector' with type 'ros.ament_python' and name 'target_selector'
[0.128s] Level 1:colcon.colcon_core.package_identification:_identify(src/tb3_bringup_custom) by extensions ['ignore', 'ignore_ament_install']
[0.128s] Level 1:colcon.colcon_core.package_identification:_identify(src/tb3_bringup_custom) by extension 'ignore'
[0.128s] Level 1:colcon.colcon_core.package_identification:_identify(src/tb3_bringup_custom) by extension 'ignore_ament_install'
[0.128s] Level 1:colcon.colcon_core.package_identification:_identify(src/tb3_bringup_custom) by extensions ['colcon_pkg']
[0.128s] Level 1:colcon.colcon_core.package_identification:_identify(src/tb3_bringup_custom) by extension 'colcon_pkg'
[0.128s] Level 1:colcon.colcon_core.package_identification:_identify(src/tb3_bringup_custom) by extensions ['colcon_meta']
[0.128s] Level 1:colcon.colcon_core.package_identification:_identify(src/tb3_bringup_custom) by extension 'colcon_meta'
[0.128s] Level 1:colcon.colcon_core.package_identification:_identify(src/tb3_bringup_custom) by extensions ['ros']
[0.128s] Level 1:colcon.colcon_core.package_identification:_identify(src/tb3_bringup_custom) by extension 'ros'
[0.129s] DEBUG:colcon.colcon_core.package_identification:Package 'src/tb3_bringup_custom' with type 'ros.ament_python' and name 'tb3_bringup_custom'
[0.129s] Level 1:colcon.colcon_core.package_identification:_identify(src/tb3_interfaces) by extensions ['ignore', 'ignore_ament_install']
[0.129s] Level 1:colcon.colcon_core.package_identification:_identify(src/tb3_interfaces) by extension 'ignore'
[0.129s] Level 1:colcon.colcon_core.package_identification:_identify(src/tb3_interfaces) by extension 'ignore_ament_install'
[0.129s] Level 1:colcon.colcon_core.package_identification:_identify(src/tb3_interfaces) by extensions ['colcon_pkg']
[0.129s] Level 1:colcon.colcon_core.package_identification:_identify(src/tb3_interfaces) by extension 'colcon_pkg'
[0.129s] Level 1:colcon.colcon_core.package_identification:_identify(src/tb3_interfaces) by extensions ['colcon_meta']
[0.129s] Level 1:colcon.colcon_core.package_identification:_identify(src/tb3_interfaces) by extension 'colcon_meta'
[0.129s] Level 1:colcon.colcon_core.package_identification:_identify(src/tb3_interfaces) by extensions ['ros']
[0.129s] Level 1:colcon.colcon_core.package_identification:_identify(src/tb3_interfaces) by extension 'ros'
[0.129s] DEBUG:colcon.colcon_core.package_identification:Package 'src/tb3_interfaces' with type 'ros.catkin' and name 'tb3_interfaces'
[0.130s] Level 1:colcon.colcon_core.package_discovery:discover_packages(recursive) using defaults
[0.130s] Level 1:colcon.colcon_core.package_discovery:discover_packages(ignore) discover
[0.130s] Level 1:colcon.colcon_core.package_discovery:discover_packages(ignore) using defaults
[0.130s] Level 1:colcon.colcon_core.package_discovery:discover_packages(path) discover
[0.130s] Level 1:colcon.colcon_core.package_discovery:discover_packages(path) using defaults
[0.146s] Level 1:colcon.colcon_core.package_discovery:discover_packages(prefix_path) check parameters
[0.146s] Level 1:colcon.colcon_core.package_discovery:discover_packages(prefix_path) discover
[0.148s] DEBUG:colcon.colcon_installed_package_information.package_discovery:Found 12 installed packages in /home/jackfeels/turtlebot3_ws/install
[0.149s] DEBUG:colcon.colcon_installed_package_information.package_discovery:Found 397 installed packages in /opt/ros/humble
[0.150s] Level 1:colcon.colcon_core.package_discovery:discover_packages(prefix_path) using defaults
[0.190s] Level 5:colcon.colcon_core.verb:set package 'gesture_detector' build argument 'cmake_args' from command line to 'None'
[0.190s] Level 5:colcon.colcon_core.verb:set package 'gesture_detector' build argument 'cmake_target' from command line to 'None'
[0.190s] Level 5:colcon.colcon_core.verb:set package 'gesture_detector' build argument 'cmake_target_skip_unavailable' from command line to 'False'
[0.190s] Level 5:colcon.colcon_core.verb:set package 'gesture_detector' build argument 'cmake_clean_cache' from command line to 'False'
[0.190s] Level 5:colcon.colcon_core.verb:set package 'gesture_detector' build argument 'cmake_clean_first' from command line to 'False'
[0.190s] Level 5:colcon.colcon_core.verb:set package 'gesture_detector' build argument 'cmake_force_configure' from command line to 'False'
[0.190s] Level 5:colcon.colcon_core.verb:set package 'gesture_detector' build argument 'ament_cmake_args' from command line to 'None'
[0.190s] Level 5:colcon.colcon_core.verb:set package 'gesture_detector' build argument 'catkin_cmake_args' from command line to 'None'
[0.190s] Level 5:colcon.colcon_core.verb:set package 'gesture_detector' build argument 'catkin_skip_building_tests' from command line to 'False'
[0.190s] DEBUG:colcon.colcon_core.verb:Building package 'gesture_detector' with the following arguments: {'ament_cmake_args': None, 'build_base': '/home/jackfeels/Documents/PROYECTO_TURTLEBOT/build/gesture_detector', 'catkin_cmake_args': None, 'catkin_skip_building_tests': False, 'cmake_args': None, 'cmake_clean_cache': False, 'cmake_clean_first': False, 'cmake_force_configure': False, 'cmake_target': None, 'cmake_target_skip_unavailable': False, 'install_base': '/home/jackfeels/Documents/PROYECTO_TURTLEBOT/install/gesture_detector', 'merge_install': False, 'path': '/home/jackfeels/Documents/PROYECTO_TURTLEBOT/src/gesture_detector', 'symlink_install': False, 'test_result_base': None}
[0.190s] Level 5:colcon.colcon_core.verb:set package 'tb3_bringup_custom' build argument 'cmake_args' from command line to 'None'
[0.190s] Level 5:colcon.colcon_core.verb:set package 'tb3_bringup_custom' build argument 'cmake_target' from command line to 'None'
[0.190s] Level 5:colcon.colcon_core.verb:set package 'tb3_bringup_custom' build argument 'cmake_target_skip_unavailable' from command line to 'False'
[0.190s] Level 5:colcon.colcon_core.verb:set package 'tb3_bringup_custom' build argument 'cmake_clean_cache' from command line to 'False'
[0.190s] Level 5:colcon.colcon_core.verb:set package 'tb3_bringup_custom' build argument 'cmake_clean_first' from command line to 'False'
[0.190s] Level 5:colcon.colcon_core.verb:set package 'tb3_bringup_custom' build argument 'cmake_force_configure' from command line to 'False'
[0.190s] Level 5:colcon.colcon_core.verb:set package 'tb3_bringup_custom' build argument 'ament_cmake_args' from command line to 'None'
[0.190s] Level 5:colcon.colcon_core.verb:set package 'tb3_bringup_custom' build argument 'catkin_cmake_args' from command line to 'None'
[0.190s] Level 5:colcon.colcon_core.verb:set package 'tb3_bringup_custom' build argument 'catkin_skip_building_tests' from command line to 'False'
[0.190s] DEBUG:colcon.colcon_core.verb:Building package 'tb3_bringup_custom' with the following arguments: {'ament_cmake_args': None, 'build_base': '/home/jackfeels/Documents/PROYECTO_TURTLEBOT/build/tb3_bringup_custom', 'catkin_cmake_args': None, 'catkin_skip_building_tests': False, 'cmake_args': None, 'cmake_clean_cache': False, 'cmake_clean_first': False, 'cmake_force_configure': False, 'cmake_target': None, 'cmake_target_skip_unavailable': False, 'install_base': '/home/jackfeels/Documents/PROYECTO_TURTLEBOT/install/tb3_bringup_custom', 'merge_install': False, 'path': '/home/jackfeels/Documents/PROYECTO_TURTLEBOT/src/tb3_bringup_custom', 'symlink_install': False, 'test_result_base': None}
[0.191s] Level 5:colcon.colcon_core.verb:set package 'tb3_interfaces' build argument 'cmake_args' from command line to 'None'
[0.191s] Level 5:colcon.colcon_core.verb:set package 'tb3_interfaces' build argument 'cmake_target' from command line to 'None'
[0.191s] Level 5:colcon.colcon_core.verb:set package 'tb3_interfaces' build argument 'cmake_target_skip_unavailable' from command line to 'False'
[0.191s] Level 5:colcon.colcon_core.verb:set package 'tb3_interfaces' build argument 'cmake_clean_cache' from command line to 'False'
[0.191s] Level 5:colcon.colcon_core.verb:set package 'tb3_interfaces' build argument 'cmake_clean_first' from command line to 'False'
[0.191s] Level 5:colcon.colcon_core.verb:set package 'tb3_interfaces' build argument 'cmake_force_configure' from command line to 'False'
[0.191s] Level 5:colcon.colcon_core.verb:set package 'tb3_interfaces' build argument 'ament_cmake_args' from command line to 'None'
[0.191s] Level 5:colcon.colcon_core.verb:set package 'tb3_interfaces' build argument 'catkin_cmake_args' from command line to 'None'
[0.191s] Level 5:colcon.colcon_core.verb:set package 'tb3_interfaces' build argument 'catkin_skip_building_tests' from command line to 'False'
[0.191s] DEBUG:colcon.colcon_core.verb:Building package 'tb3_interfaces' with the following arguments: {'ament_cmake_args': None, 'build_base': '/home/jackfeels/Documents/PROYECTO_TURTLEBOT/build/tb3_interfaces', 'catkin_cmake_args': None, 'catkin_skip_building_tests': False, 'cmake_args': None, 'cmake_clean_cache': False, 'cmake_clean_first': False, 'cmake_force_configure': False, 'cmake_target': None, 'cmake_target_skip_unavailable': False, 'install_base': '/home/jackfeels/Documents/PROYECTO_TURTLEBOT/install/tb3_interfaces', 'merge_install': False, 'path': '/home/jackfeels/Documents/PROYECTO_TURTLEBOT/src/tb3_interfaces', 'symlink_install': False, 'test_result_base': None}
[0.191s] Level 5:colcon.colcon_core.verb:set package 'follow_controller' build argument 'cmake_args' from command line to 'None'
[0.191s] Level 5:colcon.colcon_core.verb:set package 'follow_controller' build argument 'cmake_target' from command line to 'None'
[0.191s] Level 5:colcon.colcon_core.verb:set package 'follow_controller' build argument 'cmake_target_skip_unavailable' from command line to 'False'
[0.191s] Level 5:colcon.colcon_core.verb:set package 'follow_controller' build argument 'cmake_clean_cache' from command line to 'False'
[0.191s] Level 5:colcon.colcon_core.verb:set package 'follow_controller' build argument 'cmake_clean_first' from command line to 'False'
[0.191s] Level 5:colcon.colcon_core.verb:set package 'follow_controller' build argument 'cmake_force_configure' from command line to 'False'
[0.191s] Level 5:colcon.colcon_core.verb:set package 'follow_controller' build argument 'ament_cmake_args' from command line to 'None'
[0.191s] Level 5:colcon.colcon_core.verb:set package 'follow_controller' build argument 'catkin_cmake_args' from command line to 'None'
[0.191s] Level 5:colcon.colcon_core.verb:set package 'follow_controller' build argument 'catkin_skip_building_tests' from command line to 'False'
[0.191s] DEBUG:colcon.colcon_core.verb:Building package 'follow_controller' with the following arguments: {'ament_cmake_args': None, 'build_base': '/home/jackfeels/Documents/PROYECTO_TURTLEBOT/build/follow_controller', 'catkin_cmake_args': None, 'catkin_skip_building_tests': False, 'cmake_args': None, 'cmake_clean_cache': False, 'cmake_clean_first': False, 'cmake_force_configure': False, 'cmake_target': None, 'cmake_target_skip_unavailable': False, 'install_base': '/home/jackfeels/Documents/PROYECTO_TURTLEBOT/install/follow_controller', 'merge_install': False, 'path': '/home/jackfeels/Documents/PROYECTO_TURTLEBOT/src/follow_controller', 'symlink_install': False, 'test_result_base': None}
[0.191s] Level 5:colcon.colcon_core.verb:set package 'person_tracker' build argument 'cmake_args' from command line to 'None'
[0.191s] Level 5:colcon.colcon_core.verb:set package 'person_tracker' build argument 'cmake_target' from command line to 'None'
[0.191s] Level 5:colcon.colcon_core.verb:set package 'person_tracker' build argument 'cmake_target_skip_unavailable' from command line to 'False'
[0.191s] Level 5:colcon.colcon_core.verb:set package 'person_tracker' build argument 'cmake_clean_cache' from command line to 'False'
[0.191s] Level 5:colcon.colcon_core.verb:set package 'person_tracker' build argument 'cmake_clean_first' from command line to 'False'
[0.191s] Level 5:colcon.colcon_core.verb:set package 'person_tracker' build argument 'cmake_force_configure' from command line to 'False'
[0.191s] Level 5:colcon.colcon_core.verb:set package 'person_tracker' build argument 'ament_cmake_args' from command line to 'None'
[0.191s] Level 5:colcon.colcon_core.verb:set package 'person_tracker' build argument 'catkin_cmake_args' from command line to 'None'
[0.191s] Level 5:colcon.colcon_core.verb:set package 'person_tracker' build argument 'catkin_skip_building_tests' from command line to 'False'
[0.191s] DEBUG:colcon.colcon_core.verb:Building package 'person_tracker' with the following arguments: {'ament_cmake_args': None, 'build_base': '/home/jackfeels/Documents/PROYECTO_TURTLEBOT/build/person_tracker', 'catkin_cmake_args': None, 'catkin_skip_building_tests': False, 'cmake_args': None, 'cmake_clean_cache': False, 'cmake_clean_first': False, 'cmake_force_configure': False, 'cmake_target': None, 'cmake_target_skip_unavailable': False, 'install_base': '/home/jackfeels/Documents/PROYECTO_TURTLEBOT/install/person_tracker', 'merge_install': False, 'path': '/home/jackfeels/Documents/PROYECTO_TURTLEBOT/src/person_tracker', 'symlink_install': False, 'test_result_base': None}
[0.191s] Level 5:colcon.colcon_core.verb:set package 'target_selector' build argument 'cmake_args' from command line to 'None'
[0.191s] Level 5:colcon.colcon_core.verb:set package 'target_selector' build argument 'cmake_target' from command line to 'None'
[0.191s] Level 5:colcon.colcon_core.verb:set package 'target_selector' build argument 'cmake_target_skip_unavailable' from command line to 'False'
[0.191s] Level 5:colcon.colcon_core.verb:set package 'target_selector' build argument 'cmake_clean_cache' from command line to 'False'
[0.191s] Level 5:colcon.colcon_core.verb:set package 'target_selector' build argument 'cmake_clean_first' from command line to 'False'
[0.191s] Level 5:colcon.colcon_core.verb:set package 'target_selector' build argument 'cmake_force_configure' from command line to 'False'
[0.191s] Level 5:colcon.colcon_core.verb:set package 'target_selector' build argument 'ament_cmake_args' from command line to 'None'
[0.191s] Level 5:colcon.colcon_core.verb:set package 'target_selector' build argument 'catkin_cmake_args' from command line to 'None'
[0.191s] Level 5:colcon.colcon_core.verb:set package 'target_selector' build argument 'catkin_skip_building_tests' from command line to 'False'
[0.191s] DEBUG:colcon.colcon_core.verb:Building package 'target_selector' with the following arguments: {'ament_cmake_args': None, 'build_base': '/home/jackfeels/Documents/PROYECTO_TURTLEBOT/build/target_selector', 'catkin_cmake_args': None, 'catkin_skip_building_tests': False, 'cmake_args': None, 'cmake_clean_cache': False, 'cmake_clean_first': False, 'cmake_force_configure': False, 'cmake_target': None, 'cmake_target_skip_unavailable': False, 'install_base': '/home/jackfeels/Documents/PROYECTO_TURTLEBOT/install/target_selector', 'merge_install': False, 'path': '/home/jackfeels/Documents/PROYECTO_TURTLEBOT/src/target_selector', 'symlink_install': False, 'test_result_base': None}
[0.191s] INFO:colcon.colcon_core.executor:Executing jobs using 'parallel' executor
[0.192s] DEBUG:colcon.colcon_parallel_executor.executor.parallel:run_until_complete
[0.192s] INFO:colcon.colcon_ros.task.catkin.build:Building ROS package in '/home/jackfeels/Documents/PROYECTO_TURTLEBOT/src/tb3_interfaces' with build type 'catkin'
[0.192s] INFO:colcon.colcon_cmake.task.cmake.build:Building CMake package in '/home/jackfeels/Documents/PROYECTO_TURTLEBOT/src/tb3_interfaces'
[0.194s] INFO:colcon.colcon_core.plugin_system:Skipping extension 'colcon_core.shell.bat': Not used on non-Windows systems
[0.194s] INFO:colcon.colcon_core.shell:Skip shell extension 'powershell' for command environment: Not usable outside of PowerShell
[0.194s] DEBUG:colcon.colcon_core.shell:Skip shell extension 'dsv' for command environment
[0.196s] INFO:colcon.colcon_ros.task.ament_python.build:Building ROS package in '/home/jackfeels/Documents/PROYECTO_TURTLEBOT/src/gesture_detector' with build type 'ament_python'
[0.197s] Level 1:colcon.colcon_core.shell:create_environment_hook('gesture_detector', 'ament_prefix_path')
[0.197s] INFO:colcon.colcon_core.shell:Creating environment hook '/home/jackfeels/Documents/PROYECTO_TURTLEBOT/install/gesture_detector/share/gesture_detector/hook/ament_prefix_path.ps1'
[0.197s] INFO:colcon.colcon_core.shell:Creating environment descriptor '/home/jackfeels/Documents/PROYECTO_TURTLEBOT/install/gesture_detector/share/gesture_detector/hook/ament_prefix_path.dsv'
[0.198s] INFO:colcon.colcon_core.shell:Creating environment hook '/home/jackfeels/Documents/PROYECTO_TURTLEBOT/install/gesture_detector/share/gesture_detector/hook/ament_prefix_path.sh'
[0.198s] INFO:colcon.colcon_core.shell:Skip shell extension 'powershell' for command environment: Not usable outside of PowerShell
[0.198s] DEBUG:colcon.colcon_core.shell:Skip shell extension 'dsv' for command environment
[0.202s] DEBUG:colcon.colcon_core.event_handler.log_command:Invoking command in '/home/jackfeels/Documents/PROYECTO_TURTLEBOT/build/tb3_interfaces': /usr/bin/cmake --build /home/jackfeels/Documents/PROYECTO_TURTLEBOT/build/tb3_interfaces -- -j2 -l2
[0.351s] INFO:colcon.colcon_core.task.python.build:Building Python package in '/home/jackfeels/Documents/PROYECTO_TURTLEBOT/src/gesture_detector'
[0.351s] INFO:colcon.colcon_core.shell:Skip shell extension 'powershell' for command environment: Not usable outside of PowerShell
[0.351s] DEBUG:colcon.colcon_core.shell:Skip shell extension 'dsv' for command environment
[0.590s] DEBUG:colcon.colcon_core.event_handler.log_command:Invoked command in '/home/jackfeels/Documents/PROYECTO_TURTLEBOT/build/tb3_interfaces' returned '0': /usr/bin/cmake --build /home/jackfeels/Documents/PROYECTO_TURTLEBOT/build/tb3_interfaces -- -j2 -l2
[0.595s] DEBUG:colcon.colcon_core.event_handler.log_command:Invoking command in '/home/jackfeels/Documents/PROYECTO_TURTLEBOT/build/tb3_interfaces': /usr/bin/cmake --install /home/jackfeels/Documents/PROYECTO_TURTLEBOT/build/tb3_interfaces
[0.640s] Level 1:colcon.colcon_core.shell:create_environment_hook('tb3_interfaces', 'ros_package_path')
[0.640s] INFO:colcon.colcon_core.shell:Creating environment hook '/home/jackfeels/Documents/PROYECTO_TURTLEBOT/install/tb3_interfaces/share/tb3_interfaces/hook/ros_package_path.ps1'
[0.640s] INFO:colcon.colcon_core.shell:Creating environment descriptor '/home/jackfeels/Documents/PROYECTO_TURTLEBOT/install/tb3_interfaces/share/tb3_interfaces/hook/ros_package_path.dsv'
[0.640s] INFO:colcon.colcon_core.shell:Creating environment hook '/home/jackfeels/Documents/PROYECTO_TURTLEBOT/install/tb3_interfaces/share/tb3_interfaces/hook/ros_package_path.sh'
[0.641s] Level 1:colcon.colcon_ros.task.catkin:checking '/home/jackfeels/Documents/PROYECTO_TURTLEBOT/install/tb3_interfaces/local/lib/python3.10/dist-packages'
[0.641s] Level 1:colcon.colcon_core.shell:create_environment_hook('tb3_interfaces', 'catkin_pythonpath')
[0.641s] INFO:colcon.colcon_core.shell:Creating environment hook '/home/jackfeels/Documents/PROYECTO_TURTLEBOT/install/tb3_interfaces/share/tb3_interfaces/hook/catkin_pythonpath.ps1'
[0.641s] INFO:colcon.colcon_core.shell:Creating environment descriptor '/home/jackfeels/Documents/PROYECTO_TURTLEBOT/install/tb3_interfaces/share/tb3_interfaces/hook/catkin_pythonpath.dsv'
[0.641s] INFO:colcon.colcon_core.shell:Creating environment hook '/home/jackfeels/Documents/PROYECTO_TURTLEBOT/install/tb3_interfaces/share/tb3_interfaces/hook/catkin_pythonpath.sh'
[0.641s] Level 1:colcon.colcon_core.shell:create_environment_hook('tb3_interfaces', 'pkg_config_path')
[0.641s] INFO:colcon.colcon_core.shell:Creating environment hook '/home/jackfeels/Documents/PROYECTO_TURTLEBOT/install/tb3_interfaces/share/tb3_interfaces/hook/pkg_config_path.ps1'
[0.642s] DEBUG:colcon.colcon_core.event_handler.log_command:Invoked command in '/home/jackfeels/Documents/PROYECTO_TURTLEBOT/build/tb3_interfaces' returned '0': /usr/bin/cmake --install /home/jackfeels/Documents/PROYECTO_TURTLEBOT/build/tb3_interfaces
[0.642s] INFO:colcon.colcon_core.shell:Creating environment descriptor '/home/jackfeels/Documents/PROYECTO_TURTLEBOT/install/tb3_interfaces/share/tb3_interfaces/hook/pkg_config_path.dsv'
[0.642s] INFO:colcon.colcon_core.shell:Creating environment hook '/home/jackfeels/Documents/PROYECTO_TURTLEBOT/install/tb3_interfaces/share/tb3_interfaces/hook/pkg_config_path.sh'
[0.645s] Level 1:colcon.colcon_core.shell:create_environment_hook('tb3_interfaces', 'pkg_config_path_multiarch')
[0.645s] INFO:colcon.colcon_core.shell:Creating environment hook '/home/jackfeels/Documents/PROYECTO_TURTLEBOT/install/tb3_interfaces/share/tb3_interfaces/hook/pkg_config_path_multiarch.ps1'
[0.646s] INFO:colcon.colcon_core.shell:Creating environment descriptor '/home/jackfeels/Documents/PROYECTO_TURTLEBOT/install/tb3_interfaces/share/tb3_interfaces/hook/pkg_config_path_multiarch.dsv'
[0.646s] INFO:colcon.colcon_core.shell:Creating environment hook '/home/jackfeels/Documents/PROYECTO_TURTLEBOT/install/tb3_interfaces/share/tb3_interfaces/hook/pkg_config_path_multiarch.sh'
[0.646s] Level 1:colcon.colcon_core.environment:create_environment_scripts_only(tb3_interfaces)
[0.649s] Level 1:colcon.colcon_core.environment:checking '/home/jackfeels/Documents/PROYECTO_TURTLEBOT/install/tb3_interfaces' for CMake module files
[0.650s] Level 1:colcon.colcon_core.environment:checking '/home/jackfeels/Documents/PROYECTO_TURTLEBOT/install/tb3_interfaces' for CMake config files
[0.650s] Level 1:colcon.colcon_core.shell:create_environment_hook('tb3_interfaces', 'cmake_prefix_path')
[0.650s] INFO:colcon.colcon_core.shell:Creating environment hook '/home/jackfeels/Documents/PROYECTO_TURTLEBOT/install/tb3_interfaces/share/tb3_interfaces/hook/cmake_prefix_path.ps1'
[0.650s] INFO:colcon.colcon_core.shell:Creating environment descriptor '/home/jackfeels/Documents/PROYECTO_TURTLEBOT/install/tb3_interfaces/share/tb3_interfaces/hook/cmake_prefix_path.dsv'
[0.651s] INFO:colcon.colcon_core.shell:Creating environment hook '/home/jackfeels/Documents/PROYECTO_TURTLEBOT/install/tb3_interfaces/share/tb3_interfaces/hook/cmake_prefix_path.sh'
[0.651s] Level 1:colcon.colcon_core.environment:checking '/home/jackfeels/Documents/PROYECTO_TURTLEBOT/install/tb3_interfaces/lib'
[0.651s] Level 1:colcon.colcon_core.shell:create_environment_hook('tb3_interfaces', 'ld_library_path_lib')
[0.651s] INFO:colcon.colcon_core.shell:Creating environment hook '/home/jackfeels/Documents/PROYECTO_TURTLEBOT/install/tb3_interfaces/share/tb3_interfaces/hook/ld_library_path_lib.ps1'
[0.651s] INFO:colcon.colcon_core.shell:Creating environment descriptor '/home/jackfeels/Documents/PROYECTO_TURTLEBOT/install/tb3_interfaces/share/tb3_interfaces/hook/ld_library_path_lib.dsv'
[0.651s] INFO:colcon.colcon_core.shell:Creating environment hook '/home/jackfeels/Documents/PROYECTO_TURTLEBOT/install/tb3_interfaces/share/tb3_interfaces/hook/ld_library_path_lib.sh'
[0.652s] Level 1:colcon.colcon_core.environment:checking '/home/jackfeels/Documents/PROYECTO_TURTLEBOT/install/tb3_interfaces/bin'
[0.652s] Level 1:colcon.colcon_core.environment:checking '/home/jackfeels/Documents/PROYECTO_TURTLEBOT/install/tb3_interfaces/lib/pkgconfig/tb3_interfaces.pc'
[0.652s] Level 1:colcon.colcon_core.environment:checking '/home/jackfeels/Documents/PROYECTO_TURTLEBOT/install/tb3_interfaces/lib/python3.10/site-packages'
[0.652s] Level 1:colcon.colcon_core.environment:checking '/home/jackfeels/Documents/PROYECTO_TURTLEBOT/install/tb3_interfaces/bin'
[0.652s] INFO:colcon.colcon_core.shell:Creating package script '/home/jackfeels/Documents/PROYECTO_TURTLEBOT/install/tb3_interfaces/share/tb3_interfaces/package.ps1'
[0.653s] INFO:colcon.colcon_core.shell:Creating package descriptor '/home/jackfeels/Documents/PROYECTO_TURTLEBOT/install/tb3_interfaces/share/tb3_interfaces/package.dsv'
[0.654s] INFO:colcon.colcon_core.shell:Creating package script '/home/jackfeels/Documents/PROYECTO_TURTLEBOT/install/tb3_interfaces/share/tb3_interfaces/package.sh'
[0.654s] INFO:colcon.colcon_core.shell:Creating package script '/home/jackfeels/Documents/PROYECTO_TURTLEBOT/install/tb3_interfaces/share/tb3_interfaces/package.bash'
[0.655s] INFO:colcon.colcon_core.shell:Creating package script '/home/jackfeels/Documents/PROYECTO_TURTLEBOT/install/tb3_interfaces/share/tb3_interfaces/package.zsh'
[0.655s] Level 1:colcon.colcon_core.environment:create_file_with_runtime_dependencies(/home/jackfeels/Documents/PROYECTO_TURTLEBOT/install/tb3_interfaces/share/colcon-core/packages/tb3_interfaces)
[0.656s] INFO:colcon.colcon_ros.task.ament_python.build:Building ROS package in '/home/jackfeels/Documents/PROYECTO_TURTLEBOT/src/tb3_bringup_custom' with build type 'ament_python'
[0.656s] Level 1:colcon.colcon_core.shell:create_environment_hook('tb3_bringup_custom', 'ament_prefix_path')
[0.656s] INFO:colcon.colcon_core.shell:Creating environment hook '/home/jackfeels/Documents/PROYECTO_TURTLEBOT/install/tb3_bringup_custom/share/tb3_bringup_custom/hook/ament_prefix_path.ps1'
[0.656s] INFO:colcon.colcon_core.shell:Creating environment descriptor '/home/jackfeels/Documents/PROYECTO_TURTLEBOT/install/tb3_bringup_custom/share/tb3_bringup_custom/hook/ament_prefix_path.dsv'
[0.656s] INFO:colcon.colcon_core.shell:Creating environment hook '/home/jackfeels/Documents/PROYECTO_TURTLEBOT/install/tb3_bringup_custom/share/tb3_bringup_custom/hook/ament_prefix_path.sh'
[0.657s] INFO:colcon.colcon_core.shell:Skip shell extension 'powershell' for command environment: Not usable outside of PowerShell
[0.657s] DEBUG:colcon.colcon_core.shell:Skip shell extension 'dsv' for command environment
[0.660s] DEBUG:colcon.colcon_core.event_handler.log_command:Invoking command in '/home/jackfeels/Documents/PROYECTO_TURTLEBOT/src/gesture_detector': PYTHONPATH=/home/jackfeels/Documents/PROYECTO_TURTLEBOT/build/gesture_detector/prefix_override:/usr/lib/python3/dist-packages/colcon_core/task/python/colcon_distutils_commands:/home/jackfeels/Documents/PROYECTO_TURTLEBOT/install/gesture_detector/lib/python3.10/site-packages:${PYTHONPATH} /usr/bin/python3 -W ignore:setup.py install is deprecated -W ignore:easy_install command is deprecated setup.py egg_info --egg-base ../../build/gesture_detector build --build-base /home/jackfeels/Documents/PROYECTO_TURTLEBOT/build/gesture_detector/build install --record /home/jackfeels/Documents/PROYECTO_TURTLEBOT/build/gesture_detector/install.log --single-version-externally-managed install_data
[0.779s] INFO:colcon.colcon_core.task.python.build:Building Python package in '/home/jackfeels/Documents/PROYECTO_TURTLEBOT/src/tb3_bringup_custom'
[0.779s] INFO:colcon.colcon_core.shell:Skip shell extension 'powershell' for command environment: Not usable outside of PowerShell
[0.779s] DEBUG:colcon.colcon_core.shell:Skip shell extension 'dsv' for command environment
[0.883s] Level 1:colcon.colcon_core.environment:checking '/home/jackfeels/Documents/PROYECTO_TURTLEBOT/install/gesture_detector' for CMake module files
[0.883s] Level 1:colcon.colcon_core.environment:checking '/home/jackfeels/Documents/PROYECTO_TURTLEBOT/install/gesture_detector' for CMake config files
[0.884s] DEBUG:colcon.colcon_core.event_handler.log_command:Invoked command in '/home/jackfeels/Documents/PROYECTO_TURTLEBOT/src/gesture_detector' returned '0': PYTHONPATH=/home/jackfeels/Documents/PROYECTO_TURTLEBOT/build/gesture_detector/prefix_override:/usr/lib/python3/dist-packages/colcon_core/task/python/colcon_distutils_commands:/home/jackfeels/Documents/PROYECTO_TURTLEBOT/install/gesture_detector/lib/python3.10/site-packages:${PYTHONPATH} /usr/bin/python3 -W ignore:setup.py install is deprecated -W ignore:easy_install command is deprecated setup.py egg_info --egg-base ../../build/gesture_detector build --build-base /home/jackfeels/Documents/PROYECTO_TURTLEBOT/build/gesture_detector/build install --record /home/jackfeels/Documents/PROYECTO_TURTLEBOT/build/gesture_detector/install.log --single-version-externally-managed install_data
[0.884s] Level 1:colcon.colcon_core.environment:checking '/home/jackfeels/Documents/PROYECTO_TURTLEBOT/install/gesture_detector/lib'
[0.884s] Level 1:colcon.colcon_core.environment:checking '/home/jackfeels/Documents/PROYECTO_TURTLEBOT/install/gesture_detector/bin'
[0.884s] Level 1:colcon.colcon_core.environment:checking '/home/jackfeels/Documents/PROYECTO_TURTLEBOT/install/gesture_detector/lib/pkgconfig/gesture_detector.pc'
[0.884s] Level 1:colcon.colcon_core.environment:checking '/home/jackfeels/Documents/PROYECTO_TURTLEBOT/install/gesture_detector/lib/python3.10/site-packages'
[0.884s] Level 1:colcon.colcon_core.shell:create_environment_hook('gesture_detector', 'pythonpath')
[0.884s] INFO:colcon.colcon_core.shell:Creating environment hook '/home/jackfeels/Documents/PROYECTO_TURTLEBOT/install/gesture_detector/share/gesture_detector/hook/pythonpath.ps1'
[0.885s] INFO:colcon.colcon_core.shell:Creating environment descriptor '/home/jackfeels/Documents/PROYECTO_TURTLEBOT/install/gesture_detector/share/gesture_detector/hook/pythonpath.dsv'
[0.885s] INFO:colcon.colcon_core.shell:Creating environment hook '/home/jackfeels/Documents/PROYECTO_TURTLEBOT/install/gesture_detector/share/gesture_detector/hook/pythonpath.sh'
[0.886s] Level 1:colcon.colcon_core.environment:checking '/home/jackfeels/Documents/PROYECTO_TURTLEBOT/install/gesture_detector/bin'
[0.886s] Level 1:colcon.colcon_core.environment:create_environment_scripts_only(gesture_detector)
[0.886s] INFO:colcon.colcon_core.shell:Creating package script '/home/jackfeels/Documents/PROYECTO_TURTLEBOT/install/gesture_detector/share/gesture_detector/package.ps1'
[0.886s] INFO:colcon.colcon_core.shell:Creating package descriptor '/home/jackfeels/Documents/PROYECTO_TURTLEBOT/install/gesture_detector/share/gesture_detector/package.dsv'
[0.886s] INFO:colcon.colcon_core.shell:Creating package script '/home/jackfeels/Documents/PROYECTO_TURTLEBOT/install/gesture_detector/share/gesture_detector/package.sh'
[0.887s] INFO:colcon.colcon_core.shell:Creating package script '/home/jackfeels/Documents/PROYECTO_TURTLEBOT/install/gesture_detector/share/gesture_detector/package.bash'
[0.887s] INFO:colcon.colcon_core.shell:Creating package script '/home/jackfeels/Documents/PROYECTO_TURTLEBOT/install/gesture_detector/share/gesture_detector/package.zsh'
[0.887s] Level 1:colcon.colcon_core.environment:create_file_with_runtime_dependencies(/home/jackfeels/Documents/PROYECTO_TURTLEBOT/install/gesture_detector/share/colcon-core/packages/gesture_detector)
[0.887s] INFO:colcon.colcon_ros.task.ament_python.build:Building ROS package in '/home/jackfeels/Documents/PROYECTO_TURTLEBOT/src/follow_controller' with build type 'ament_python'
[0.887s] Level 1:colcon.colcon_core.shell:create_environment_hook('follow_controller', 'ament_prefix_path')
[0.887s] INFO:colcon.colcon_core.shell:Creating environment hook '/home/jackfeels/Documents/PROYECTO_TURTLEBOT/install/follow_controller/share/follow_controller/hook/ament_prefix_path.ps1'
[0.888s] INFO:colcon.colcon_core.shell:Creating environment descriptor '/home/jackfeels/Documents/PROYECTO_TURTLEBOT/install/follow_controller/share/follow_controller/hook/ament_prefix_path.dsv'
[0.888s] INFO:colcon.colcon_core.shell:Creating environment hook '/home/jackfeels/Documents/PROYECTO_TURTLEBOT/install/follow_controller/share/follow_controller/hook/ament_prefix_path.sh'
[0.888s] INFO:colcon.colcon_core.shell:Skip shell extension 'powershell' for command environment: Not usable outside of PowerShell
[0.888s] DEBUG:colcon.colcon_core.shell:Skip shell extension 'dsv' for command environment
[1.012s] INFO:colcon.colcon_core.task.python.build:Building Python package in '/home/jackfeels/Documents/PROYECTO_TURTLEBOT/src/follow_controller'
[1.012s] INFO:colcon.colcon_core.shell:Skip shell extension 'powershell' for command environment: Not usable outside of PowerShell
[1.012s] DEBUG:colcon.colcon_core.shell:Skip shell extension 'dsv' for command environment
[1.015s] DEBUG:colcon.colcon_core.event_handler.log_command:Invoking command in '/home/jackfeels/Documents/PROYECTO_TURTLEBOT/src/tb3_bringup_custom': PYTHONPATH=/home/jackfeels/Documents/PROYECTO_TURTLEBOT/build/tb3_bringup_custom/prefix_override:/usr/lib/python3/dist-packages/colcon_core/task/python/colcon_distutils_commands:/home/jackfeels/Documents/PROYECTO_TURTLEBOT/install/tb3_bringup_custom/lib/python3.10/site-packages:${PYTHONPATH} /usr/bin/python3 -W ignore:setup.py install is deprecated -W ignore:easy_install command is deprecated setup.py egg_info --egg-base ../../build/tb3_bringup_custom build --build-base /home/jackfeels/Documents/PROYECTO_TURTLEBOT/build/tb3_bringup_custom/build install --record /home/jackfeels/Documents/PROYECTO_TURTLEBOT/build/tb3_bringup_custom/install.log --single-version-externally-managed install_data
[1.238s] DEBUG:colcon.colcon_core.event_handler.log_command:Invoking command in '/home/jackfeels/Documents/PROYECTO_TURTLEBOT/src/follow_controller': CMAKE_PREFIX_PATH=/home/jackfeels/Documents/PROYECTO_TURTLEBOT/install/tb3_interfaces:${CMAKE_PREFIX_PATH} LD_LIBRARY_PATH=/home/jackfeels/Documents/PROYECTO_TURTLEBOT/install/tb3_interfaces/lib:${LD_LIBRARY_PATH} PKG_CONFIG_PATH=/home/jackfeels/Documents/PROYECTO_TURTLEBOT/install/tb3_interfaces/lib/aarch64-linux-gnu/pkgconfig:/home/jackfeels/Documents/PROYECTO_TURTLEBOT/install/tb3_interfaces/lib/pkgconfig PYTHONPATH=/home/jackfeels/Documents/PROYECTO_TURTLEBOT/build/follow_controller/prefix_override:/usr/lib/python3/dist-packages/colcon_core/task/python/colcon_distutils_commands:/home/jackfeels/Documents/PROYECTO_TURTLEBOT/install/follow_controller/lib/python3.10/site-packages:/home/jackfeels/Documents/PROYECTO_TURTLEBOT/install/tb3_interfaces/local/lib/python3.10/dist-packages:${PYTHONPATH} ROS_PACKAGE_PATH=/home/jackfeels/Documents/PROYECTO_TURTLEBOT/install/tb3_interfaces/share /usr/bin/python3 -W ignore:setup.py install is deprecated -W ignore:easy_install command is deprecated setup.py egg_info --egg-base ../../build/follow_controller build --build-base /home/jackfeels/Documents/PROYECTO_TURTLEBOT/build/follow_controller/build install --record /home/jackfeels/Documents/PROYECTO_TURTLEBOT/build/follow_controller/install.log --single-version-externally-managed install_data
[1.245s] Level 1:colcon.colcon_core.environment:checking '/home/jackfeels/Documents/PROYECTO_TURTLEBOT/install/tb3_bringup_custom' for CMake module files
[1.245s] Level 1:colcon.colcon_core.environment:checking '/home/jackfeels/Documents/PROYECTO_TURTLEBOT/install/tb3_bringup_custom' for CMake config files
[1.246s] Level 1:colcon.colcon_core.environment:checking '/home/jackfeels/Documents/PROYECTO_TURTLEBOT/install/tb3_bringup_custom/lib'
[1.246s] Level 1:colcon.colcon_core.environment:checking '/home/jackfeels/Documents/PROYECTO_TURTLEBOT/install/tb3_bringup_custom/bin'
[1.246s] Level 1:colcon.colcon_core.environment:checking '/home/jackfeels/Documents/PROYECTO_TURTLEBOT/install/tb3_bringup_custom/lib/pkgconfig/tb3_bringup_custom.pc'
[1.246s] Level 1:colcon.colcon_core.environment:checking '/home/jackfeels/Documents/PROYECTO_TURTLEBOT/install/tb3_bringup_custom/lib/python3.10/site-packages'
[1.246s] Level 1:colcon.colcon_core.shell:create_environment_hook('tb3_bringup_custom', 'pythonpath')
[1.246s] INFO:colcon.colcon_core.shell:Creating environment hook '/home/jackfeels/Documents/PROYECTO_TURTLEBOT/install/tb3_bringup_custom/share/tb3_bringup_custom/hook/pythonpath.ps1'
[1.246s] INFO:colcon.colcon_core.shell:Creating environment descriptor '/home/jackfeels/Documents/PROYECTO_TURTLEBOT/install/tb3_bringup_custom/share/tb3_bringup_custom/hook/pythonpath.dsv'
[1.246s] INFO:colcon.colcon_core.shell:Creating environment hook '/home/jackfeels/Documents/PROYECTO_TURTLEBOT/install/tb3_bringup_custom/share/tb3_bringup_custom/hook/pythonpath.sh'
[1.247s] Level 1:colcon.colcon_core.environment:checking '/home/jackfeels/Documents/PROYECTO_TURTLEBOT/install/tb3_bringup_custom/bin'
[1.247s] Level 1:colcon.colcon_core.environment:create_environment_scripts_only(tb3_bringup_custom)
[1.247s] INFO:colcon.colcon_core.shell:Creating package script '/home/jackfeels/Documents/PROYECTO_TURTLEBOT/install/tb3_bringup_custom/share/tb3_bringup_custom/package.ps1'
[1.247s] INFO:colcon.colcon_core.shell:Creating package descriptor '/home/jackfeels/Documents/PROYECTO_TURTLEBOT/install/tb3_bringup_custom/share/tb3_bringup_custom/package.dsv'
[1.247s] DEBUG:colcon.colcon_core.event_handler.log_command:Invoked command in '/home/jackfeels/Documents/PROYECTO_TURTLEBOT/src/tb3_bringup_custom' returned '0': PYTHONPATH=/home/jackfeels/Documents/PROYECTO_TURTLEBOT/build/tb3_bringup_custom/prefix_override:/usr/lib/python3/dist-packages/colcon_core/task/python/colcon_distutils_commands:/home/jackfeels/Documents/PROYECTO_TURTLEBOT/install/tb3_bringup_custom/lib/python3.10/site-packages:${PYTHONPATH} /usr/bin/python3 -W ignore:setup.py install is deprecated -W ignore:easy_install command is deprecated setup.py egg_info --egg-base ../../build/tb3_bringup_custom build --build-base /home/jackfeels/Documents/PROYECTO_TURTLEBOT/build/tb3_bringup_custom/build install --record /home/jackfeels/Documents/PROYECTO_TURTLEBOT/build/tb3_bringup_custom/install.log --single-version-externally-managed install_data
[1.248s] INFO:colcon.colcon_core.shell:Creating package script '/home/jackfeels/Documents/PROYECTO_TURTLEBOT/install/tb3_bringup_custom/share/tb3_bringup_custom/package.sh'
[1.248s] INFO:colcon.colcon_core.shell:Creating package script '/home/jackfeels/Documents/PROYECTO_TURTLEBOT/install/tb3_bringup_custom/share/tb3_bringup_custom/package.bash'
[1.248s] INFO:colcon.colcon_core.shell:Creating package script '/home/jackfeels/Documents/PROYECTO_TURTLEBOT/install/tb3_bringup_custom/share/tb3_bringup_custom/package.zsh'
[1.248s] Level 1:colcon.colcon_core.environment:create_file_with_runtime_dependencies(/home/jackfeels/Documents/PROYECTO_TURTLEBOT/install/tb3_bringup_custom/share/colcon-core/packages/tb3_bringup_custom)
[1.248s] INFO:colcon.colcon_ros.task.ament_python.build:Building ROS package in '/home/jackfeels/Documents/PROYECTO_TURTLEBOT/src/person_tracker' with build type 'ament_python'
[1.251s] Level 1:colcon.colcon_core.shell:create_environment_hook('person_tracker', 'ament_prefix_path')
[1.251s] INFO:colcon.colcon_core.shell:Creating environment hook '/home/jackfeels/Documents/PROYECTO_TURTLEBOT/install/person_tracker/share/person_tracker/hook/ament_prefix_path.ps1'
[1.252s] INFO:colcon.colcon_core.shell:Creating environment descriptor '/home/jackfeels/Documents/PROYECTO_TURTLEBOT/install/person_tracker/share/person_tracker/hook/ament_prefix_path.dsv'
[1.252s] INFO:colcon.colcon_core.shell:Creating environment hook '/home/jackfeels/Documents/PROYECTO_TURTLEBOT/install/person_tracker/share/person_tracker/hook/ament_prefix_path.sh'
[1.252s] INFO:colcon.colcon_core.shell:Skip shell extension 'powershell' for command environment: Not usable outside of PowerShell
[1.252s] DEBUG:colcon.colcon_core.shell:Skip shell extension 'dsv' for command environment
[1.368s] INFO:colcon.colcon_core.task.python.build:Building Python package in '/home/jackfeels/Documents/PROYECTO_TURTLEBOT/src/person_tracker'
[1.368s] INFO:colcon.colcon_core.shell:Skip shell extension 'powershell' for command environment: Not usable outside of PowerShell
[1.368s] DEBUG:colcon.colcon_core.shell:Skip shell extension 'dsv' for command environment
[1.448s] Level 1:colcon.colcon_core.environment:checking '/home/jackfeels/Documents/PROYECTO_TURTLEBOT/install/follow_controller' for CMake module files
[1.448s] Level 1:colcon.colcon_core.environment:checking '/home/jackfeels/Documents/PROYECTO_TURTLEBOT/install/follow_controller' for CMake config files
[1.448s] Level 1:colcon.colcon_core.environment:checking '/home/jackfeels/Documents/PROYECTO_TURTLEBOT/install/follow_controller/lib'
[1.448s] Level 1:colcon.colcon_core.environment:checking '/home/jackfeels/Documents/PROYECTO_TURTLEBOT/install/follow_controller/bin'
[1.448s] Level 1:colcon.colcon_core.environment:checking '/home/jackfeels/Documents/PROYECTO_TURTLEBOT/install/follow_controller/lib/pkgconfig/follow_controller.pc'
[1.449s] Level 1:colcon.colcon_core.environment:checking '/home/jackfeels/Documents/PROYECTO_TURTLEBOT/install/follow_controller/lib/python3.10/site-packages'
[1.449s] Level 1:colcon.colcon_core.shell:create_environment_hook('follow_controller', 'pythonpath')
[1.449s] INFO:colcon.colcon_core.shell:Creating environment hook '/home/jackfeels/Documents/PROYECTO_TURTLEBOT/install/follow_controller/share/follow_controller/hook/pythonpath.ps1'
[1.449s] INFO:colcon.colcon_core.shell:Creating environment descriptor '/home/jackfeels/Documents/PROYECTO_TURTLEBOT/install/follow_controller/share/follow_controller/hook/pythonpath.dsv'
[1.449s] INFO:colcon.colcon_core.shell:Creating environment hook '/home/jackfeels/Documents/PROYECTO_TURTLEBOT/install/follow_controller/share/follow_controller/hook/pythonpath.sh'
[1.450s] Level 1:colcon.colcon_core.environment:checking '/home/jackfeels/Documents/PROYECTO_TURTLEBOT/install/follow_controller/bin'
[1.450s] Level 1:colcon.colcon_core.environment:create_environment_scripts_only(follow_controller)
[1.450s] INFO:colcon.colcon_core.shell:Creating package script '/home/jackfeels/Documents/PROYECTO_TURTLEBOT/install/follow_controller/share/follow_controller/package.ps1'
[1.450s] INFO:colcon.colcon_core.shell:Creating package descriptor '/home/jackfeels/Documents/PROYECTO_TURTLEBOT/install/follow_controller/share/follow_controller/package.dsv'
[1.450s] INFO:colcon.colcon_core.shell:Creating package script '/home/jackfeels/Documents/PROYECTO_TURTLEBOT/install/follow_controller/share/follow_controller/package.sh'
[1.450s] INFO:colcon.colcon_core.shell:Creating package script '/home/jackfeels/Documents/PROYECTO_TURTLEBOT/install/follow_controller/share/follow_controller/package.bash'
[1.451s] INFO:colcon.colcon_core.shell:Creating package script '/home/jackfeels/Documents/PROYECTO_TURTLEBOT/install/follow_controller/share/follow_controller/package.zsh'
[1.451s] Level 1:colcon.colcon_core.environment:create_file_with_runtime_dependencies(/home/jackfeels/Documents/PROYECTO_TURTLEBOT/install/follow_controller/share/colcon-core/packages/follow_controller)
[1.451s] INFO:colcon.colcon_ros.task.ament_python.build:Building ROS package in '/home/jackfeels/Documents/PROYECTO_TURTLEBOT/src/target_selector' with build type 'ament_python'
[1.451s] Level 1:colcon.colcon_core.shell:create_environment_hook('target_selector', 'ament_prefix_path')
[1.451s] INFO:colcon.colcon_core.shell:Creating environment hook '/home/jackfeels/Documents/PROYECTO_TURTLEBOT/install/target_selector/share/target_selector/hook/ament_prefix_path.ps1'
[1.451s] DEBUG:colcon.colcon_core.event_handler.log_command:Invoked command in '/home/jackfeels/Documents/PROYECTO_TURTLEBOT/src/follow_controller' returned '0': CMAKE_PREFIX_PATH=/home/jackfeels/Documents/PROYECTO_TURTLEBOT/install/tb3_interfaces:${CMAKE_PREFIX_PATH} LD_LIBRARY_PATH=/home/jackfeels/Documents/PROYECTO_TURTLEBOT/install/tb3_interfaces/lib:${LD_LIBRARY_PATH} PKG_CONFIG_PATH=/home/jackfeels/Documents/PROYECTO_TURTLEBOT/install/tb3_interfaces/lib/aarch64-linux-gnu/pkgconfig:/home/jackfeels/Documents/PROYECTO_TURTLEBOT/install/tb3_interfaces/lib/pkgconfig PYTHONPATH=/home/jackfeels/Documents/PROYECTO_TURTLEBOT/build/follow_controller/prefix_override:/usr/lib/python3/dist-packages/colcon_core/task/python/colcon_distutils_commands:/home/jackfeels/Documents/PROYECTO_TURTLEBOT/install/follow_controller/lib/python3.10/site-packages:/home/jackfeels/Documents/PROYECTO_TURTLEBOT/install/tb3_interfaces/local/lib/python3.10/dist-packages:${PYTHONPATH} ROS_PACKAGE_PATH=/home/jackfeels/Documents/PROYECTO_TURTLEBOT/install/tb3_interfaces/share /usr/bin/python3 -W ignore:setup.py install is deprecated -W ignore:easy_install command is deprecated setup.py egg_info --egg-base ../../build/follow_controller build --build-base /home/jackfeels/Documents/PROYECTO_TURTLEBOT/build/follow_controller/build install --record /home/jackfeels/Documents/PROYECTO_TURTLEBOT/build/follow_controller/install.log --single-version-externally-managed install_data
[1.452s] INFO:colcon.colcon_core.shell:Creating environment descriptor '/home/jackfeels/Documents/PROYECTO_TURTLEBOT/install/target_selector/share/target_selector/hook/ament_prefix_path.dsv'
[1.452s] INFO:colcon.colcon_core.shell:Creating environment hook '/home/jackfeels/Documents/PROYECTO_TURTLEBOT/install/target_selector/share/target_selector/hook/ament_prefix_path.sh'
[1.452s] INFO:colcon.colcon_core.shell:Skip shell extension 'powershell' for command environment: Not usable outside of PowerShell
[1.452s] DEBUG:colcon.colcon_core.shell:Skip shell extension 'dsv' for command environment
[1.581s] INFO:colcon.colcon_core.task.python.build:Building Python package in '/home/jackfeels/Documents/PROYECTO_TURTLEBOT/src/target_selector'
[1.581s] INFO:colcon.colcon_core.shell:Skip shell extension 'powershell' for command environment: Not usable outside of PowerShell
[1.581s] DEBUG:colcon.colcon_core.shell:Skip shell extension 'dsv' for command environment
[1.590s] DEBUG:colcon.colcon_core.event_handler.log_command:Invoking command in '/home/jackfeels/Documents/PROYECTO_TURTLEBOT/src/person_tracker': CMAKE_PREFIX_PATH=/home/jackfeels/Documents/PROYECTO_TURTLEBOT/install/tb3_interfaces:${CMAKE_PREFIX_PATH} LD_LIBRARY_PATH=/home/jackfeels/Documents/PROYECTO_TURTLEBOT/install/tb3_interfaces/lib:${LD_LIBRARY_PATH} PKG_CONFIG_PATH=/home/jackfeels/Documents/PROYECTO_TURTLEBOT/install/tb3_interfaces/lib/aarch64-linux-gnu/pkgconfig:/home/jackfeels/Documents/PROYECTO_TURTLEBOT/install/tb3_interfaces/lib/pkgconfig PYTHONPATH=/home/jackfeels/Documents/PROYECTO_TURTLEBOT/build/person_tracker/prefix_override:/usr/lib/python3/dist-packages/colcon_core/task/python/colcon_distutils_commands:/home/jackfeels/Documents/PROYECTO_TURTLEBOT/install/person_tracker/lib/python3.10/site-packages:/home/jackfeels/Documents/PROYECTO_TURTLEBOT/install/tb3_interfaces/local/lib/python3.10/dist-packages:${PYTHONPATH} ROS_PACKAGE_PATH=/home/jackfeels/Documents/PROYECTO_TURTLEBOT/install/tb3_interfaces/share /usr/bin/python3 -W ignore:setup.py install is deprecated -W ignore:easy_install command is deprecated setup.py egg_info --egg-base ../../build/person_tracker build --build-base /home/jackfeels/Documents/PROYECTO_TURTLEBOT/build/person_tracker/build install --record /home/jackfeels/Documents/PROYECTO_TURTLEBOT/build/person_tracker/install.log --single-version-externally-managed install_data
[1.795s] Level 1:colcon.colcon_core.environment:checking '/home/jackfeels/Documents/PROYECTO_TURTLEBOT/install/person_tracker' for CMake module files
[1.795s] Level 1:colcon.colcon_core.environment:checking '/home/jackfeels/Documents/PROYECTO_TURTLEBOT/install/person_tracker' for CMake config files
[1.796s] Level 1:colcon.colcon_core.environment:checking '/home/jackfeels/Documents/PROYECTO_TURTLEBOT/install/person_tracker/lib'
[1.796s] Level 1:colcon.colcon_core.environment:checking '/home/jackfeels/Documents/PROYECTO_TURTLEBOT/install/person_tracker/bin'
[1.796s] Level 1:colcon.colcon_core.environment:checking '/home/jackfeels/Documents/PROYECTO_TURTLEBOT/install/person_tracker/lib/pkgconfig/person_tracker.pc'
[1.796s] Level 1:colcon.colcon_core.environment:checking '/home/jackfeels/Documents/PROYECTO_TURTLEBOT/install/person_tracker/lib/python3.10/site-packages'
[1.796s] Level 1:colcon.colcon_core.shell:create_environment_hook('person_tracker', 'pythonpath')
[1.796s] INFO:colcon.colcon_core.shell:Creating environment hook '/home/jackfeels/Documents/PROYECTO_TURTLEBOT/install/person_tracker/share/person_tracker/hook/pythonpath.ps1'
[1.797s] DEBUG:colcon.colcon_core.event_handler.log_command:Invoked command in '/home/jackfeels/Documents/PROYECTO_TURTLEBOT/src/person_tracker' returned '0': CMAKE_PREFIX_PATH=/home/jackfeels/Documents/PROYECTO_TURTLEBOT/install/tb3_interfaces:${CMAKE_PREFIX_PATH} LD_LIBRARY_PATH=/home/jackfeels/Documents/PROYECTO_TURTLEBOT/install/tb3_interfaces/lib:${LD_LIBRARY_PATH} PKG_CONFIG_PATH=/home/jackfeels/Documents/PROYECTO_TURTLEBOT/install/tb3_interfaces/lib/aarch64-linux-gnu/pkgconfig:/home/jackfeels/Documents/PROYECTO_TURTLEBOT/install/tb3_interfaces/lib/pkgconfig PYTHONPATH=/home/jackfeels/Documents/PROYECTO_TURTLEBOT/build/person_tracker/prefix_override:/usr/lib/python3/dist-packages/colcon_core/task/python/colcon_distutils_commands:/home/jackfeels/Documents/PROYECTO_TURTLEBOT/install/person_tracker/lib/python3.10/site-packages:/home/jackfeels/Documents/PROYECTO_TURTLEBOT/install/tb3_interfaces/local/lib/python3.10/dist-packages:${PYTHONPATH} ROS_PACKAGE_PATH=/home/jackfeels/Documents/PROYECTO_TURTLEBOT/install/tb3_interfaces/share /usr/bin/python3 -W ignore:setup.py install is deprecated -W ignore:easy_install command is deprecated setup.py egg_info --egg-base ../../build/person_tracker build --build-base /home/jackfeels/Documents/PROYECTO_TURTLEBOT/build/person_tracker/build install --record /home/jackfeels/Documents/PROYECTO_TURTLEBOT/build/person_tracker/install.log --single-version-externally-managed install_data
[1.797s] INFO:colcon.colcon_core.shell:Creating environment descriptor '/home/jackfeels/Documents/PROYECTO_TURTLEBOT/install/person_tracker/share/person_tracker/hook/pythonpath.dsv'
[1.797s] INFO:colcon.colcon_core.shell:Creating environment hook '/home/jackfeels/Documents/PROYECTO_TURTLEBOT/install/person_tracker/share/person_tracker/hook/pythonpath.sh'
[1.797s] Level 1:colcon.colcon_core.environment:checking '/home/jackfeels/Documents/PROYECTO_TURTLEBOT/install/person_tracker/bin'
[1.797s] Level 1:colcon.colcon_core.environment:create_environment_scripts_only(person_tracker)
[1.798s] INFO:colcon.colcon_core.shell:Creating package script '/home/jackfeels/Documents/PROYECTO_TURTLEBOT/install/person_tracker/share/person_tracker/package.ps1'
[1.798s] INFO:colcon.colcon_core.shell:Creating package descriptor '/home/jackfeels/Documents/PROYECTO_TURTLEBOT/install/person_tracker/share/person_tracker/package.dsv'
[1.798s] INFO:colcon.colcon_core.shell:Creating package script '/home/jackfeels/Documents/PROYECTO_TURTLEBOT/install/person_tracker/share/person_tracker/package.sh'
[1.798s] INFO:colcon.colcon_core.shell:Creating package script '/home/jackfeels/Documents/PROYECTO_TURTLEBOT/install/person_tracker/share/person_tracker/package.bash'
[1.798s] INFO:colcon.colcon_core.shell:Creating package script '/home/jackfeels/Documents/PROYECTO_TURTLEBOT/install/person_tracker/share/person_tracker/package.zsh'
[1.799s] Level 1:colcon.colcon_core.environment:create_file_with_runtime_dependencies(/home/jackfeels/Documents/PROYECTO_TURTLEBOT/install/person_tracker/share/colcon-core/packages/person_tracker)
[1.803s] DEBUG:colcon.colcon_core.event_handler.log_command:Invoking command in '/home/jackfeels/Documents/PROYECTO_TURTLEBOT/src/target_selector': CMAKE_PREFIX_PATH=/home/jackfeels/Documents/PROYECTO_TURTLEBOT/install/tb3_interfaces:${CMAKE_PREFIX_PATH} LD_LIBRARY_PATH=/home/jackfeels/Documents/PROYECTO_TURTLEBOT/install/tb3_interfaces/lib:${LD_LIBRARY_PATH} PKG_CONFIG_PATH=/home/jackfeels/Documents/PROYECTO_TURTLEBOT/install/tb3_interfaces/lib/aarch64-linux-gnu/pkgconfig:/home/jackfeels/Documents/PROYECTO_TURTLEBOT/install/tb3_interfaces/lib/pkgconfig PYTHONPATH=/home/jackfeels/Documents/PROYECTO_TURTLEBOT/build/target_selector/prefix_override:/usr/lib/python3/dist-packages/colcon_core/task/python/colcon_distutils_commands:/home/jackfeels/Documents/PROYECTO_TURTLEBOT/install/target_selector/lib/python3.10/site-packages:/home/jackfeels/Documents/PROYECTO_TURTLEBOT/install/tb3_interfaces/local/lib/python3.10/dist-packages:${PYTHONPATH} ROS_PACKAGE_PATH=/home/jackfeels/Documents/PROYECTO_TURTLEBOT/install/tb3_interfaces/share /usr/bin/python3 -W ignore:setup.py install is deprecated -W ignore:easy_install command is deprecated setup.py egg_info --egg-base ../../build/target_selector build --build-base /home/jackfeels/Documents/PROYECTO_TURTLEBOT/build/target_selector/build install --record /home/jackfeels/Documents/PROYECTO_TURTLEBOT/build/target_selector/install.log --single-version-externally-managed install_data
[1.999s] Level 1:colcon.colcon_core.environment:checking '/home/jackfeels/Documents/PROYECTO_TURTLEBOT/install/target_selector' for CMake module files
[1.999s] DEBUG:colcon.colcon_core.event_handler.log_command:Invoked command in '/home/jackfeels/Documents/PROYECTO_TURTLEBOT/src/target_selector' returned '0': CMAKE_PREFIX_PATH=/home/jackfeels/Documents/PROYECTO_TURTLEBOT/install/tb3_interfaces:${CMAKE_PREFIX_PATH} LD_LIBRARY_PATH=/home/jackfeels/Documents/PROYECTO_TURTLEBOT/install/tb3_interfaces/lib:${LD_LIBRARY_PATH} PKG_CONFIG_PATH=/home/jackfeels/Documents/PROYECTO_TURTLEBOT/install/tb3_interfaces/lib/aarch64-linux-gnu/pkgconfig:/home/jackfeels/Documents/PROYECTO_TURTLEBOT/install/tb3_interfaces/lib/pkgconfig PYTHONPATH=/home/jackfeels/Documents/PROYECTO_TURTLEBOT/build/target_selector/prefix_override:/usr/lib/python3/dist-packages/colcon_core/task/python/colcon_distutils_commands:/home/jackfeels/Documents/PROYECTO_TURTLEBOT/install/target_selector/lib/python3.10/site-packages:/home/jackfeels/Documents/PROYECTO_TURTLEBOT/install/tb3_interfaces/local/lib/python3.10/dist-packages:${PYTHONPATH} ROS_PACKAGE_PATH=/home/jackfeels/Documents/PROYECTO_TURTLEBOT/install/tb3_interfaces/share /usr/bin/python3 -W ignore:setup.py install is deprecated -W ignore:easy_install command is deprecated setup.py egg_info --egg-base ../../build/target_selector build --build-base /home/jackfeels/Documents/PROYECTO_TURTLEBOT/build/target_selector/build install --record /home/jackfeels/Documents/PROYECTO_TURTLEBOT/build/target_selector/install.log --single-version-externally-managed install_data
[1.999s] Level 1:colcon.colcon_core.environment:checking '/home/jackfeels/Documents/PROYECTO_TURTLEBOT/install/target_selector' for CMake config files
[2.000s] Level 1:colcon.colcon_core.environment:checking '/home/jackfeels/Documents/PROYECTO_TURTLEBOT/install/target_selector/lib'
[2.000s] Level 1:colcon.colcon_core.environment:checking '/home/jackfeels/Documents/PROYECTO_TURTLEBOT/install/target_selector/bin'
[2.000s] Level 1:colcon.colcon_core.environment:checking '/home/jackfeels/Documents/PROYECTO_TURTLEBOT/install/target_selector/lib/pkgconfig/target_selector.pc'
[2.000s] Level 1:colcon.colcon_core.environment:checking '/home/jackfeels/Documents/PROYECTO_TURTLEBOT/install/target_selector/lib/python3.10/site-packages'
[2.000s] Level 1:colcon.colcon_core.shell:create_environment_hook('target_selector', 'pythonpath')
[2.000s] INFO:colcon.colcon_core.shell:Creating environment hook '/home/jackfeels/Documents/PROYECTO_TURTLEBOT/install/target_selector/share/target_selector/hook/pythonpath.ps1'
[2.000s] INFO:colcon.colcon_core.shell:Creating environment descriptor '/home/jackfeels/Documents/PROYECTO_TURTLEBOT/install/target_selector/share/target_selector/hook/pythonpath.dsv'
[2.000s] INFO:colcon.colcon_core.shell:Creating environment hook '/home/jackfeels/Documents/PROYECTO_TURTLEBOT/install/target_selector/share/target_selector/hook/pythonpath.sh'
[2.001s] Level 1:colcon.colcon_core.environment:checking '/home/jackfeels/Documents/PROYECTO_TURTLEBOT/install/target_selector/bin'
[2.001s] Level 1:colcon.colcon_core.environment:create_environment_scripts_only(target_selector)
[2.001s] INFO:colcon.colcon_core.shell:Creating package script '/home/jackfeels/Documents/PROYECTO_TURTLEBOT/install/target_selector/share/target_selector/package.ps1'
[2.001s] INFO:colcon.colcon_core.shell:Creating package descriptor '/home/jackfeels/Documents/PROYECTO_TURTLEBOT/install/target_selector/share/target_selector/package.dsv'
[2.001s] INFO:colcon.colcon_core.shell:Creating package script '/home/jackfeels/Documents/PROYECTO_TURTLEBOT/install/target_selector/share/target_selector/package.sh'
[2.002s] INFO:colcon.colcon_core.shell:Creating package script '/home/jackfeels/Documents/PROYECTO_TURTLEBOT/install/target_selector/share/target_selector/package.bash'
[2.002s] INFO:colcon.colcon_core.shell:Creating package script '/home/jackfeels/Documents/PROYECTO_TURTLEBOT/install/target_selector/share/target_selector/package.zsh'
[2.002s] Level 1:colcon.colcon_core.environment:create_file_with_runtime_dependencies(/home/jackfeels/Documents/PROYECTO_TURTLEBOT/install/target_selector/share/colcon-core/packages/target_selector)
[2.002s] DEBUG:colcon.colcon_parallel_executor.executor.parallel:closing loop
[2.002s] DEBUG:colcon.colcon_parallel_executor.executor.parallel:loop closed
[2.002s] DEBUG:colcon.colcon_parallel_executor.executor.parallel:run_until_complete finished with '0'
[2.002s] DEBUG:colcon.colcon_core.event_reactor:joining thread
[2.006s] INFO:colcon.colcon_core.plugin_system:Skipping extension 'colcon_notification.desktop_notification.terminal_notifier': Not used on non-Darwin systems
[2.006s] INFO:colcon.colcon_core.plugin_system:Skipping extension 'colcon_notification.desktop_notification.win32': Not used on non-Windows systems
[2.006s] INFO:colcon.colcon_notification.desktop_notification:Sending desktop notification using 'notify2'
[2.017s] DEBUG:colcon.colcon_core.event_reactor:joined thread
[2.017s] INFO:colcon.colcon_core.shell:Creating prefix script '/home/jackfeels/Documents/PROYECTO_TURTLEBOT/install/local_setup.ps1'
[2.017s] INFO:colcon.colcon_core.shell:Creating prefix util module '/home/jackfeels/Documents/PROYECTO_TURTLEBOT/install/_local_setup_util_ps1.py'
[2.018s] INFO:colcon.colcon_core.shell:Creating prefix chain script '/home/jackfeels/Documents/PROYECTO_TURTLEBOT/install/setup.ps1'
[2.019s] INFO:colcon.colcon_core.shell:Creating prefix script '/home/jackfeels/Documents/PROYECTO_TURTLEBOT/install/local_setup.sh'
[2.020s] INFO:colcon.colcon_core.shell:Creating prefix util module '/home/jackfeels/Documents/PROYECTO_TURTLEBOT/install/_local_setup_util_sh.py'
[2.020s] INFO:colcon.colcon_core.shell:Creating prefix chain script '/home/jackfeels/Documents/PROYECTO_TURTLEBOT/install/setup.sh'
[2.021s] INFO:colcon.colcon_core.shell:Creating prefix script '/home/jackfeels/Documents/PROYECTO_TURTLEBOT/install/local_setup.bash'
[2.022s] INFO:colcon.colcon_core.shell:Creating prefix chain script '/home/jackfeels/Documents/PROYECTO_TURTLEBOT/install/setup.bash'
[2.023s] INFO:colcon.colcon_core.shell:Creating prefix script '/home/jackfeels/Documents/PROYECTO_TURTLEBOT/install/local_setup.zsh'
[2.024s] INFO:colcon.colcon_core.shell:Creating prefix chain script '/home/jackfeels/Documents/PROYECTO_TURTLEBOT/install/setup.zsh'
