[0.517s] Invoking command in '/home/jackfeels/Documents/PROYECTO_TURTLEBOT/src/debug_visualizer': CMAKE_PREFIX_PATH=/home/jackfeels/Documents/PROYECTO_TURTLEBOT/install/tb3_interfaces:${CMAKE_PREFIX_PATH} LD_LIBRARY_PATH=/home/jackfeels/Documents/PROYECTO_TURTLEBOT/install/tb3_interfaces/lib:${LD_LIBRARY_PATH} PKG_CONFIG_PATH=/home/jackfeels/Documents/PROYECTO_TURTLEBOT/install/tb3_interfaces/lib/aarch64-linux-gnu/pkgconfig:/home/jackfeels/Documents/PROYECTO_TURTLEBOT/install/tb3_interfaces/lib/pkgconfig PYTHONPATH=/home/jackfeels/Documents/PROYECTO_TURTLEBOT/build/debug_visualizer/prefix_override:/usr/lib/python3/dist-packages/colcon_core/task/python/colcon_distutils_commands:/home/jackfeels/Documents/PROYECTO_TURTLEBOT/install/debug_visualizer/lib/python3.10/site-packages:/home/jackfeels/Documents/PROYECTO_TURTLEBOT/install/tb3_interfaces/local/lib/python3.10/dist-packages:${PYTHONPATH} ROS_PACKAGE_PATH=/home/jackfeels/Documents/PROYECTO_TURTLEBOT/install/tb3_interfaces/share /usr/bin/python3 -W ignore:setup.py install is deprecated -W ignore:easy_install command is deprecated setup.py egg_info --egg-base ../../build/debug_visualizer build --build-base /home/jackfeels/Documents/PROYECTO_TURTLEBOT/build/debug_visualizer/build install --record /home/jackfeels/Documents/PROYECTO_TURTLEBOT/build/debug_visualizer/install.log --single-version-externally-managed install_data
[0.656s] running egg_info
[0.663s] writing ../../build/debug_visualizer/debug_visualizer.egg-info/PKG-INFO
[0.664s] writing dependency_links to ../../build/debug_visualizer/debug_visualizer.egg-info/dependency_links.txt
[0.664s] writing entry points to ../../build/debug_visualizer/debug_visualizer.egg-info/entry_points.txt
[0.664s] writing requirements to ../../build/debug_visualizer/debug_visualizer.egg-info/requires.txt
[0.664s] writing top-level names to ../../build/debug_visualizer/debug_visualizer.egg-info/top_level.txt
[0.680s] reading manifest file '../../build/debug_visualizer/debug_visualizer.egg-info/SOURCES.txt'
[0.681s] writing manifest file '../../build/debug_visualizer/debug_visualizer.egg-info/SOURCES.txt'
[0.681s] running build
[0.681s] running build_py
[0.681s] copying debug_visualizer/debug_visualizer_node.py -> /home/jackfeels/Documents/PROYECTO_TURTLEBOT/build/debug_visualizer/build/lib/debug_visualizer
[0.681s] copying debug_visualizer/__init__.py -> /home/jackfeels/Documents/PROYECTO_TURTLEBOT/build/debug_visualizer/build/lib/debug_visualizer
[0.682s] running install
[0.684s] running install_lib
[0.705s] running install_data
[0.715s] copying resource/debug_visualizer -> /home/jackfeels/Documents/PROYECTO_TURTLEBOT/install/debug_visualizer/share/ament_index/resource_index/packages
[0.716s] copying package.xml -> /home/jackfeels/Documents/PROYECTO_TURTLEBOT/install/debug_visualizer/share/debug_visualizer
[0.716s] running install_egg_info
[0.725s] removing '/home/jackfeels/Documents/PROYECTO_TURTLEBOT/install/debug_visualizer/lib/python3.10/site-packages/debug_visualizer-0.0.1-py3.10.egg-info' (and everything under it)
[0.727s] Copying ../../build/debug_visualizer/debug_visualizer.egg-info to /home/jackfeels/Documents/PROYECTO_TURTLEBOT/install/debug_visualizer/lib/python3.10/site-packages/debug_visualizer-0.0.1-py3.10.egg-info
[0.730s] running install_scripts
[0.748s] Installing debug_visualizer_node script to /home/jackfeels/Documents/PROYECTO_TURTLEBOT/install/debug_visualizer/lib/debug_visualizer
[0.749s] writing list of installed files to '/home/jackfeels/Documents/PROYECTO_TURTLEBOT/build/debug_visualizer/install.log'
[0.901s] Invoked command in '/home/jackfeels/Documents/PROYECTO_TURTLEBOT/src/debug_visualizer' returned '0': CMAKE_PREFIX_PATH=/home/jackfeels/Documents/PROYECTO_TURTLEBOT/install/tb3_interfaces:${CMAKE_PREFIX_PATH} LD_LIBRARY_PATH=/home/jackfeels/Documents/PROYECTO_TURTLEBOT/install/tb3_interfaces/lib:${LD_LIBRARY_PATH} PKG_CONFIG_PATH=/home/jackfeels/Documents/PROYECTO_TURTLEBOT/install/tb3_interfaces/lib/aarch64-linux-gnu/pkgconfig:/home/jackfeels/Documents/PROYECTO_TURTLEBOT/install/tb3_interfaces/lib/pkgconfig PYTHONPATH=/home/jackfeels/Documents/PROYECTO_TURTLEBOT/build/debug_visualizer/prefix_override:/usr/lib/python3/dist-packages/colcon_core/task/python/colcon_distutils_commands:/home/jackfeels/Documents/PROYECTO_TURTLEBOT/install/debug_visualizer/lib/python3.10/site-packages:/home/jackfeels/Documents/PROYECTO_TURTLEBOT/install/tb3_interfaces/local/lib/python3.10/dist-packages:${PYTHONPATH} ROS_PACKAGE_PATH=/home/jackfeels/Documents/PROYECTO_TURTLEBOT/install/tb3_interfaces/share /usr/bin/python3 -W ignore:setup.py install is deprecated -W ignore:easy_install command is deprecated setup.py egg_info --egg-base ../../build/debug_visualizer build --build-base /home/jackfeels/Documents/PROYECTO_TURTLEBOT/build/debug_visualizer/build install --record /home/jackfeels/Documents/PROYECTO_TURTLEBOT/build/debug_visualizer/install.log --single-version-externally-managed install_data
