running egg_info
writing ../../build/gesture_detector/gesture_detector.egg-info/PKG-INFO
writing dependency_links to ../../build/gesture_detector/gesture_detector.egg-info/dependency_links.txt
writing entry points to ../../build/gesture_detector/gesture_detector.egg-info/entry_points.txt
writing requirements to ../../build/gesture_detector/gesture_detector.egg-info/requires.txt
writing top-level names to ../../build/gesture_detector/gesture_detector.egg-info/top_level.txt
reading manifest file '../../build/gesture_detector/gesture_detector.egg-info/SOURCES.txt'
writing manifest file '../../build/gesture_detector/gesture_detector.egg-info/SOURCES.txt'
running build
running build_py
copying gesture_detector/gesture_detector_node.py -> /home/jackfeels/Documents/PROYECTO_TURTLEBOT/build/gesture_detector/build/lib/gesture_detector
copying gesture_detector/__init__.py -> /home/jackfeels/Documents/PROYECTO_TURTLEBOT/build/gesture_detector/build/lib/gesture_detector
running install
running install_lib
copying /home/jackfeels/Documents/PROYECTO_TURTLEBOT/build/gesture_detector/build/lib/gesture_detector/gesture_detector_node.py -> /home/jackfeels/Documents/PROYECTO_TURTLEBOT/install/gesture_detector/lib/python3.10/site-packages/gesture_detector
byte-compiling /home/jackfeels/Documents/PROYECTO_TURTLEBOT/install/gesture_detector/lib/python3.10/site-packages/gesture_detector/gesture_detector_node.py to gesture_detector_node.cpython-310.pyc
running install_data
copying resource/gesture_detector -> /home/jackfeels/Documents/PROYECTO_TURTLEBOT/install/gesture_detector/share/ament_index/resource_index/packages
copying package.xml -> /home/jackfeels/Documents/PROYECTO_TURTLEBOT/install/gesture_detector/share/gesture_detector
running install_egg_info
removing '/home/jackfeels/Documents/PROYECTO_TURTLEBOT/install/gesture_detector/lib/python3.10/site-packages/gesture_detector-0.0.1-py3.10.egg-info' (and everything under it)
Copying ../../build/gesture_detector/gesture_detector.egg-info to /home/jackfeels/Documents/PROYECTO_TURTLEBOT/install/gesture_detector/lib/python3.10/site-packages/gesture_detector-0.0.1-py3.10.egg-info
running install_scripts
Installing gesture_detector_node script to /home/jackfeels/Documents/PROYECTO_TURTLEBOT/install/gesture_detector/lib/gesture_detector
writing list of installed files to '/home/jackfeels/Documents/PROYECTO_TURTLEBOT/build/gesture_detector/install.log'
