[1.041s] Invoking command in '/home/jackfeels/Documents/PROYECTO_TURTLEBOT/src/follow_controller': CMAKE_PREFIX_PATH=/home/jackfeels/Documents/PROYECTO_TURTLEBOT/install/tb3_interfaces:${CMAKE_PREFIX_PATH} LD_LIBRARY_PATH=/home/jackfeels/Documents/PROYECTO_TURTLEBOT/install/tb3_interfaces/lib:${LD_LIBRARY_PATH} PKG_CONFIG_PATH=/home/jackfeels/Documents/PROYECTO_TURTLEBOT/install/tb3_interfaces/lib/aarch64-linux-gnu/pkgconfig:/home/jackfeels/Documents/PROYECTO_TURTLEBOT/install/tb3_interfaces/lib/pkgconfig PYTHONPATH=/home/jackfeels/Documents/PROYECTO_TURTLEBOT/build/follow_controller/prefix_override:/usr/lib/python3/dist-packages/colcon_core/task/python/colcon_distutils_commands:/home/jackfeels/Documents/PROYECTO_TURTLEBOT/install/follow_controller/lib/python3.10/site-packages:/home/jackfeels/Documents/PROYECTO_TURTLEBOT/install/tb3_interfaces/local/lib/python3.10/dist-packages:${PYTHONPATH} ROS_PACKAGE_PATH=/home/jackfeels/Documents/PROYECTO_TURTLEBOT/install/tb3_interfaces/share /usr/bin/python3 -W ignore:setup.py install is deprecated -W ignore:easy_install command is deprecated setup.py egg_info --egg-base ../../build/follow_controller build --build-base /home/jackfeels/Documents/PROYECTO_TURTLEBOT/build/follow_controller/build install --record /home/jackfeels/Documents/PROYECTO_TURTLEBOT/build/follow_controller/install.log --single-version-externally-managed install_data
[1.444s] running egg_info
[1.499s] writing ../../build/follow_controller/follow_controller.egg-info/PKG-INFO
[1.505s] writing dependency_links to ../../build/follow_controller/follow_controller.egg-info/dependency_links.txt
[1.505s] writing entry points to ../../build/follow_controller/follow_controller.egg-info/entry_points.txt
[1.506s] writing requirements to ../../build/follow_controller/follow_controller.egg-info/requires.txt
[1.506s] writing top-level names to ../../build/follow_controller/follow_controller.egg-info/top_level.txt
[1.585s] reading manifest file '../../build/follow_controller/follow_controller.egg-info/SOURCES.txt'
[1.593s] writing manifest file '../../build/follow_controller/follow_controller.egg-info/SOURCES.txt'
[1.593s] running build
[1.593s] running build_py
[1.593s] copying follow_controller/follow_controller_node.py -> /home/jackfeels/Documents/PROYECTO_TURTLEBOT/build/follow_controller/build/lib/follow_controller
[1.593s] copying follow_controller/__init__.py -> /home/jackfeels/Documents/PROYECTO_TURTLEBOT/build/follow_controller/build/lib/follow_controller
[1.593s] running install
[1.596s] running install_lib
[1.621s] running install_data
[1.621s] copying resource/follow_controller -> /home/jackfeels/Documents/PROYECTO_TURTLEBOT/install/follow_controller/share/ament_index/resource_index/packages
[1.621s] copying package.xml -> /home/jackfeels/Documents/PROYECTO_TURTLEBOT/install/follow_controller/share/follow_controller
[1.621s] running install_egg_info
[1.658s] removing '/home/jackfeels/Documents/PROYECTO_TURTLEBOT/install/follow_controller/lib/python3.10/site-packages/follow_controller-0.0.1-py3.10.egg-info' (and everything under it)
[1.660s] Copying ../../build/follow_controller/follow_controller.egg-info to /home/jackfeels/Documents/PROYECTO_TURTLEBOT/install/follow_controller/lib/python3.10/site-packages/follow_controller-0.0.1-py3.10.egg-info
[1.660s] running install_scripts
[1.695s] Installing follow_controller_node script to /home/jackfeels/Documents/PROYECTO_TURTLEBOT/install/follow_controller/lib/follow_controller
[1.696s] writing list of installed files to '/home/jackfeels/Documents/PROYECTO_TURTLEBOT/build/follow_controller/install.log'
[1.738s] Invoked command in '/home/jackfeels/Documents/PROYECTO_TURTLEBOT/src/follow_controller' returned '0': CMAKE_PREFIX_PATH=/home/jackfeels/Documents/PROYECTO_TURTLEBOT/install/tb3_interfaces:${CMAKE_PREFIX_PATH} LD_LIBRARY_PATH=/home/jackfeels/Documents/PROYECTO_TURTLEBOT/install/tb3_interfaces/lib:${LD_LIBRARY_PATH} PKG_CONFIG_PATH=/home/jackfeels/Documents/PROYECTO_TURTLEBOT/install/tb3_interfaces/lib/aarch64-linux-gnu/pkgconfig:/home/jackfeels/Documents/PROYECTO_TURTLEBOT/install/tb3_interfaces/lib/pkgconfig PYTHONPATH=/home/jackfeels/Documents/PROYECTO_TURTLEBOT/build/follow_controller/prefix_override:/usr/lib/python3/dist-packages/colcon_core/task/python/colcon_distutils_commands:/home/jackfeels/Documents/PROYECTO_TURTLEBOT/install/follow_controller/lib/python3.10/site-packages:/home/jackfeels/Documents/PROYECTO_TURTLEBOT/install/tb3_interfaces/local/lib/python3.10/dist-packages:${PYTHONPATH} ROS_PACKAGE_PATH=/home/jackfeels/Documents/PROYECTO_TURTLEBOT/install/tb3_interfaces/share /usr/bin/python3 -W ignore:setup.py install is deprecated -W ignore:easy_install command is deprecated setup.py egg_info --egg-base ../../build/follow_controller build --build-base /home/jackfeels/Documents/PROYECTO_TURTLEBOT/build/follow_controller/build install --record /home/jackfeels/Documents/PROYECTO_TURTLEBOT/build/follow_controller/install.log --single-version-externally-managed install_data
