[1.040s] Invoking command in '/home/jackfeels/Documents/PROYECTO_TURTLEBOT/src/debug_visualizer': CMAKE_PREFIX_PATH=/home/jackfeels/Documents/PROYECTO_TURTLEBOT/install/tb3_interfaces:${CMAKE_PREFIX_PATH} LD_LIBRARY_PATH=/home/jackfeels/Documents/PROYECTO_TURTLEBOT/install/tb3_interfaces/lib:${LD_LIBRARY_PATH} PKG_CONFIG_PATH=/home/jackfeels/Documents/PROYECTO_TURTLEBOT/install/tb3_interfaces/lib/aarch64-linux-gnu/pkgconfig:/home/jackfeels/Documents/PROYECTO_TURTLEBOT/install/tb3_interfaces/lib/pkgconfig PYTHONPATH=/home/jackfeels/Documents/PROYECTO_TURTLEBOT/build/debug_visualizer/prefix_override:/usr/lib/python3/dist-packages/colcon_core/task/python/colcon_distutils_commands:/home/jackfeels/Documents/PROYECTO_TURTLEBOT/install/debug_visualizer/lib/python3.10/site-packages:/home/jackfeels/Documents/PROYECTO_TURTLEBOT/install/tb3_interfaces/local/lib/python3.10/dist-packages:${PYTHONPATH} ROS_PACKAGE_PATH=/home/jackfeels/Documents/PROYECTO_TURTLEBOT/install/tb3_interfaces/share /usr/bin/python3 -W ignore:setup.py install is deprecated -W ignore:easy_install command is deprecated setup.py egg_info --egg-base ../../build/debug_visualizer build --build-base /home/jackfeels/Documents/PROYECTO_TURTLEBOT/build/debug_visualizer/build install --record /home/jackfeels/Documents/PROYECTO_TURTLEBOT/build/debug_visualizer/install.log --single-version-externally-managed install_data
[1.390s] running egg_info
[1.408s] writing ../../build/debug_visualizer/debug_visualizer.egg-info/PKG-INFO
[1.408s] writing dependency_links to ../../build/debug_visualizer/debug_visualizer.egg-info/dependency_links.txt
[1.408s] writing entry points to ../../build/debug_visualizer/debug_visualizer.egg-info/entry_points.txt
[1.408s] writing requirements to ../../build/debug_visualizer/debug_visualizer.egg-info/requires.txt
[1.408s] writing top-level names to ../../build/debug_visualizer/debug_visualizer.egg-info/top_level.txt
[1.446s] reading manifest file '../../build/debug_visualizer/debug_visualizer.egg-info/SOURCES.txt'
[1.448s] writing manifest file '../../build/debug_visualizer/debug_visualizer.egg-info/SOURCES.txt'
[1.448s] running build
[1.448s] running build_py
[1.448s] copying debug_visualizer/debug_visualizer_node.py -> /home/jackfeels/Documents/PROYECTO_TURTLEBOT/build/debug_visualizer/build/lib/debug_visualizer
[1.448s] copying debug_visualizer/__init__.py -> /home/jackfeels/Documents/PROYECTO_TURTLEBOT/build/debug_visualizer/build/lib/debug_visualizer
[1.449s] running install
[1.455s] running install_lib
[1.487s] running install_data
[1.487s] copying resource/debug_visualizer -> /home/jackfeels/Documents/PROYECTO_TURTLEBOT/install/debug_visualizer/share/ament_index/resource_index/packages
[1.487s] copying package.xml -> /home/jackfeels/Documents/PROYECTO_TURTLEBOT/install/debug_visualizer/share/debug_visualizer
[1.488s] running install_egg_info
[1.507s] removing '/home/jackfeels/Documents/PROYECTO_TURTLEBOT/install/debug_visualizer/lib/python3.10/site-packages/debug_visualizer-0.0.1-py3.10.egg-info' (and everything under it)
[1.508s] Copying ../../build/debug_visualizer/debug_visualizer.egg-info to /home/jackfeels/Documents/PROYECTO_TURTLEBOT/install/debug_visualizer/lib/python3.10/site-packages/debug_visualizer-0.0.1-py3.10.egg-info
[1.509s] running install_scripts
[1.567s] Installing debug_visualizer_node script to /home/jackfeels/Documents/PROYECTO_TURTLEBOT/install/debug_visualizer/lib/debug_visualizer
[1.567s] writing list of installed files to '/home/jackfeels/Documents/PROYECTO_TURTLEBOT/build/debug_visualizer/install.log'
[1.641s] Invoked command in '/home/jackfeels/Documents/PROYECTO_TURTLEBOT/src/debug_visualizer' returned '0': CMAKE_PREFIX_PATH=/home/jackfeels/Documents/PROYECTO_TURTLEBOT/install/tb3_interfaces:${CMAKE_PREFIX_PATH} LD_LIBRARY_PATH=/home/jackfeels/Documents/PROYECTO_TURTLEBOT/install/tb3_interfaces/lib:${LD_LIBRARY_PATH} PKG_CONFIG_PATH=/home/jackfeels/Documents/PROYECTO_TURTLEBOT/install/tb3_interfaces/lib/aarch64-linux-gnu/pkgconfig:/home/jackfeels/Documents/PROYECTO_TURTLEBOT/install/tb3_interfaces/lib/pkgconfig PYTHONPATH=/home/jackfeels/Documents/PROYECTO_TURTLEBOT/build/debug_visualizer/prefix_override:/usr/lib/python3/dist-packages/colcon_core/task/python/colcon_distutils_commands:/home/jackfeels/Documents/PROYECTO_TURTLEBOT/install/debug_visualizer/lib/python3.10/site-packages:/home/jackfeels/Documents/PROYECTO_TURTLEBOT/install/tb3_interfaces/local/lib/python3.10/dist-packages:${PYTHONPATH} ROS_PACKAGE_PATH=/home/jackfeels/Documents/PROYECTO_TURTLEBOT/install/tb3_interfaces/share /usr/bin/python3 -W ignore:setup.py install is deprecated -W ignore:easy_install command is deprecated setup.py egg_info --egg-base ../../build/debug_visualizer build --build-base /home/jackfeels/Documents/PROYECTO_TURTLEBOT/build/debug_visualizer/build install --record /home/jackfeels/Documents/PROYECTO_TURTLEBOT/build/debug_visualizer/install.log --single-version-externally-managed install_data
