[0.099s] DEBUG:colcon:Command line arguments: ['/usr/bin/colcon', 'build']
[0.099s] DEBUG:colcon:Parsed command line arguments: Namespace(log_base=None, log_level=None, verb_name='build', build_base='build', install_base='install', merge_install=False, symlink_install=False, test_result_base=None, continue_on_error=False, executor='parallel', parallel_workers=2, event_handlers=None, ignore_user_meta=False, metas=['./colcon.meta'], base_paths=['.'], packages_ignore=None, packages_ignore_regex=None, paths=None, packages_up_to=None, packages_up_to_regex=None, packages_above=None, packages_above_and_dependencies=None, packages_above_depth=None, packages_select_by_dep=None, packages_skip_by_dep=None, packages_skip_up_to=None, packages_select_build_failed=False, packages_skip_build_finished=False, packages_select_test_failures=False, packages_skip_test_passed=False, packages_select=None, packages_skip=None, packages_select_regex=None, packages_skip_regex=None, packages_start=None, packages_end=None, allow_overriding=[], cmake_args=None, cmake_target=None, cmake_target_skip_unavailable=False, cmake_clean_cache=False, cmake_clean_first=False, cmake_force_configure=False, ament_cmake_args=None, catkin_cmake_args=None, catkin_skip_building_tests=False, verb_parser=<colcon_defaults.argument_parser.defaults.DefaultArgumentsDecorator object at 0xffff85466bc0>, verb_extension=<colcon_core.verb.build.BuildVerb object at 0xffff8563c640>, main=<bound method BuildVerb.main of <colcon_core.verb.build.BuildVerb object at 0xffff8563c640>>)
[0.138s] Level 1:colcon.colcon_core.package_discovery:discover_packages(colcon_meta) check parameters
[0.138s] Level 1:colcon.colcon_core.package_discovery:discover_packages(recursive) check parameters
[0.138s] Level 1:colcon.colcon_core.package_discovery:discover_packages(ignore) check parameters
[0.138s] Level 1:colcon.colcon_core.package_discovery:discover_packages(path) check parameters
[0.138s] Level 1:colcon.colcon_core.package_discovery:discover_packages(colcon_meta) discover
[0.138s] Level 1:colcon.colcon_core.package_discovery:discover_packages(recursive) discover
[0.138s] INFO:colcon.colcon_core.package_discovery:Crawling recursively for packages in '/home/jackfeels/Documents/PROYECTO_TURTLEBOT'
[0.138s] Level 1:colcon.colcon_core.package_identification:_identify(.) by extensions ['ignore', 'ignore_ament_install']
[0.138s] Level 1:colcon.colcon_core.package_identification:_identify(.) by extension 'ignore'
[0.138s] Level 1:colcon.colcon_core.package_identification:_identify(.) by extension 'ignore_ament_install'
[0.139s] Level 1:colcon.colcon_core.package_identification:_identify(.) by extensions ['colcon_pkg']
[0.139s] Level 1:colcon.colcon_core.package_identification:_identify(.) by extension 'colcon_pkg'
[0.139s] Level 1:colcon.colcon_core.package_identification:_identify(.) by extensions ['colcon_meta']
[0.139s] Level 1:colcon.colcon_core.package_identification:_identify(.) by extension 'colcon_meta'
[0.139s] Level 1:colcon.colcon_core.package_identification:_identify(.) by extensions ['ros']
[0.139s] Level 1:colcon.colcon_core.package_identification:_identify(.) by extension 'ros'
[0.150s] Level 1:colcon.colcon_core.package_identification:_identify(.) by extensions ['cmake', 'python']
[0.151s] Level 1:colcon.colcon_core.package_identification:_identify(.) by extension 'cmake'
[0.151s] Level 1:colcon.colcon_core.package_identification:_identify(.) by extension 'python'
[0.151s] Level 1:colcon.colcon_core.package_identification:_identify(.) by extensions ['python_setup_py']
[0.151s] Level 1:colcon.colcon_core.package_identification:_identify(.) by extension 'python_setup_py'
[0.151s] Level 1:colcon.colcon_core.package_identification:_identify(build) by extensions ['ignore', 'ignore_ament_install']
[0.151s] Level 1:colcon.colcon_core.package_identification:_identify(build) by extension 'ignore'
[0.151s] Level 1:colcon.colcon_core.package_identification:_identify(build) ignored
[0.151s] Level 1:colcon.colcon_core.package_identification:_identify(install) by extensions ['ignore', 'ignore_ament_install']
[0.151s] Level 1:colcon.colcon_core.package_identification:_identify(install) by extension 'ignore'
[0.151s] Level 1:colcon.colcon_core.package_identification:_identify(install) ignored
[0.151s] Level 1:colcon.colcon_core.package_identification:_identify(log) by extensions ['ignore', 'ignore_ament_install']
[0.151s] Level 1:colcon.colcon_core.package_identification:_identify(log) by extension 'ignore'
[0.151s] Level 1:colcon.colcon_core.package_identification:_identify(log) ignored
[0.151s] Level 1:colcon.colcon_core.package_identification:_identify(src) by extensions ['ignore', 'ignore_ament_install']
[0.151s] Level 1:colcon.colcon_core.package_identification:_identify(src) by extension 'ignore'
[0.151s] Level 1:colcon.colcon_core.package_identification:_identify(src) by extension 'ignore_ament_install'
[0.151s] Level 1:colcon.colcon_core.package_identification:_identify(src) by extensions ['colcon_pkg']
[0.151s] Level 1:colcon.colcon_core.package_identification:_identify(src) by extension 'colcon_pkg'
[0.151s] Level 1:colcon.colcon_core.package_identification:_identify(src) by extensions ['colcon_meta']
[0.151s] Level 1:colcon.colcon_core.package_identification:_identify(src) by extension 'colcon_meta'
[0.151s] Level 1:colcon.colcon_core.package_identification:_identify(src) by extensions ['ros']
[0.151s] Level 1:colcon.colcon_core.package_identification:_identify(src) by extension 'ros'
[0.151s] Level 1:colcon.colcon_core.package_identification:_identify(src) by extensions ['cmake', 'python']
[0.151s] Level 1:colcon.colcon_core.package_identification:_identify(src) by extension 'cmake'
[0.151s] Level 1:colcon.colcon_core.package_identification:_identify(src) by extension 'python'
[0.151s] Level 1:colcon.colcon_core.package_identification:_identify(src) by extensions ['python_setup_py']
[0.151s] Level 1:colcon.colcon_core.package_identification:_identify(src) by extension 'python_setup_py'
[0.151s] Level 1:colcon.colcon_core.package_identification:_identify(src/follow_controller) by extensions ['ignore', 'ignore_ament_install']
[0.151s] Level 1:colcon.colcon_core.package_identification:_identify(src/follow_controller) by extension 'ignore'
[0.151s] Level 1:colcon.colcon_core.package_identification:_identify(src/follow_controller) by extension 'ignore_ament_install'
[0.151s] Level 1:colcon.colcon_core.package_identification:_identify(src/follow_controller) by extensions ['colcon_pkg']
[0.151s] Level 1:colcon.colcon_core.package_identification:_identify(src/follow_controller) by extension 'colcon_pkg'
[0.151s] Level 1:colcon.colcon_core.package_identification:_identify(src/follow_controller) by extensions ['colcon_meta']
[0.151s] Level 1:colcon.colcon_core.package_identification:_identify(src/follow_controller) by extension 'colcon_meta'
[0.151s] Level 1:colcon.colcon_core.package_identification:_identify(src/follow_controller) by extensions ['ros']
[0.151s] Level 1:colcon.colcon_core.package_identification:_identify(src/follow_controller) by extension 'ros'
[0.154s] DEBUG:colcon.colcon_core.package_identification:Package 'src/follow_controller' with type 'ros.ament_python' and name 'follow_controller'
[0.154s] Level 1:colcon.colcon_core.package_identification:_identify(src/gesture_detector) by extensions ['ignore', 'ignore_ament_install']
[0.154s] Level 1:colcon.colcon_core.package_identification:_identify(src/gesture_detector) by extension 'ignore'
[0.154s] Level 1:colcon.colcon_core.package_identification:_identify(src/gesture_detector) by extension 'ignore_ament_install'
[0.154s] Level 1:colcon.colcon_core.package_identification:_identify(src/gesture_detector) by extensions ['colcon_pkg']
[0.154s] Level 1:colcon.colcon_core.package_identification:_identify(src/gesture_detector) by extension 'colcon_pkg'
[0.154s] Level 1:colcon.colcon_core.package_identification:_identify(src/gesture_detector) by extensions ['colcon_meta']
[0.154s] Level 1:colcon.colcon_core.package_identification:_identify(src/gesture_detector) by extension 'colcon_meta'
[0.154s] Level 1:colcon.colcon_core.package_identification:_identify(src/gesture_detector) by extensions ['ros']
[0.154s] Level 1:colcon.colcon_core.package_identification:_identify(src/gesture_detector) by extension 'ros'
[0.155s] DEBUG:colcon.colcon_core.package_identification:Package 'src/gesture_detector' with type 'ros.ament_python' and name 'gesture_detector'
[0.155s] Level 1:colcon.colcon_core.package_identification:_identify(src/person_tracker) by extensions ['ignore', 'ignore_ament_install']
[0.155s] Level 1:colcon.colcon_core.package_identification:_identify(src/person_tracker) by extension 'ignore'
[0.155s] Level 1:colcon.colcon_core.package_identification:_identify(src/person_tracker) by extension 'ignore_ament_install'
[0.155s] Level 1:colcon.colcon_core.package_identification:_identify(src/person_tracker) by extensions ['colcon_pkg']
[0.155s] Level 1:colcon.colcon_core.package_identification:_identify(src/person_tracker) by extension 'colcon_pkg'
[0.155s] Level 1:colcon.colcon_core.package_identification:_identify(src/person_tracker) by extensions ['colcon_meta']
[0.155s] Level 1:colcon.colcon_core.package_identification:_identify(src/person_tracker) by extension 'colcon_meta'
[0.155s] Level 1:colcon.colcon_core.package_identification:_identify(src/person_tracker) by extensions ['ros']
[0.155s] Level 1:colcon.colcon_core.package_identification:_identify(src/person_tracker) by extension 'ros'
[0.156s] DEBUG:colcon.colcon_core.package_identification:Package 'src/person_tracker' with type 'ros.ament_python' and name 'person_tracker'
[0.156s] Level 1:colcon.colcon_core.package_identification:_identify(src/target_selector) by extensions ['ignore', 'ignore_ament_install']
[0.156s] Level 1:colcon.colcon_core.package_identification:_identify(src/target_selector) by extension 'ignore'
[0.156s] Level 1:colcon.colcon_core.package_identification:_identify(src/target_selector) by extension 'ignore_ament_install'
[0.156s] Level 1:colcon.colcon_core.package_identification:_identify(src/target_selector) by extensions ['colcon_pkg']
[0.156s] Level 1:colcon.colcon_core.package_identification:_identify(src/target_selector) by extension 'colcon_pkg'
[0.156s] Level 1:colcon.colcon_core.package_identification:_identify(src/target_selector) by extensions ['colcon_meta']
[0.156s] Level 1:colcon.colcon_core.package_identification:_identify(src/target_selector) by extension 'colcon_meta'
[0.156s] Level 1:colcon.colcon_core.package_identification:_identify(src/target_selector) by extensions ['ros']
[0.156s] Level 1:colcon.colcon_core.package_identification:_identify(src/target_selector) by extension 'ros'
[0.157s] DEBUG:colcon.colcon_core.package_identification:Package 'src/target_selector' with type 'ros.ament_python' and name 'target_selector'
[0.157s] Level 1:colcon.colcon_core.package_identification:_identify(src/tb3_bringup_custom) by extensions ['ignore', 'ignore_ament_install']
[0.157s] Level 1:colcon.colcon_core.package_identification:_identify(src/tb3_bringup_custom) by extension 'ignore'
[0.157s] Level 1:colcon.colcon_core.package_identification:_identify(src/tb3_bringup_custom) by extension 'ignore_ament_install'
[0.157s] Level 1:colcon.colcon_core.package_identification:_identify(src/tb3_bringup_custom) by extensions ['colcon_pkg']
[0.157s] Level 1:colcon.colcon_core.package_identification:_identify(src/tb3_bringup_custom) by extension 'colcon_pkg'
[0.157s] Level 1:colcon.colcon_core.package_identification:_identify(src/tb3_bringup_custom) by extensions ['colcon_meta']
[0.157s] Level 1:colcon.colcon_core.package_identification:_identify(src/tb3_bringup_custom) by extension 'colcon_meta'
[0.157s] Level 1:colcon.colcon_core.package_identification:_identify(src/tb3_bringup_custom) by extensions ['ros']
[0.157s] Level 1:colcon.colcon_core.package_identification:_identify(src/tb3_bringup_custom) by extension 'ros'
[0.157s] DEBUG:colcon.colcon_core.package_identification:Package 'src/tb3_bringup_custom' with type 'ros.ament_python' and name 'tb3_bringup_custom'
[0.157s] Level 1:colcon.colcon_core.package_identification:_identify(src/tb3_interfaces) by extensions ['ignore', 'ignore_ament_install']
[0.157s] Level 1:colcon.colcon_core.package_identification:_identify(src/tb3_interfaces) by extension 'ignore'
[0.157s] Level 1:colcon.colcon_core.package_identification:_identify(src/tb3_interfaces) by extension 'ignore_ament_install'
[0.157s] Level 1:colcon.colcon_core.package_identification:_identify(src/tb3_interfaces) by extensions ['colcon_pkg']
[0.158s] Level 1:colcon.colcon_core.package_identification:_identify(src/tb3_interfaces) by extension 'colcon_pkg'
[0.158s] Level 1:colcon.colcon_core.package_identification:_identify(src/tb3_interfaces) by extensions ['colcon_meta']
[0.158s] Level 1:colcon.colcon_core.package_identification:_identify(src/tb3_interfaces) by extension 'colcon_meta'
[0.158s] Level 1:colcon.colcon_core.package_identification:_identify(src/tb3_interfaces) by extensions ['ros']
[0.158s] Level 1:colcon.colcon_core.package_identification:_identify(src/tb3_interfaces) by extension 'ros'
[0.158s] DEBUG:colcon.colcon_core.package_identification:Package 'src/tb3_interfaces' with type 'ros.catkin' and name 'tb3_interfaces'
[0.158s] Level 1:colcon.colcon_core.package_discovery:discover_packages(recursive) using defaults
[0.158s] Level 1:colcon.colcon_core.package_discovery:discover_packages(ignore) discover
[0.158s] Level 1:colcon.colcon_core.package_discovery:discover_packages(ignore) using defaults
[0.158s] Level 1:colcon.colcon_core.package_discovery:discover_packages(path) discover
[0.158s] Level 1:colcon.colcon_core.package_discovery:discover_packages(path) using defaults
[0.177s] Level 1:colcon.colcon_core.package_discovery:discover_packages(prefix_path) check parameters
[0.177s] Level 1:colcon.colcon_core.package_discovery:discover_packages(prefix_path) discover
[0.180s] DEBUG:colcon.colcon_installed_package_information.package_discovery:Found 12 installed packages in /home/jackfeels/turtlebot3_ws/install
[0.180s] DEBUG:colcon.colcon_installed_package_information.package_discovery:Found 397 installed packages in /opt/ros/humble
[0.182s] Level 1:colcon.colcon_core.package_discovery:discover_packages(prefix_path) using defaults
[0.226s] Level 5:colcon.colcon_core.verb:set package 'gesture_detector' build argument 'cmake_args' from command line to 'None'
[0.226s] Level 5:colcon.colcon_core.verb:set package 'gesture_detector' build argument 'cmake_target' from command line to 'None'
[0.226s] Level 5:colcon.colcon_core.verb:set package 'gesture_detector' build argument 'cmake_target_skip_unavailable' from command line to 'False'
[0.226s] Level 5:colcon.colcon_core.verb:set package 'gesture_detector' build argument 'cmake_clean_cache' from command line to 'False'
[0.226s] Level 5:colcon.colcon_core.verb:set package 'gesture_detector' build argument 'cmake_clean_first' from command line to 'False'
[0.226s] Level 5:colcon.colcon_core.verb:set package 'gesture_detector' build argument 'cmake_force_configure' from command line to 'False'
[0.226s] Level 5:colcon.colcon_core.verb:set package 'gesture_detector' build argument 'ament_cmake_args' from command line to 'None'
[0.226s] Level 5:colcon.colcon_core.verb:set package 'gesture_detector' build argument 'catkin_cmake_args' from command line to 'None'
[0.226s] Level 5:colcon.colcon_core.verb:set package 'gesture_detector' build argument 'catkin_skip_building_tests' from command line to 'False'
[0.226s] DEBUG:colcon.colcon_core.verb:Building package 'gesture_detector' with the following arguments: {'ament_cmake_args': None, 'build_base': '/home/jackfeels/Documents/PROYECTO_TURTLEBOT/build/gesture_detector', 'catkin_cmake_args': None, 'catkin_skip_building_tests': False, 'cmake_args': None, 'cmake_clean_cache': False, 'cmake_clean_first': False, 'cmake_force_configure': False, 'cmake_target': None, 'cmake_target_skip_unavailable': False, 'install_base': '/home/jackfeels/Documents/PROYECTO_TURTLEBOT/install/gesture_detector', 'merge_install': False, 'path': '/home/jackfeels/Documents/PROYECTO_TURTLEBOT/src/gesture_detector', 'symlink_install': False, 'test_result_base': None}
[0.226s] Level 5:colcon.colcon_core.verb:set package 'tb3_bringup_custom' build argument 'cmake_args' from command line to 'None'
[0.226s] Level 5:colcon.colcon_core.verb:set package 'tb3_bringup_custom' build argument 'cmake_target' from command line to 'None'
[0.226s] Level 5:colcon.colcon_core.verb:set package 'tb3_bringup_custom' build argument 'cmake_target_skip_unavailable' from command line to 'False'
[0.226s] Level 5:colcon.colcon_core.verb:set package 'tb3_bringup_custom' build argument 'cmake_clean_cache' from command line to 'False'
[0.227s] Level 5:colcon.colcon_core.verb:set package 'tb3_bringup_custom' build argument 'cmake_clean_first' from command line to 'False'
[0.227s] Level 5:colcon.colcon_core.verb:set package 'tb3_bringup_custom' build argument 'cmake_force_configure' from command line to 'False'
[0.227s] Level 5:colcon.colcon_core.verb:set package 'tb3_bringup_custom' build argument 'ament_cmake_args' from command line to 'None'
[0.227s] Level 5:colcon.colcon_core.verb:set package 'tb3_bringup_custom' build argument 'catkin_cmake_args' from command line to 'None'
[0.227s] Level 5:colcon.colcon_core.verb:set package 'tb3_bringup_custom' build argument 'catkin_skip_building_tests' from command line to 'False'
[0.227s] DEBUG:colcon.colcon_core.verb:Building package 'tb3_bringup_custom' with the following arguments: {'ament_cmake_args': None, 'build_base': '/home/jackfeels/Documents/PROYECTO_TURTLEBOT/build/tb3_bringup_custom', 'catkin_cmake_args': None, 'catkin_skip_building_tests': False, 'cmake_args': None, 'cmake_clean_cache': False, 'cmake_clean_first': False, 'cmake_force_configure': False, 'cmake_target': None, 'cmake_target_skip_unavailable': False, 'install_base': '/home/jackfeels/Documents/PROYECTO_TURTLEBOT/install/tb3_bringup_custom', 'merge_install': False, 'path': '/home/jackfeels/Documents/PROYECTO_TURTLEBOT/src/tb3_bringup_custom', 'symlink_install': False, 'test_result_base': None}
[0.227s] Level 5:colcon.colcon_core.verb:set package 'tb3_interfaces' build argument 'cmake_args' from command line to 'None'
[0.227s] Level 5:colcon.colcon_core.verb:set package 'tb3_interfaces' build argument 'cmake_target' from command line to 'None'
[0.227s] Level 5:colcon.colcon_core.verb:set package 'tb3_interfaces' build argument 'cmake_target_skip_unavailable' from command line to 'False'
[0.227s] Level 5:colcon.colcon_core.verb:set package 'tb3_interfaces' build argument 'cmake_clean_cache' from command line to 'False'
[0.227s] Level 5:colcon.colcon_core.verb:set package 'tb3_interfaces' build argument 'cmake_clean_first' from command line to 'False'
[0.227s] Level 5:colcon.colcon_core.verb:set package 'tb3_interfaces' build argument 'cmake_force_configure' from command line to 'False'
[0.227s] Level 5:colcon.colcon_core.verb:set package 'tb3_interfaces' build argument 'ament_cmake_args' from command line to 'None'
[0.227s] Level 5:colcon.colcon_core.verb:set package 'tb3_interfaces' build argument 'catkin_cmake_args' from command line to 'None'
[0.227s] Level 5:colcon.colcon_core.verb:set package 'tb3_interfaces' build argument 'catkin_skip_building_tests' from command line to 'False'
[0.227s] DEBUG:colcon.colcon_core.verb:Building package 'tb3_interfaces' with the following arguments: {'ament_cmake_args': None, 'build_base': '/home/jackfeels/Documents/PROYECTO_TURTLEBOT/build/tb3_interfaces', 'catkin_cmake_args': None, 'catkin_skip_building_tests': False, 'cmake_args': None, 'cmake_clean_cache': False, 'cmake_clean_first': False, 'cmake_force_configure': False, 'cmake_target': None, 'cmake_target_skip_unavailable': False, 'install_base': '/home/jackfeels/Documents/PROYECTO_TURTLEBOT/install/tb3_interfaces', 'merge_install': False, 'path': '/home/jackfeels/Documents/PROYECTO_TURTLEBOT/src/tb3_interfaces', 'symlink_install': False, 'test_result_base': None}
[0.227s] Level 5:colcon.colcon_core.verb:set package 'follow_controller' build argument 'cmake_args' from command line to 'None'
[0.227s] Level 5:colcon.colcon_core.verb:set package 'follow_controller' build argument 'cmake_target' from command line to 'None'
[0.227s] Level 5:colcon.colcon_core.verb:set package 'follow_controller' build argument 'cmake_target_skip_unavailable' from command line to 'False'
[0.227s] Level 5:colcon.colcon_core.verb:set package 'follow_controller' build argument 'cmake_clean_cache' from command line to 'False'
[0.227s] Level 5:colcon.colcon_core.verb:set package 'follow_controller' build argument 'cmake_clean_first' from command line to 'False'
[0.227s] Level 5:colcon.colcon_core.verb:set package 'follow_controller' build argument 'cmake_force_configure' from command line to 'False'
[0.227s] Level 5:colcon.colcon_core.verb:set package 'follow_controller' build argument 'ament_cmake_args' from command line to 'None'
[0.227s] Level 5:colcon.colcon_core.verb:set package 'follow_controller' build argument 'catkin_cmake_args' from command line to 'None'
[0.227s] Level 5:colcon.colcon_core.verb:set package 'follow_controller' build argument 'catkin_skip_building_tests' from command line to 'False'
[0.227s] DEBUG:colcon.colcon_core.verb:Building package 'follow_controller' with the following arguments: {'ament_cmake_args': None, 'build_base': '/home/jackfeels/Documents/PROYECTO_TURTLEBOT/build/follow_controller', 'catkin_cmake_args': None, 'catkin_skip_building_tests': False, 'cmake_args': None, 'cmake_clean_cache': False, 'cmake_clean_first': False, 'cmake_force_configure': False, 'cmake_target': None, 'cmake_target_skip_unavailable': False, 'install_base': '/home/jackfeels/Documents/PROYECTO_TURTLEBOT/install/follow_controller', 'merge_install': False, 'path': '/home/jackfeels/Documents/PROYECTO_TURTLEBOT/src/follow_controller', 'symlink_install': False, 'test_result_base': None}
[0.227s] Level 5:colcon.colcon_core.verb:set package 'person_tracker' build argument 'cmake_args' from command line to 'None'
[0.227s] Level 5:colcon.colcon_core.verb:set package 'person_tracker' build argument 'cmake_target' from command line to 'None'
[0.227s] Level 5:colcon.colcon_core.verb:set package 'person_tracker' build argument 'cmake_target_skip_unavailable' from command line to 'False'
[0.227s] Level 5:colcon.colcon_core.verb:set package 'person_tracker' build argument 'cmake_clean_cache' from command line to 'False'
[0.227s] Level 5:colcon.colcon_core.verb:set package 'person_tracker' build argument 'cmake_clean_first' from command line to 'False'
[0.227s] Level 5:colcon.colcon_core.verb:set package 'person_tracker' build argument 'cmake_force_configure' from command line to 'False'
[0.227s] Level 5:colcon.colcon_core.verb:set package 'person_tracker' build argument 'ament_cmake_args' from command line to 'None'
[0.227s] Level 5:colcon.colcon_core.verb:set package 'person_tracker' build argument 'catkin_cmake_args' from command line to 'None'
[0.227s] Level 5:colcon.colcon_core.verb:set package 'person_tracker' build argument 'catkin_skip_building_tests' from command line to 'False'
[0.227s] DEBUG:colcon.colcon_core.verb:Building package 'person_tracker' with the following arguments: {'ament_cmake_args': None, 'build_base': '/home/jackfeels/Documents/PROYECTO_TURTLEBOT/build/person_tracker', 'catkin_cmake_args': None, 'catkin_skip_building_tests': False, 'cmake_args': None, 'cmake_clean_cache': False, 'cmake_clean_first': False, 'cmake_force_configure': False, 'cmake_target': None, 'cmake_target_skip_unavailable': False, 'install_base': '/home/jackfeels/Documents/PROYECTO_TURTLEBOT/install/person_tracker', 'merge_install': False, 'path': '/home/jackfeels/Documents/PROYECTO_TURTLEBOT/src/person_tracker', 'symlink_install': False, 'test_result_base': None}
[0.227s] Level 5:colcon.colcon_core.verb:set package 'target_selector' build argument 'cmake_args' from command line to 'None'
[0.227s] Level 5:colcon.colcon_core.verb:set package 'target_selector' build argument 'cmake_target' from command line to 'None'
[0.227s] Level 5:colcon.colcon_core.verb:set package 'target_selector' build argument 'cmake_target_skip_unavailable' from command line to 'False'
[0.228s] Level 5:colcon.colcon_core.verb:set package 'target_selector' build argument 'cmake_clean_cache' from command line to 'False'
[0.228s] Level 5:colcon.colcon_core.verb:set package 'target_selector' build argument 'cmake_clean_first' from command line to 'False'
[0.228s] Level 5:colcon.colcon_core.verb:set package 'target_selector' build argument 'cmake_force_configure' from command line to 'False'
[0.228s] Level 5:colcon.colcon_core.verb:set package 'target_selector' build argument 'ament_cmake_args' from command line to 'None'
[0.228s] Level 5:colcon.colcon_core.verb:set package 'target_selector' build argument 'catkin_cmake_args' from command line to 'None'
[0.228s] Level 5:colcon.colcon_core.verb:set package 'target_selector' build argument 'catkin_skip_building_tests' from command line to 'False'
[0.228s] DEBUG:colcon.colcon_core.verb:Building package 'target_selector' with the following arguments: {'ament_cmake_args': None, 'build_base': '/home/jackfeels/Documents/PROYECTO_TURTLEBOT/build/target_selector', 'catkin_cmake_args': None, 'catkin_skip_building_tests': False, 'cmake_args': None, 'cmake_clean_cache': False, 'cmake_clean_first': False, 'cmake_force_configure': False, 'cmake_target': None, 'cmake_target_skip_unavailable': False, 'install_base': '/home/jackfeels/Documents/PROYECTO_TURTLEBOT/install/target_selector', 'merge_install': False, 'path': '/home/jackfeels/Documents/PROYECTO_TURTLEBOT/src/target_selector', 'symlink_install': False, 'test_result_base': None}
[0.228s] INFO:colcon.colcon_core.executor:Executing jobs using 'parallel' executor
[0.228s] DEBUG:colcon.colcon_parallel_executor.executor.parallel:run_until_complete
[0.228s] INFO:colcon.colcon_ros.task.catkin.build:Building ROS package in '/home/jackfeels/Documents/PROYECTO_TURTLEBOT/src/tb3_interfaces' with build type 'catkin'
[0.228s] INFO:colcon.colcon_cmake.task.cmake.build:Building CMake package in '/home/jackfeels/Documents/PROYECTO_TURTLEBOT/src/tb3_interfaces'
[0.231s] INFO:colcon.colcon_core.plugin_system:Skipping extension 'colcon_core.shell.bat': Not used on non-Windows systems
[0.231s] INFO:colcon.colcon_core.shell:Skip shell extension 'powershell' for command environment: Not usable outside of PowerShell
[0.231s] DEBUG:colcon.colcon_core.shell:Skip shell extension 'dsv' for command environment
[0.234s] INFO:colcon.colcon_ros.task.ament_python.build:Building ROS package in '/home/jackfeels/Documents/PROYECTO_TURTLEBOT/src/gesture_detector' with build type 'ament_python'
[0.234s] Level 1:colcon.colcon_core.shell:create_environment_hook('gesture_detector', 'ament_prefix_path')
[0.234s] INFO:colcon.colcon_core.shell:Creating environment hook '/home/jackfeels/Documents/PROYECTO_TURTLEBOT/install/gesture_detector/share/gesture_detector/hook/ament_prefix_path.ps1'
[0.235s] INFO:colcon.colcon_core.shell:Creating environment descriptor '/home/jackfeels/Documents/PROYECTO_TURTLEBOT/install/gesture_detector/share/gesture_detector/hook/ament_prefix_path.dsv'
[0.235s] INFO:colcon.colcon_core.shell:Creating environment hook '/home/jackfeels/Documents/PROYECTO_TURTLEBOT/install/gesture_detector/share/gesture_detector/hook/ament_prefix_path.sh'
[0.236s] INFO:colcon.colcon_core.shell:Skip shell extension 'powershell' for command environment: Not usable outside of PowerShell
[0.236s] DEBUG:colcon.colcon_core.shell:Skip shell extension 'dsv' for command environment
[0.242s] DEBUG:colcon.colcon_core.event_handler.log_command:Invoking command in '/home/jackfeels/Documents/PROYECTO_TURTLEBOT/build/tb3_interfaces': /usr/bin/cmake --build /home/jackfeels/Documents/PROYECTO_TURTLEBOT/build/tb3_interfaces -- -j2 -l2
[0.381s] INFO:colcon.colcon_core.task.python.build:Building Python package in '/home/jackfeels/Documents/PROYECTO_TURTLEBOT/src/gesture_detector'
[0.381s] INFO:colcon.colcon_core.shell:Skip shell extension 'powershell' for command environment: Not usable outside of PowerShell
[0.381s] DEBUG:colcon.colcon_core.shell:Skip shell extension 'dsv' for command environment
[0.729s] DEBUG:colcon.colcon_core.event_handler.log_command:Invoking command in '/home/jackfeels/Documents/PROYECTO_TURTLEBOT/src/gesture_detector': PYTHONPATH=/home/jackfeels/Documents/PROYECTO_TURTLEBOT/build/gesture_detector/prefix_override:/usr/lib/python3/dist-packages/colcon_core/task/python/colcon_distutils_commands:/home/jackfeels/Documents/PROYECTO_TURTLEBOT/install/gesture_detector/lib/python3.10/site-packages:${PYTHONPATH} /usr/bin/python3 -W ignore:setup.py install is deprecated -W ignore:easy_install command is deprecated setup.py egg_info --egg-base ../../build/gesture_detector build --build-base /home/jackfeels/Documents/PROYECTO_TURTLEBOT/build/gesture_detector/build install --record /home/jackfeels/Documents/PROYECTO_TURTLEBOT/build/gesture_detector/install.log --single-version-externally-managed install_data
[0.836s] DEBUG:colcon.colcon_core.event_handler.log_command:Invoked command in '/home/jackfeels/Documents/PROYECTO_TURTLEBOT/build/tb3_interfaces' returned '0': /usr/bin/cmake --build /home/jackfeels/Documents/PROYECTO_TURTLEBOT/build/tb3_interfaces -- -j2 -l2
[0.842s] DEBUG:colcon.colcon_core.event_handler.log_command:Invoking command in '/home/jackfeels/Documents/PROYECTO_TURTLEBOT/build/tb3_interfaces': /usr/bin/cmake --install /home/jackfeels/Documents/PROYECTO_TURTLEBOT/build/tb3_interfaces
[0.897s] Level 1:colcon.colcon_core.shell:create_environment_hook('tb3_interfaces', 'ros_package_path')
[0.897s] INFO:colcon.colcon_core.shell:Creating environment hook '/home/jackfeels/Documents/PROYECTO_TURTLEBOT/install/tb3_interfaces/share/tb3_interfaces/hook/ros_package_path.ps1'
[0.898s] INFO:colcon.colcon_core.shell:Creating environment descriptor '/home/jackfeels/Documents/PROYECTO_TURTLEBOT/install/tb3_interfaces/share/tb3_interfaces/hook/ros_package_path.dsv'
[0.898s] INFO:colcon.colcon_core.shell:Creating environment hook '/home/jackfeels/Documents/PROYECTO_TURTLEBOT/install/tb3_interfaces/share/tb3_interfaces/hook/ros_package_path.sh'
[0.899s] Level 1:colcon.colcon_ros.task.catkin:checking '/home/jackfeels/Documents/PROYECTO_TURTLEBOT/install/tb3_interfaces/local/lib/python3.10/dist-packages'
[0.899s] Level 1:colcon.colcon_core.shell:create_environment_hook('tb3_interfaces', 'catkin_pythonpath')
[0.899s] INFO:colcon.colcon_core.shell:Creating environment hook '/home/jackfeels/Documents/PROYECTO_TURTLEBOT/install/tb3_interfaces/share/tb3_interfaces/hook/catkin_pythonpath.ps1'
[0.899s] INFO:colcon.colcon_core.shell:Creating environment descriptor '/home/jackfeels/Documents/PROYECTO_TURTLEBOT/install/tb3_interfaces/share/tb3_interfaces/hook/catkin_pythonpath.dsv'
[0.899s] INFO:colcon.colcon_core.shell:Creating environment hook '/home/jackfeels/Documents/PROYECTO_TURTLEBOT/install/tb3_interfaces/share/tb3_interfaces/hook/catkin_pythonpath.sh'
[0.900s] Level 1:colcon.colcon_core.shell:create_environment_hook('tb3_interfaces', 'pkg_config_path')
[0.900s] DEBUG:colcon.colcon_core.event_handler.log_command:Invoked command in '/home/jackfeels/Documents/PROYECTO_TURTLEBOT/build/tb3_interfaces' returned '0': /usr/bin/cmake --install /home/jackfeels/Documents/PROYECTO_TURTLEBOT/build/tb3_interfaces
[0.900s] INFO:colcon.colcon_core.shell:Creating environment hook '/home/jackfeels/Documents/PROYECTO_TURTLEBOT/install/tb3_interfaces/share/tb3_interfaces/hook/pkg_config_path.ps1'
[0.900s] INFO:colcon.colcon_core.shell:Creating environment descriptor '/home/jackfeels/Documents/PROYECTO_TURTLEBOT/install/tb3_interfaces/share/tb3_interfaces/hook/pkg_config_path.dsv'
[0.901s] INFO:colcon.colcon_core.shell:Creating environment hook '/home/jackfeels/Documents/PROYECTO_TURTLEBOT/install/tb3_interfaces/share/tb3_interfaces/hook/pkg_config_path.sh'
[0.907s] Level 1:colcon.colcon_core.shell:create_environment_hook('tb3_interfaces', 'pkg_config_path_multiarch')
[0.907s] INFO:colcon.colcon_core.shell:Creating environment hook '/home/jackfeels/Documents/PROYECTO_TURTLEBOT/install/tb3_interfaces/share/tb3_interfaces/hook/pkg_config_path_multiarch.ps1'
[0.908s] INFO:colcon.colcon_core.shell:Creating environment descriptor '/home/jackfeels/Documents/PROYECTO_TURTLEBOT/install/tb3_interfaces/share/tb3_interfaces/hook/pkg_config_path_multiarch.dsv'
[0.908s] INFO:colcon.colcon_core.shell:Creating environment hook '/home/jackfeels/Documents/PROYECTO_TURTLEBOT/install/tb3_interfaces/share/tb3_interfaces/hook/pkg_config_path_multiarch.sh'
[0.908s] Level 1:colcon.colcon_core.environment:create_environment_scripts_only(tb3_interfaces)
[0.918s] Level 1:colcon.colcon_core.environment:checking '/home/jackfeels/Documents/PROYECTO_TURTLEBOT/install/tb3_interfaces' for CMake module files
[0.919s] Level 1:colcon.colcon_core.environment:checking '/home/jackfeels/Documents/PROYECTO_TURTLEBOT/install/tb3_interfaces' for CMake config files
[0.919s] Level 1:colcon.colcon_core.shell:create_environment_hook('tb3_interfaces', 'cmake_prefix_path')
[0.919s] INFO:colcon.colcon_core.shell:Creating environment hook '/home/jackfeels/Documents/PROYECTO_TURTLEBOT/install/tb3_interfaces/share/tb3_interfaces/hook/cmake_prefix_path.ps1'
[0.919s] INFO:colcon.colcon_core.shell:Creating environment descriptor '/home/jackfeels/Documents/PROYECTO_TURTLEBOT/install/tb3_interfaces/share/tb3_interfaces/hook/cmake_prefix_path.dsv'
[0.920s] INFO:colcon.colcon_core.shell:Creating environment hook '/home/jackfeels/Documents/PROYECTO_TURTLEBOT/install/tb3_interfaces/share/tb3_interfaces/hook/cmake_prefix_path.sh'
[0.920s] Level 1:colcon.colcon_core.environment:checking '/home/jackfeels/Documents/PROYECTO_TURTLEBOT/install/tb3_interfaces/lib'
[0.920s] Level 1:colcon.colcon_core.shell:create_environment_hook('tb3_interfaces', 'ld_library_path_lib')
[0.920s] INFO:colcon.colcon_core.shell:Creating environment hook '/home/jackfeels/Documents/PROYECTO_TURTLEBOT/install/tb3_interfaces/share/tb3_interfaces/hook/ld_library_path_lib.ps1'
[0.920s] INFO:colcon.colcon_core.shell:Creating environment descriptor '/home/jackfeels/Documents/PROYECTO_TURTLEBOT/install/tb3_interfaces/share/tb3_interfaces/hook/ld_library_path_lib.dsv'
[0.921s] INFO:colcon.colcon_core.shell:Creating environment hook '/home/jackfeels/Documents/PROYECTO_TURTLEBOT/install/tb3_interfaces/share/tb3_interfaces/hook/ld_library_path_lib.sh'
[0.921s] Level 1:colcon.colcon_core.environment:checking '/home/jackfeels/Documents/PROYECTO_TURTLEBOT/install/tb3_interfaces/bin'
[0.922s] Level 1:colcon.colcon_core.environment:checking '/home/jackfeels/Documents/PROYECTO_TURTLEBOT/install/tb3_interfaces/lib/pkgconfig/tb3_interfaces.pc'
[0.922s] Level 1:colcon.colcon_core.environment:checking '/home/jackfeels/Documents/PROYECTO_TURTLEBOT/install/tb3_interfaces/lib/python3.10/site-packages'
[0.922s] Level 1:colcon.colcon_core.environment:checking '/home/jackfeels/Documents/PROYECTO_TURTLEBOT/install/tb3_interfaces/bin'
[0.923s] INFO:colcon.colcon_core.shell:Creating package script '/home/jackfeels/Documents/PROYECTO_TURTLEBOT/install/tb3_interfaces/share/tb3_interfaces/package.ps1'
[0.925s] INFO:colcon.colcon_core.shell:Creating package descriptor '/home/jackfeels/Documents/PROYECTO_TURTLEBOT/install/tb3_interfaces/share/tb3_interfaces/package.dsv'
[0.927s] INFO:colcon.colcon_core.shell:Creating package script '/home/jackfeels/Documents/PROYECTO_TURTLEBOT/install/tb3_interfaces/share/tb3_interfaces/package.sh'
[0.928s] INFO:colcon.colcon_core.shell:Creating package script '/home/jackfeels/Documents/PROYECTO_TURTLEBOT/install/tb3_interfaces/share/tb3_interfaces/package.bash'
[0.929s] INFO:colcon.colcon_core.shell:Creating package script '/home/jackfeels/Documents/PROYECTO_TURTLEBOT/install/tb3_interfaces/share/tb3_interfaces/package.zsh'
[0.955s] Level 1:colcon.colcon_core.environment:create_file_with_runtime_dependencies(/home/jackfeels/Documents/PROYECTO_TURTLEBOT/install/tb3_interfaces/share/colcon-core/packages/tb3_interfaces)
[0.956s] INFO:colcon.colcon_ros.task.ament_python.build:Building ROS package in '/home/jackfeels/Documents/PROYECTO_TURTLEBOT/src/tb3_bringup_custom' with build type 'ament_python'
[0.956s] Level 1:colcon.colcon_core.shell:create_environment_hook('tb3_bringup_custom', 'ament_prefix_path')
[0.956s] INFO:colcon.colcon_core.shell:Creating environment hook '/home/jackfeels/Documents/PROYECTO_TURTLEBOT/install/tb3_bringup_custom/share/tb3_bringup_custom/hook/ament_prefix_path.ps1'
[0.957s] INFO:colcon.colcon_core.shell:Creating environment descriptor '/home/jackfeels/Documents/PROYECTO_TURTLEBOT/install/tb3_bringup_custom/share/tb3_bringup_custom/hook/ament_prefix_path.dsv'
[0.957s] INFO:colcon.colcon_core.shell:Creating environment hook '/home/jackfeels/Documents/PROYECTO_TURTLEBOT/install/tb3_bringup_custom/share/tb3_bringup_custom/hook/ament_prefix_path.sh'
[0.957s] INFO:colcon.colcon_core.shell:Skip shell extension 'powershell' for command environment: Not usable outside of PowerShell
[0.957s] DEBUG:colcon.colcon_core.shell:Skip shell extension 'dsv' for command environment
[1.120s] INFO:colcon.colcon_core.task.python.build:Building Python package in '/home/jackfeels/Documents/PROYECTO_TURTLEBOT/src/tb3_bringup_custom'
[1.120s] INFO:colcon.colcon_core.shell:Skip shell extension 'powershell' for command environment: Not usable outside of PowerShell
[1.120s] DEBUG:colcon.colcon_core.shell:Skip shell extension 'dsv' for command environment
[1.123s] Level 1:colcon.colcon_core.environment:checking '/home/jackfeels/Documents/PROYECTO_TURTLEBOT/install/gesture_detector' for CMake module files
[1.124s] Level 1:colcon.colcon_core.environment:checking '/home/jackfeels/Documents/PROYECTO_TURTLEBOT/install/gesture_detector' for CMake config files
[1.124s] Level 1:colcon.colcon_core.environment:checking '/home/jackfeels/Documents/PROYECTO_TURTLEBOT/install/gesture_detector/lib'
[1.124s] Level 1:colcon.colcon_core.environment:checking '/home/jackfeels/Documents/PROYECTO_TURTLEBOT/install/gesture_detector/bin'
[1.124s] Level 1:colcon.colcon_core.environment:checking '/home/jackfeels/Documents/PROYECTO_TURTLEBOT/install/gesture_detector/lib/pkgconfig/gesture_detector.pc'
[1.124s] Level 1:colcon.colcon_core.environment:checking '/home/jackfeels/Documents/PROYECTO_TURTLEBOT/install/gesture_detector/lib/python3.10/site-packages'
[1.124s] Level 1:colcon.colcon_core.shell:create_environment_hook('gesture_detector', 'pythonpath')
[1.124s] INFO:colcon.colcon_core.shell:Creating environment hook '/home/jackfeels/Documents/PROYECTO_TURTLEBOT/install/gesture_detector/share/gesture_detector/hook/pythonpath.ps1'
[1.124s] INFO:colcon.colcon_core.shell:Creating environment descriptor '/home/jackfeels/Documents/PROYECTO_TURTLEBOT/install/gesture_detector/share/gesture_detector/hook/pythonpath.dsv'
[1.125s] INFO:colcon.colcon_core.shell:Creating environment hook '/home/jackfeels/Documents/PROYECTO_TURTLEBOT/install/gesture_detector/share/gesture_detector/hook/pythonpath.sh'
[1.125s] Level 1:colcon.colcon_core.environment:checking '/home/jackfeels/Documents/PROYECTO_TURTLEBOT/install/gesture_detector/bin'
[1.125s] Level 1:colcon.colcon_core.environment:create_environment_scripts_only(gesture_detector)
[1.125s] INFO:colcon.colcon_core.shell:Creating package script '/home/jackfeels/Documents/PROYECTO_TURTLEBOT/install/gesture_detector/share/gesture_detector/package.ps1'
[1.126s] DEBUG:colcon.colcon_core.event_handler.log_command:Invoked command in '/home/jackfeels/Documents/PROYECTO_TURTLEBOT/src/gesture_detector' returned '0': PYTHONPATH=/home/jackfeels/Documents/PROYECTO_TURTLEBOT/build/gesture_detector/prefix_override:/usr/lib/python3/dist-packages/colcon_core/task/python/colcon_distutils_commands:/home/jackfeels/Documents/PROYECTO_TURTLEBOT/install/gesture_detector/lib/python3.10/site-packages:${PYTHONPATH} /usr/bin/python3 -W ignore:setup.py install is deprecated -W ignore:easy_install command is deprecated setup.py egg_info --egg-base ../../build/gesture_detector build --build-base /home/jackfeels/Documents/PROYECTO_TURTLEBOT/build/gesture_detector/build install --record /home/jackfeels/Documents/PROYECTO_TURTLEBOT/build/gesture_detector/install.log --single-version-externally-managed install_data
[1.126s] INFO:colcon.colcon_core.shell:Creating package descriptor '/home/jackfeels/Documents/PROYECTO_TURTLEBOT/install/gesture_detector/share/gesture_detector/package.dsv'
[1.126s] INFO:colcon.colcon_core.shell:Creating package script '/home/jackfeels/Documents/PROYECTO_TURTLEBOT/install/gesture_detector/share/gesture_detector/package.sh'
[1.126s] INFO:colcon.colcon_core.shell:Creating package script '/home/jackfeels/Documents/PROYECTO_TURTLEBOT/install/gesture_detector/share/gesture_detector/package.bash'
[1.127s] INFO:colcon.colcon_core.shell:Creating package script '/home/jackfeels/Documents/PROYECTO_TURTLEBOT/install/gesture_detector/share/gesture_detector/package.zsh'
[1.127s] Level 1:colcon.colcon_core.environment:create_file_with_runtime_dependencies(/home/jackfeels/Documents/PROYECTO_TURTLEBOT/install/gesture_detector/share/colcon-core/packages/gesture_detector)
[1.128s] INFO:colcon.colcon_ros.task.ament_python.build:Building ROS package in '/home/jackfeels/Documents/PROYECTO_TURTLEBOT/src/follow_controller' with build type 'ament_python'
[1.128s] Level 1:colcon.colcon_core.shell:create_environment_hook('follow_controller', 'ament_prefix_path')
[1.128s] INFO:colcon.colcon_core.shell:Creating environment hook '/home/jackfeels/Documents/PROYECTO_TURTLEBOT/install/follow_controller/share/follow_controller/hook/ament_prefix_path.ps1'
[1.128s] INFO:colcon.colcon_core.shell:Creating environment descriptor '/home/jackfeels/Documents/PROYECTO_TURTLEBOT/install/follow_controller/share/follow_controller/hook/ament_prefix_path.dsv'
[1.128s] INFO:colcon.colcon_core.shell:Creating environment hook '/home/jackfeels/Documents/PROYECTO_TURTLEBOT/install/follow_controller/share/follow_controller/hook/ament_prefix_path.sh'
[1.129s] INFO:colcon.colcon_core.shell:Skip shell extension 'powershell' for command environment: Not usable outside of PowerShell
[1.129s] DEBUG:colcon.colcon_core.shell:Skip shell extension 'dsv' for command environment
[1.271s] INFO:colcon.colcon_core.task.python.build:Building Python package in '/home/jackfeels/Documents/PROYECTO_TURTLEBOT/src/follow_controller'
[1.271s] INFO:colcon.colcon_core.shell:Skip shell extension 'powershell' for command environment: Not usable outside of PowerShell
[1.271s] DEBUG:colcon.colcon_core.shell:Skip shell extension 'dsv' for command environment
[1.359s] DEBUG:colcon.colcon_core.event_handler.log_command:Invoking command in '/home/jackfeels/Documents/PROYECTO_TURTLEBOT/src/tb3_bringup_custom': PYTHONPATH=/home/jackfeels/Documents/PROYECTO_TURTLEBOT/build/tb3_bringup_custom/prefix_override:/usr/lib/python3/dist-packages/colcon_core/task/python/colcon_distutils_commands:/home/jackfeels/Documents/PROYECTO_TURTLEBOT/install/tb3_bringup_custom/lib/python3.10/site-packages:${PYTHONPATH} /usr/bin/python3 -W ignore:setup.py install is deprecated -W ignore:easy_install command is deprecated setup.py egg_info --egg-base ../../build/tb3_bringup_custom build --build-base /home/jackfeels/Documents/PROYECTO_TURTLEBOT/build/tb3_bringup_custom/build install --record /home/jackfeels/Documents/PROYECTO_TURTLEBOT/build/tb3_bringup_custom/install.log --single-version-externally-managed install_data
[1.503s] DEBUG:colcon.colcon_core.event_handler.log_command:Invoking command in '/home/jackfeels/Documents/PROYECTO_TURTLEBOT/src/follow_controller': CMAKE_PREFIX_PATH=/home/jackfeels/Documents/PROYECTO_TURTLEBOT/install/tb3_interfaces:${CMAKE_PREFIX_PATH} LD_LIBRARY_PATH=/home/jackfeels/Documents/PROYECTO_TURTLEBOT/install/tb3_interfaces/lib:${LD_LIBRARY_PATH} PKG_CONFIG_PATH=/home/jackfeels/Documents/PROYECTO_TURTLEBOT/install/tb3_interfaces/lib/aarch64-linux-gnu/pkgconfig:/home/jackfeels/Documents/PROYECTO_TURTLEBOT/install/tb3_interfaces/lib/pkgconfig PYTHONPATH=/home/jackfeels/Documents/PROYECTO_TURTLEBOT/build/follow_controller/prefix_override:/usr/lib/python3/dist-packages/colcon_core/task/python/colcon_distutils_commands:/home/jackfeels/Documents/PROYECTO_TURTLEBOT/install/follow_controller/lib/python3.10/site-packages:/home/jackfeels/Documents/PROYECTO_TURTLEBOT/install/tb3_interfaces/local/lib/python3.10/dist-packages:${PYTHONPATH} ROS_PACKAGE_PATH=/home/jackfeels/Documents/PROYECTO_TURTLEBOT/install/tb3_interfaces/share /usr/bin/python3 -W ignore:setup.py install is deprecated -W ignore:easy_install command is deprecated setup.py egg_info --egg-base ../../build/follow_controller build --build-base /home/jackfeels/Documents/PROYECTO_TURTLEBOT/build/follow_controller/build install --record /home/jackfeels/Documents/PROYECTO_TURTLEBOT/build/follow_controller/install.log --single-version-externally-managed install_data
[1.583s] Level 1:colcon.colcon_core.environment:checking '/home/jackfeels/Documents/PROYECTO_TURTLEBOT/install/tb3_bringup_custom' for CMake module files
[1.584s] Level 1:colcon.colcon_core.environment:checking '/home/jackfeels/Documents/PROYECTO_TURTLEBOT/install/tb3_bringup_custom' for CMake config files
[1.584s] Level 1:colcon.colcon_core.environment:checking '/home/jackfeels/Documents/PROYECTO_TURTLEBOT/install/tb3_bringup_custom/lib'
[1.584s] Level 1:colcon.colcon_core.environment:checking '/home/jackfeels/Documents/PROYECTO_TURTLEBOT/install/tb3_bringup_custom/bin'
[1.584s] Level 1:colcon.colcon_core.environment:checking '/home/jackfeels/Documents/PROYECTO_TURTLEBOT/install/tb3_bringup_custom/lib/pkgconfig/tb3_bringup_custom.pc'
[1.584s] Level 1:colcon.colcon_core.environment:checking '/home/jackfeels/Documents/PROYECTO_TURTLEBOT/install/tb3_bringup_custom/lib/python3.10/site-packages'
[1.584s] Level 1:colcon.colcon_core.shell:create_environment_hook('tb3_bringup_custom', 'pythonpath')
[1.584s] INFO:colcon.colcon_core.shell:Creating environment hook '/home/jackfeels/Documents/PROYECTO_TURTLEBOT/install/tb3_bringup_custom/share/tb3_bringup_custom/hook/pythonpath.ps1'
[1.585s] INFO:colcon.colcon_core.shell:Creating environment descriptor '/home/jackfeels/Documents/PROYECTO_TURTLEBOT/install/tb3_bringup_custom/share/tb3_bringup_custom/hook/pythonpath.dsv'
[1.585s] INFO:colcon.colcon_core.shell:Creating environment hook '/home/jackfeels/Documents/PROYECTO_TURTLEBOT/install/tb3_bringup_custom/share/tb3_bringup_custom/hook/pythonpath.sh'
[1.585s] Level 1:colcon.colcon_core.environment:checking '/home/jackfeels/Documents/PROYECTO_TURTLEBOT/install/tb3_bringup_custom/bin'
[1.586s] DEBUG:colcon.colcon_core.event_handler.log_command:Invoked command in '/home/jackfeels/Documents/PROYECTO_TURTLEBOT/src/tb3_bringup_custom' returned '0': PYTHONPATH=/home/jackfeels/Documents/PROYECTO_TURTLEBOT/build/tb3_bringup_custom/prefix_override:/usr/lib/python3/dist-packages/colcon_core/task/python/colcon_distutils_commands:/home/jackfeels/Documents/PROYECTO_TURTLEBOT/install/tb3_bringup_custom/lib/python3.10/site-packages:${PYTHONPATH} /usr/bin/python3 -W ignore:setup.py install is deprecated -W ignore:easy_install command is deprecated setup.py egg_info --egg-base ../../build/tb3_bringup_custom build --build-base /home/jackfeels/Documents/PROYECTO_TURTLEBOT/build/tb3_bringup_custom/build install --record /home/jackfeels/Documents/PROYECTO_TURTLEBOT/build/tb3_bringup_custom/install.log --single-version-externally-managed install_data
[1.586s] Level 1:colcon.colcon_core.environment:create_environment_scripts_only(tb3_bringup_custom)
[1.586s] INFO:colcon.colcon_core.shell:Creating package script '/home/jackfeels/Documents/PROYECTO_TURTLEBOT/install/tb3_bringup_custom/share/tb3_bringup_custom/package.ps1'
[1.586s] INFO:colcon.colcon_core.shell:Creating package descriptor '/home/jackfeels/Documents/PROYECTO_TURTLEBOT/install/tb3_bringup_custom/share/tb3_bringup_custom/package.dsv'
[1.586s] INFO:colcon.colcon_core.shell:Creating package script '/home/jackfeels/Documents/PROYECTO_TURTLEBOT/install/tb3_bringup_custom/share/tb3_bringup_custom/package.sh'
[1.587s] INFO:colcon.colcon_core.shell:Creating package script '/home/jackfeels/Documents/PROYECTO_TURTLEBOT/install/tb3_bringup_custom/share/tb3_bringup_custom/package.bash'
[1.587s] INFO:colcon.colcon_core.shell:Creating package script '/home/jackfeels/Documents/PROYECTO_TURTLEBOT/install/tb3_bringup_custom/share/tb3_bringup_custom/package.zsh'
[1.587s] Level 1:colcon.colcon_core.environment:create_file_with_runtime_dependencies(/home/jackfeels/Documents/PROYECTO_TURTLEBOT/install/tb3_bringup_custom/share/colcon-core/packages/tb3_bringup_custom)
[1.588s] INFO:colcon.colcon_ros.task.ament_python.build:Building ROS package in '/home/jackfeels/Documents/PROYECTO_TURTLEBOT/src/person_tracker' with build type 'ament_python'
[1.588s] Level 1:colcon.colcon_core.shell:create_environment_hook('person_tracker', 'ament_prefix_path')
[1.588s] INFO:colcon.colcon_core.shell:Creating environment hook '/home/jackfeels/Documents/PROYECTO_TURTLEBOT/install/person_tracker/share/person_tracker/hook/ament_prefix_path.ps1'
[1.588s] INFO:colcon.colcon_core.shell:Creating environment descriptor '/home/jackfeels/Documents/PROYECTO_TURTLEBOT/install/person_tracker/share/person_tracker/hook/ament_prefix_path.dsv'
[1.588s] INFO:colcon.colcon_core.shell:Creating environment hook '/home/jackfeels/Documents/PROYECTO_TURTLEBOT/install/person_tracker/share/person_tracker/hook/ament_prefix_path.sh'
[1.588s] INFO:colcon.colcon_core.shell:Skip shell extension 'powershell' for command environment: Not usable outside of PowerShell
[1.589s] DEBUG:colcon.colcon_core.shell:Skip shell extension 'dsv' for command environment
[1.817s] INFO:colcon.colcon_core.task.python.build:Building Python package in '/home/jackfeels/Documents/PROYECTO_TURTLEBOT/src/person_tracker'
[1.817s] INFO:colcon.colcon_core.shell:Skip shell extension 'powershell' for command environment: Not usable outside of PowerShell
[1.817s] DEBUG:colcon.colcon_core.shell:Skip shell extension 'dsv' for command environment
[1.829s] Level 1:colcon.colcon_core.environment:checking '/home/jackfeels/Documents/PROYECTO_TURTLEBOT/install/follow_controller' for CMake module files
[1.829s] Level 1:colcon.colcon_core.environment:checking '/home/jackfeels/Documents/PROYECTO_TURTLEBOT/install/follow_controller' for CMake config files
[1.830s] Level 1:colcon.colcon_core.environment:checking '/home/jackfeels/Documents/PROYECTO_TURTLEBOT/install/follow_controller/lib'
[1.830s] Level 1:colcon.colcon_core.environment:checking '/home/jackfeels/Documents/PROYECTO_TURTLEBOT/install/follow_controller/bin'
[1.830s] Level 1:colcon.colcon_core.environment:checking '/home/jackfeels/Documents/PROYECTO_TURTLEBOT/install/follow_controller/lib/pkgconfig/follow_controller.pc'
[1.830s] Level 1:colcon.colcon_core.environment:checking '/home/jackfeels/Documents/PROYECTO_TURTLEBOT/install/follow_controller/lib/python3.10/site-packages'
[1.830s] Level 1:colcon.colcon_core.shell:create_environment_hook('follow_controller', 'pythonpath')
[1.830s] INFO:colcon.colcon_core.shell:Creating environment hook '/home/jackfeels/Documents/PROYECTO_TURTLEBOT/install/follow_controller/share/follow_controller/hook/pythonpath.ps1'
[1.830s] INFO:colcon.colcon_core.shell:Creating environment descriptor '/home/jackfeels/Documents/PROYECTO_TURTLEBOT/install/follow_controller/share/follow_controller/hook/pythonpath.dsv'
[1.830s] INFO:colcon.colcon_core.shell:Creating environment hook '/home/jackfeels/Documents/PROYECTO_TURTLEBOT/install/follow_controller/share/follow_controller/hook/pythonpath.sh'
[1.831s] Level 1:colcon.colcon_core.environment:checking '/home/jackfeels/Documents/PROYECTO_TURTLEBOT/install/follow_controller/bin'
[1.831s] DEBUG:colcon.colcon_core.event_handler.log_command:Invoked command in '/home/jackfeels/Documents/PROYECTO_TURTLEBOT/src/follow_controller' returned '0': CMAKE_PREFIX_PATH=/home/jackfeels/Documents/PROYECTO_TURTLEBOT/install/tb3_interfaces:${CMAKE_PREFIX_PATH} LD_LIBRARY_PATH=/home/jackfeels/Documents/PROYECTO_TURTLEBOT/install/tb3_interfaces/lib:${LD_LIBRARY_PATH} PKG_CONFIG_PATH=/home/jackfeels/Documents/PROYECTO_TURTLEBOT/install/tb3_interfaces/lib/aarch64-linux-gnu/pkgconfig:/home/jackfeels/Documents/PROYECTO_TURTLEBOT/install/tb3_interfaces/lib/pkgconfig PYTHONPATH=/home/jackfeels/Documents/PROYECTO_TURTLEBOT/build/follow_controller/prefix_override:/usr/lib/python3/dist-packages/colcon_core/task/python/colcon_distutils_commands:/home/jackfeels/Documents/PROYECTO_TURTLEBOT/install/follow_controller/lib/python3.10/site-packages:/home/jackfeels/Documents/PROYECTO_TURTLEBOT/install/tb3_interfaces/local/lib/python3.10/dist-packages:${PYTHONPATH} ROS_PACKAGE_PATH=/home/jackfeels/Documents/PROYECTO_TURTLEBOT/install/tb3_interfaces/share /usr/bin/python3 -W ignore:setup.py install is deprecated -W ignore:easy_install command is deprecated setup.py egg_info --egg-base ../../build/follow_controller build --build-base /home/jackfeels/Documents/PROYECTO_TURTLEBOT/build/follow_controller/build install --record /home/jackfeels/Documents/PROYECTO_TURTLEBOT/build/follow_controller/install.log --single-version-externally-managed install_data
[1.831s] Level 1:colcon.colcon_core.environment:create_environment_scripts_only(follow_controller)
[1.831s] INFO:colcon.colcon_core.shell:Creating package script '/home/jackfeels/Documents/PROYECTO_TURTLEBOT/install/follow_controller/share/follow_controller/package.ps1'
[1.832s] INFO:colcon.colcon_core.shell:Creating package descriptor '/home/jackfeels/Documents/PROYECTO_TURTLEBOT/install/follow_controller/share/follow_controller/package.dsv'
[1.832s] INFO:colcon.colcon_core.shell:Creating package script '/home/jackfeels/Documents/PROYECTO_TURTLEBOT/install/follow_controller/share/follow_controller/package.sh'
[1.832s] INFO:colcon.colcon_core.shell:Creating package script '/home/jackfeels/Documents/PROYECTO_TURTLEBOT/install/follow_controller/share/follow_controller/package.bash'
[1.832s] INFO:colcon.colcon_core.shell:Creating package script '/home/jackfeels/Documents/PROYECTO_TURTLEBOT/install/follow_controller/share/follow_controller/package.zsh'
[1.832s] Level 1:colcon.colcon_core.environment:create_file_with_runtime_dependencies(/home/jackfeels/Documents/PROYECTO_TURTLEBOT/install/follow_controller/share/colcon-core/packages/follow_controller)
[1.833s] INFO:colcon.colcon_ros.task.ament_python.build:Building ROS package in '/home/jackfeels/Documents/PROYECTO_TURTLEBOT/src/target_selector' with build type 'ament_python'
[1.833s] Level 1:colcon.colcon_core.shell:create_environment_hook('target_selector', 'ament_prefix_path')
[1.833s] INFO:colcon.colcon_core.shell:Creating environment hook '/home/jackfeels/Documents/PROYECTO_TURTLEBOT/install/target_selector/share/target_selector/hook/ament_prefix_path.ps1'
[1.833s] INFO:colcon.colcon_core.shell:Creating environment descriptor '/home/jackfeels/Documents/PROYECTO_TURTLEBOT/install/target_selector/share/target_selector/hook/ament_prefix_path.dsv'
[1.833s] INFO:colcon.colcon_core.shell:Creating environment hook '/home/jackfeels/Documents/PROYECTO_TURTLEBOT/install/target_selector/share/target_selector/hook/ament_prefix_path.sh'
[1.834s] INFO:colcon.colcon_core.shell:Skip shell extension 'powershell' for command environment: Not usable outside of PowerShell
[1.834s] DEBUG:colcon.colcon_core.shell:Skip shell extension 'dsv' for command environment
[2.328s] INFO:colcon.colcon_core.task.python.build:Building Python package in '/home/jackfeels/Documents/PROYECTO_TURTLEBOT/src/target_selector'
[2.328s] INFO:colcon.colcon_core.shell:Skip shell extension 'powershell' for command environment: Not usable outside of PowerShell
[2.328s] DEBUG:colcon.colcon_core.shell:Skip shell extension 'dsv' for command environment
[2.487s] DEBUG:colcon.colcon_core.event_handler.log_command:Invoking command in '/home/jackfeels/Documents/PROYECTO_TURTLEBOT/src/person_tracker': CMAKE_PREFIX_PATH=/home/jackfeels/Documents/PROYECTO_TURTLEBOT/install/tb3_interfaces:${CMAKE_PREFIX_PATH} LD_LIBRARY_PATH=/home/jackfeels/Documents/PROYECTO_TURTLEBOT/install/tb3_interfaces/lib:${LD_LIBRARY_PATH} PKG_CONFIG_PATH=/home/jackfeels/Documents/PROYECTO_TURTLEBOT/install/tb3_interfaces/lib/aarch64-linux-gnu/pkgconfig:/home/jackfeels/Documents/PROYECTO_TURTLEBOT/install/tb3_interfaces/lib/pkgconfig PYTHONPATH=/home/jackfeels/Documents/PROYECTO_TURTLEBOT/build/person_tracker/prefix_override:/usr/lib/python3/dist-packages/colcon_core/task/python/colcon_distutils_commands:/home/jackfeels/Documents/PROYECTO_TURTLEBOT/install/person_tracker/lib/python3.10/site-packages:/home/jackfeels/Documents/PROYECTO_TURTLEBOT/install/tb3_interfaces/local/lib/python3.10/dist-packages:${PYTHONPATH} ROS_PACKAGE_PATH=/home/jackfeels/Documents/PROYECTO_TURTLEBOT/install/tb3_interfaces/share /usr/bin/python3 -W ignore:setup.py install is deprecated -W ignore:easy_install command is deprecated setup.py egg_info --egg-base ../../build/person_tracker build --build-base /home/jackfeels/Documents/PROYECTO_TURTLEBOT/build/person_tracker/build install --record /home/jackfeels/Documents/PROYECTO_TURTLEBOT/build/person_tracker/install.log --single-version-externally-managed install_data
[2.726s] DEBUG:colcon.colcon_core.event_handler.log_command:Invoking command in '/home/jackfeels/Documents/PROYECTO_TURTLEBOT/src/target_selector': CMAKE_PREFIX_PATH=/home/jackfeels/Documents/PROYECTO_TURTLEBOT/install/tb3_interfaces:${CMAKE_PREFIX_PATH} LD_LIBRARY_PATH=/home/jackfeels/Documents/PROYECTO_TURTLEBOT/install/tb3_interfaces/lib:${LD_LIBRARY_PATH} PKG_CONFIG_PATH=/home/jackfeels/Documents/PROYECTO_TURTLEBOT/install/tb3_interfaces/lib/aarch64-linux-gnu/pkgconfig:/home/jackfeels/Documents/PROYECTO_TURTLEBOT/install/tb3_interfaces/lib/pkgconfig PYTHONPATH=/home/jackfeels/Documents/PROYECTO_TURTLEBOT/build/target_selector/prefix_override:/usr/lib/python3/dist-packages/colcon_core/task/python/colcon_distutils_commands:/home/jackfeels/Documents/PROYECTO_TURTLEBOT/install/target_selector/lib/python3.10/site-packages:/home/jackfeels/Documents/PROYECTO_TURTLEBOT/install/tb3_interfaces/local/lib/python3.10/dist-packages:${PYTHONPATH} ROS_PACKAGE_PATH=/home/jackfeels/Documents/PROYECTO_TURTLEBOT/install/tb3_interfaces/share /usr/bin/python3 -W ignore:setup.py install is deprecated -W ignore:easy_install command is deprecated setup.py egg_info --egg-base ../../build/target_selector build --build-base /home/jackfeels/Documents/PROYECTO_TURTLEBOT/build/target_selector/build install --record /home/jackfeels/Documents/PROYECTO_TURTLEBOT/build/target_selector/install.log --single-version-externally-managed install_data
[2.929s] Level 1:colcon.colcon_core.environment:checking '/home/jackfeels/Documents/PROYECTO_TURTLEBOT/install/person_tracker' for CMake module files
[2.930s] Level 1:colcon.colcon_core.environment:checking '/home/jackfeels/Documents/PROYECTO_TURTLEBOT/install/person_tracker' for CMake config files
[2.930s] Level 1:colcon.colcon_core.environment:checking '/home/jackfeels/Documents/PROYECTO_TURTLEBOT/install/person_tracker/lib'
[2.930s] Level 1:colcon.colcon_core.environment:checking '/home/jackfeels/Documents/PROYECTO_TURTLEBOT/install/person_tracker/bin'
[2.930s] Level 1:colcon.colcon_core.environment:checking '/home/jackfeels/Documents/PROYECTO_TURTLEBOT/install/person_tracker/lib/pkgconfig/person_tracker.pc'
[2.930s] Level 1:colcon.colcon_core.environment:checking '/home/jackfeels/Documents/PROYECTO_TURTLEBOT/install/person_tracker/lib/python3.10/site-packages'
[2.930s] Level 1:colcon.colcon_core.shell:create_environment_hook('person_tracker', 'pythonpath')
[2.930s] INFO:colcon.colcon_core.shell:Creating environment hook '/home/jackfeels/Documents/PROYECTO_TURTLEBOT/install/person_tracker/share/person_tracker/hook/pythonpath.ps1'
[2.931s] INFO:colcon.colcon_core.shell:Creating environment descriptor '/home/jackfeels/Documents/PROYECTO_TURTLEBOT/install/person_tracker/share/person_tracker/hook/pythonpath.dsv'
[2.931s] INFO:colcon.colcon_core.shell:Creating environment hook '/home/jackfeels/Documents/PROYECTO_TURTLEBOT/install/person_tracker/share/person_tracker/hook/pythonpath.sh'
[2.932s] DEBUG:colcon.colcon_core.event_handler.log_command:Invoked command in '/home/jackfeels/Documents/PROYECTO_TURTLEBOT/src/person_tracker' returned '0': CMAKE_PREFIX_PATH=/home/jackfeels/Documents/PROYECTO_TURTLEBOT/install/tb3_interfaces:${CMAKE_PREFIX_PATH} LD_LIBRARY_PATH=/home/jackfeels/Documents/PROYECTO_TURTLEBOT/install/tb3_interfaces/lib:${LD_LIBRARY_PATH} PKG_CONFIG_PATH=/home/jackfeels/Documents/PROYECTO_TURTLEBOT/install/tb3_interfaces/lib/aarch64-linux-gnu/pkgconfig:/home/jackfeels/Documents/PROYECTO_TURTLEBOT/install/tb3_interfaces/lib/pkgconfig PYTHONPATH=/home/jackfeels/Documents/PROYECTO_TURTLEBOT/build/person_tracker/prefix_override:/usr/lib/python3/dist-packages/colcon_core/task/python/colcon_distutils_commands:/home/jackfeels/Documents/PROYECTO_TURTLEBOT/install/person_tracker/lib/python3.10/site-packages:/home/jackfeels/Documents/PROYECTO_TURTLEBOT/install/tb3_interfaces/local/lib/python3.10/dist-packages:${PYTHONPATH} ROS_PACKAGE_PATH=/home/jackfeels/Documents/PROYECTO_TURTLEBOT/install/tb3_interfaces/share /usr/bin/python3 -W ignore:setup.py install is deprecated -W ignore:easy_install command is deprecated setup.py egg_info --egg-base ../../build/person_tracker build --build-base /home/jackfeels/Documents/PROYECTO_TURTLEBOT/build/person_tracker/build install --record /home/jackfeels/Documents/PROYECTO_TURTLEBOT/build/person_tracker/install.log --single-version-externally-managed install_data
[2.932s] Level 1:colcon.colcon_core.environment:checking '/home/jackfeels/Documents/PROYECTO_TURTLEBOT/install/person_tracker/bin'
[2.932s] Level 1:colcon.colcon_core.environment:create_environment_scripts_only(person_tracker)
[2.932s] INFO:colcon.colcon_core.shell:Creating package script '/home/jackfeels/Documents/PROYECTO_TURTLEBOT/install/person_tracker/share/person_tracker/package.ps1'
[2.933s] INFO:colcon.colcon_core.shell:Creating package descriptor '/home/jackfeels/Documents/PROYECTO_TURTLEBOT/install/person_tracker/share/person_tracker/package.dsv'
[2.933s] INFO:colcon.colcon_core.shell:Creating package script '/home/jackfeels/Documents/PROYECTO_TURTLEBOT/install/person_tracker/share/person_tracker/package.sh'
[2.933s] INFO:colcon.colcon_core.shell:Creating package script '/home/jackfeels/Documents/PROYECTO_TURTLEBOT/install/person_tracker/share/person_tracker/package.bash'
[2.933s] INFO:colcon.colcon_core.shell:Creating package script '/home/jackfeels/Documents/PROYECTO_TURTLEBOT/install/person_tracker/share/person_tracker/package.zsh'
[2.934s] Level 1:colcon.colcon_core.environment:create_file_with_runtime_dependencies(/home/jackfeels/Documents/PROYECTO_TURTLEBOT/install/person_tracker/share/colcon-core/packages/person_tracker)
[3.040s] Level 1:colcon.colcon_core.environment:checking '/home/jackfeels/Documents/PROYECTO_TURTLEBOT/install/target_selector' for CMake module files
[3.041s] DEBUG:colcon.colcon_core.event_handler.log_command:Invoked command in '/home/jackfeels/Documents/PROYECTO_TURTLEBOT/src/target_selector' returned '0': CMAKE_PREFIX_PATH=/home/jackfeels/Documents/PROYECTO_TURTLEBOT/install/tb3_interfaces:${CMAKE_PREFIX_PATH} LD_LIBRARY_PATH=/home/jackfeels/Documents/PROYECTO_TURTLEBOT/install/tb3_interfaces/lib:${LD_LIBRARY_PATH} PKG_CONFIG_PATH=/home/jackfeels/Documents/PROYECTO_TURTLEBOT/install/tb3_interfaces/lib/aarch64-linux-gnu/pkgconfig:/home/jackfeels/Documents/PROYECTO_TURTLEBOT/install/tb3_interfaces/lib/pkgconfig PYTHONPATH=/home/jackfeels/Documents/PROYECTO_TURTLEBOT/build/target_selector/prefix_override:/usr/lib/python3/dist-packages/colcon_core/task/python/colcon_distutils_commands:/home/jackfeels/Documents/PROYECTO_TURTLEBOT/install/target_selector/lib/python3.10/site-packages:/home/jackfeels/Documents/PROYECTO_TURTLEBOT/install/tb3_interfaces/local/lib/python3.10/dist-packages:${PYTHONPATH} ROS_PACKAGE_PATH=/home/jackfeels/Documents/PROYECTO_TURTLEBOT/install/tb3_interfaces/share /usr/bin/python3 -W ignore:setup.py install is deprecated -W ignore:easy_install command is deprecated setup.py egg_info --egg-base ../../build/target_selector build --build-base /home/jackfeels/Documents/PROYECTO_TURTLEBOT/build/target_selector/build install --record /home/jackfeels/Documents/PROYECTO_TURTLEBOT/build/target_selector/install.log --single-version-externally-managed install_data
[3.041s] Level 1:colcon.colcon_core.environment:checking '/home/jackfeels/Documents/PROYECTO_TURTLEBOT/install/target_selector' for CMake config files
[3.041s] Level 1:colcon.colcon_core.environment:checking '/home/jackfeels/Documents/PROYECTO_TURTLEBOT/install/target_selector/lib'
[3.042s] Level 1:colcon.colcon_core.environment:checking '/home/jackfeels/Documents/PROYECTO_TURTLEBOT/install/target_selector/bin'
[3.042s] Level 1:colcon.colcon_core.environment:checking '/home/jackfeels/Documents/PROYECTO_TURTLEBOT/install/target_selector/lib/pkgconfig/target_selector.pc'
[3.042s] Level 1:colcon.colcon_core.environment:checking '/home/jackfeels/Documents/PROYECTO_TURTLEBOT/install/target_selector/lib/python3.10/site-packages'
[3.042s] Level 1:colcon.colcon_core.shell:create_environment_hook('target_selector', 'pythonpath')
[3.042s] INFO:colcon.colcon_core.shell:Creating environment hook '/home/jackfeels/Documents/PROYECTO_TURTLEBOT/install/target_selector/share/target_selector/hook/pythonpath.ps1'
[3.042s] INFO:colcon.colcon_core.shell:Creating environment descriptor '/home/jackfeels/Documents/PROYECTO_TURTLEBOT/install/target_selector/share/target_selector/hook/pythonpath.dsv'
[3.042s] INFO:colcon.colcon_core.shell:Creating environment hook '/home/jackfeels/Documents/PROYECTO_TURTLEBOT/install/target_selector/share/target_selector/hook/pythonpath.sh'
[3.043s] Level 1:colcon.colcon_core.environment:checking '/home/jackfeels/Documents/PROYECTO_TURTLEBOT/install/target_selector/bin'
[3.043s] Level 1:colcon.colcon_core.environment:create_environment_scripts_only(target_selector)
[3.043s] INFO:colcon.colcon_core.shell:Creating package script '/home/jackfeels/Documents/PROYECTO_TURTLEBOT/install/target_selector/share/target_selector/package.ps1'
[3.043s] INFO:colcon.colcon_core.shell:Creating package descriptor '/home/jackfeels/Documents/PROYECTO_TURTLEBOT/install/target_selector/share/target_selector/package.dsv'
[3.043s] INFO:colcon.colcon_core.shell:Creating package script '/home/jackfeels/Documents/PROYECTO_TURTLEBOT/install/target_selector/share/target_selector/package.sh'
[3.043s] INFO:colcon.colcon_core.shell:Creating package script '/home/jackfeels/Documents/PROYECTO_TURTLEBOT/install/target_selector/share/target_selector/package.bash'
[3.044s] INFO:colcon.colcon_core.shell:Creating package script '/home/jackfeels/Documents/PROYECTO_TURTLEBOT/install/target_selector/share/target_selector/package.zsh'
[3.044s] Level 1:colcon.colcon_core.environment:create_file_with_runtime_dependencies(/home/jackfeels/Documents/PROYECTO_TURTLEBOT/install/target_selector/share/colcon-core/packages/target_selector)
[3.045s] DEBUG:colcon.colcon_parallel_executor.executor.parallel:closing loop
[3.045s] DEBUG:colcon.colcon_parallel_executor.executor.parallel:loop closed
[3.045s] DEBUG:colcon.colcon_parallel_executor.executor.parallel:run_until_complete finished with '0'
[3.045s] DEBUG:colcon.colcon_core.event_reactor:joining thread
[3.055s] INFO:colcon.colcon_core.plugin_system:Skipping extension 'colcon_notification.desktop_notification.terminal_notifier': Not used on non-Darwin systems
[3.055s] INFO:colcon.colcon_core.plugin_system:Skipping extension 'colcon_notification.desktop_notification.win32': Not used on non-Windows systems
[3.055s] INFO:colcon.colcon_notification.desktop_notification:Sending desktop notification using 'notify2'
[3.085s] DEBUG:colcon.colcon_core.event_reactor:joined thread
[3.085s] INFO:colcon.colcon_core.shell:Creating prefix script '/home/jackfeels/Documents/PROYECTO_TURTLEBOT/install/local_setup.ps1'
[3.086s] INFO:colcon.colcon_core.shell:Creating prefix util module '/home/jackfeels/Documents/PROYECTO_TURTLEBOT/install/_local_setup_util_ps1.py'
[3.087s] INFO:colcon.colcon_core.shell:Creating prefix chain script '/home/jackfeels/Documents/PROYECTO_TURTLEBOT/install/setup.ps1'
[3.089s] INFO:colcon.colcon_core.shell:Creating prefix script '/home/jackfeels/Documents/PROYECTO_TURTLEBOT/install/local_setup.sh'
[3.089s] INFO:colcon.colcon_core.shell:Creating prefix util module '/home/jackfeels/Documents/PROYECTO_TURTLEBOT/install/_local_setup_util_sh.py'
[3.090s] INFO:colcon.colcon_core.shell:Creating prefix chain script '/home/jackfeels/Documents/PROYECTO_TURTLEBOT/install/setup.sh'
[3.091s] INFO:colcon.colcon_core.shell:Creating prefix script '/home/jackfeels/Documents/PROYECTO_TURTLEBOT/install/local_setup.bash'
[3.092s] INFO:colcon.colcon_core.shell:Creating prefix chain script '/home/jackfeels/Documents/PROYECTO_TURTLEBOT/install/setup.bash'
[3.096s] INFO:colcon.colcon_core.shell:Creating prefix script '/home/jackfeels/Documents/PROYECTO_TURTLEBOT/install/local_setup.zsh'
[3.099s] INFO:colcon.colcon_core.shell:Creating prefix chain script '/home/jackfeels/Documents/PROYECTO_TURTLEBOT/install/setup.zsh'
