[1.013s] Invoking command in '/home/jackfeels/Documents/PROYECTO_TURTLEBOT/src/tb3_bringup_custom': PYTHONPATH=/home/jackfeels/Documents/PROYECTO_TURTLEBOT/build/tb3_bringup_custom/prefix_override:/usr/lib/python3/dist-packages/colcon_core/task/python/colcon_distutils_commands:/home/jackfeels/Documents/PROYECTO_TURTLEBOT/install/tb3_bringup_custom/lib/python3.10/site-packages:${PYTHONPATH} /usr/bin/python3 -W ignore:setup.py install is deprecated -W ignore:easy_install command is deprecated setup.py egg_info --egg-base ../../build/tb3_bringup_custom build --build-base /home/jackfeels/Documents/PROYECTO_TURTLEBOT/build/tb3_bringup_custom/build install --record /home/jackfeels/Documents/PROYECTO_TURTLEBOT/build/tb3_bringup_custom/install.log --single-version-externally-managed install_data
[1.299s] running egg_info
[1.317s] writing ../../build/tb3_bringup_custom/tb3_bringup_custom.egg-info/PKG-INFO
[1.317s] writing dependency_links to ../../build/tb3_bringup_custom/tb3_bringup_custom.egg-info/dependency_links.txt
[1.317s] writing requirements to ../../build/tb3_bringup_custom/tb3_bringup_custom.egg-info/requires.txt
[1.317s] writing top-level names to ../../build/tb3_bringup_custom/tb3_bringup_custom.egg-info/top_level.txt
[1.381s] reading manifest file '../../build/tb3_bringup_custom/tb3_bringup_custom.egg-info/SOURCES.txt'
[1.383s] writing manifest file '../../build/tb3_bringup_custom/tb3_bringup_custom.egg-info/SOURCES.txt'
[1.386s] running build
[1.386s] running build_py
[1.387s] copying tb3_bringup_custom/__init__.py -> /home/jackfeels/Documents/PROYECTO_TURTLEBOT/build/tb3_bringup_custom/build/lib/tb3_bringup_custom
[1.387s] running install
[1.394s] running install_lib
[1.416s] running install_data
[1.417s] copying resource/tb3_bringup_custom -> /home/jackfeels/Documents/PROYECTO_TURTLEBOT/install/tb3_bringup_custom/share/ament_index/resource_index/packages
[1.417s] copying package.xml -> /home/jackfeels/Documents/PROYECTO_TURTLEBOT/install/tb3_bringup_custom/share/tb3_bringup_custom
[1.418s] copying launch/follow_demo.launch.py -> /home/jackfeels/Documents/PROYECTO_TURTLEBOT/install/tb3_bringup_custom/share/tb3_bringup_custom/launch
[1.419s] running install_egg_info
[1.455s] removing '/home/jackfeels/Documents/PROYECTO_TURTLEBOT/install/tb3_bringup_custom/lib/python3.10/site-packages/tb3_bringup_custom-0.0.1-py3.10.egg-info' (and everything under it)
[1.457s] Copying ../../build/tb3_bringup_custom/tb3_bringup_custom.egg-info to /home/jackfeels/Documents/PROYECTO_TURTLEBOT/install/tb3_bringup_custom/lib/python3.10/site-packages/tb3_bringup_custom-0.0.1-py3.10.egg-info
[1.458s] running install_scripts
[1.511s] writing list of installed files to '/home/jackfeels/Documents/PROYECTO_TURTLEBOT/build/tb3_bringup_custom/install.log'
[1.694s] Invoked command in '/home/jackfeels/Documents/PROYECTO_TURTLEBOT/src/tb3_bringup_custom' returned '0': PYTHONPATH=/home/jackfeels/Documents/PROYECTO_TURTLEBOT/build/tb3_bringup_custom/prefix_override:/usr/lib/python3/dist-packages/colcon_core/task/python/colcon_distutils_commands:/home/jackfeels/Documents/PROYECTO_TURTLEBOT/install/tb3_bringup_custom/lib/python3.10/site-packages:${PYTHONPATH} /usr/bin/python3 -W ignore:setup.py install is deprecated -W ignore:easy_install command is deprecated setup.py egg_info --egg-base ../../build/tb3_bringup_custom build --build-base /home/jackfeels/Documents/PROYECTO_TURTLEBOT/build/tb3_bringup_custom/build install --record /home/jackfeels/Documents/PROYECTO_TURTLEBOT/build/tb3_bringup_custom/install.log --single-version-externally-managed install_data
