running egg_info
writing ../../build/follow_controller/follow_controller.egg-info/PKG-INFO
writing dependency_links to ../../build/follow_controller/follow_controller.egg-info/dependency_links.txt
writing entry points to ../../build/follow_controller/follow_controller.egg-info/entry_points.txt
writing requirements to ../../build/follow_controller/follow_controller.egg-info/requires.txt
writing top-level names to ../../build/follow_controller/follow_controller.egg-info/top_level.txt
reading manifest file '../../build/follow_controller/follow_controller.egg-info/SOURCES.txt'
writing manifest file '../../build/follow_controller/follow_controller.egg-info/SOURCES.txt'
running build
running build_py
copying follow_controller/follow_controller_node.py -> /home/jackfeels/Documents/PROYECTO_TURTLEBOT/build/follow_controller/build/lib/follow_controller
copying follow_controller/__init__.py -> /home/jackfeels/Documents/PROYECTO_TURTLEBOT/build/follow_controller/build/lib/follow_controller
running install
running install_lib
copying /home/jackfeels/Documents/PROYECTO_TURTLEBOT/build/follow_controller/build/lib/follow_controller/follow_controller_node.py -> /home/jackfeels/Documents/PROYECTO_TURTLEBOT/install/follow_controller/lib/python3.10/site-packages/follow_controller
byte-compiling /home/jackfeels/Documents/PROYECTO_TURTLEBOT/install/follow_controller/lib/python3.10/site-packages/follow_controller/follow_controller_node.py to follow_controller_node.cpython-310.pyc
running install_data
copying resource/follow_controller -> /home/jackfeels/Documents/PROYECTO_TURTLEBOT/install/follow_controller/share/ament_index/resource_index/packages
copying package.xml -> /home/jackfeels/Documents/PROYECTO_TURTLEBOT/install/follow_controller/share/follow_controller
running install_egg_info
removing '/home/jackfeels/Documents/PROYECTO_TURTLEBOT/install/follow_controller/lib/python3.10/site-packages/follow_controller-0.0.1-py3.10.egg-info' (and everything under it)
Copying ../../build/follow_controller/follow_controller.egg-info to /home/jackfeels/Documents/PROYECTO_TURTLEBOT/install/follow_controller/lib/python3.10/site-packages/follow_controller-0.0.1-py3.10.egg-info
running install_scripts
Installing follow_controller_node script to /home/jackfeels/Documents/PROYECTO_TURTLEBOT/install/follow_controller/lib/follow_controller
writing list of installed files to '/home/jackfeels/Documents/PROYECTO_TURTLEBOT/build/follow_controller/install.log'
